Archive member included to satisfy reference by file (symbol)

/usr/lib/gcc/avr/5.4.0/../../../avr/lib/avr5/libm.a(addsf3.o)
                              build/MCAL/UART/UART_program.o (__subsf3)
/usr/lib/gcc/avr/5.4.0/../../../avr/lib/avr5/libm.a(addsf3x.o)
                              /usr/lib/gcc/avr/5.4.0/../../../avr/lib/avr5/libm.a(addsf3.o) (__addsf3x)
/usr/lib/gcc/avr/5.4.0/../../../avr/lib/avr5/libm.a(atan2.o)
                              build/HAL/MPU9250/MPU9250_Program.o (atan2)
/usr/lib/gcc/avr/5.4.0/../../../avr/lib/avr5/libm.a(atan.o)
                              /usr/lib/gcc/avr/5.4.0/../../../avr/lib/avr5/libm.a(atan2.o) (atan)
/usr/lib/gcc/avr/5.4.0/../../../avr/lib/avr5/libm.a(cmpsf2.o)
                              build/MCAL/UART/UART_program.o (__ltsf2)
/usr/lib/gcc/avr/5.4.0/../../../avr/lib/avr5/libm.a(cos.o)
                              build/HAL/MPU9250/MPU9250_Program.o (cos)
/usr/lib/gcc/avr/5.4.0/../../../avr/lib/avr5/libm.a(divsf3.o)
                              build/HAL/MPU9250/MPU9250_Program.o (__divsf3)
/usr/lib/gcc/avr/5.4.0/../../../avr/lib/avr5/libm.a(divsf3x.o)
                              /usr/lib/gcc/avr/5.4.0/../../../avr/lib/avr5/libm.a(divsf3.o) (__divsf3x)
/usr/lib/gcc/avr/5.4.0/../../../avr/lib/avr5/libm.a(fixsfsi.o)
                              build/MCAL/UART/UART_program.o (__fixsfsi)
/usr/lib/gcc/avr/5.4.0/../../../avr/lib/avr5/libm.a(fixunssfsi.o)
                              build/MCAL/UART/UART_program.o (__fixunssfsi)
/usr/lib/gcc/avr/5.4.0/../../../avr/lib/avr5/libm.a(floatsisf.o)
                              build/HAL/ULTRASO/ULTRASO_program.o (__floatunsisf)
/usr/lib/gcc/avr/5.4.0/../../../avr/lib/avr5/libm.a(fp_cmp.o)
                              /usr/lib/gcc/avr/5.4.0/../../../avr/lib/avr5/libm.a(cmpsf2.o) (__fp_cmp)
/usr/lib/gcc/avr/5.4.0/../../../avr/lib/avr5/libm.a(fp_inf.o)
                              /usr/lib/gcc/avr/5.4.0/../../../avr/lib/avr5/libm.a(addsf3x.o) (__fp_inf)
/usr/lib/gcc/avr/5.4.0/../../../avr/lib/avr5/libm.a(fp_nan.o)
                              /usr/lib/gcc/avr/5.4.0/../../../avr/lib/avr5/libm.a(addsf3x.o) (__fp_nan)
/usr/lib/gcc/avr/5.4.0/../../../avr/lib/avr5/libm.a(fp_powser.o)
                              /usr/lib/gcc/avr/5.4.0/../../../avr/lib/avr5/libm.a(atan.o) (__fp_powser)
/usr/lib/gcc/avr/5.4.0/../../../avr/lib/avr5/libm.a(fp_pscA.o)
                              /usr/lib/gcc/avr/5.4.0/../../../avr/lib/avr5/libm.a(addsf3x.o) (__fp_pscA)
/usr/lib/gcc/avr/5.4.0/../../../avr/lib/avr5/libm.a(fp_pscB.o)
                              /usr/lib/gcc/avr/5.4.0/../../../avr/lib/avr5/libm.a(addsf3x.o) (__fp_pscB)
/usr/lib/gcc/avr/5.4.0/../../../avr/lib/avr5/libm.a(fp_rempio2.o)
                              /usr/lib/gcc/avr/5.4.0/../../../avr/lib/avr5/libm.a(cos.o) (__fp_rempio2)
/usr/lib/gcc/avr/5.4.0/../../../avr/lib/avr5/libm.a(fp_round.o)
                              /usr/lib/gcc/avr/5.4.0/../../../avr/lib/avr5/libm.a(addsf3.o) (__fp_round)
/usr/lib/gcc/avr/5.4.0/../../../avr/lib/avr5/libm.a(fp_sinus.o)
                              /usr/lib/gcc/avr/5.4.0/../../../avr/lib/avr5/libm.a(cos.o) (__fp_sinus)
/usr/lib/gcc/avr/5.4.0/../../../avr/lib/avr5/libm.a(fp_split3.o)
                              /usr/lib/gcc/avr/5.4.0/../../../avr/lib/avr5/libm.a(addsf3x.o) (__fp_split3)
/usr/lib/gcc/avr/5.4.0/../../../avr/lib/avr5/libm.a(fp_zero.o)
                              /usr/lib/gcc/avr/5.4.0/../../../avr/lib/avr5/libm.a(addsf3x.o) (__fp_zero)
/usr/lib/gcc/avr/5.4.0/../../../avr/lib/avr5/libm.a(gesf2.o)
                              build/APP/raspberry_pi_protocol.o (__gesf2)
/usr/lib/gcc/avr/5.4.0/../../../avr/lib/avr5/libm.a(inverse.o)
                              /usr/lib/gcc/avr/5.4.0/../../../avr/lib/avr5/libm.a(atan.o) (inverse)
/usr/lib/gcc/avr/5.4.0/../../../avr/lib/avr5/libm.a(mulsf3.o)
                              build/MCAL/UART/UART_program.o (__mulsf3)
/usr/lib/gcc/avr/5.4.0/../../../avr/lib/avr5/libm.a(mulsf3x.o)
                              /usr/lib/gcc/avr/5.4.0/../../../avr/lib/avr5/libm.a(atan.o) (__mulsf3x)
/usr/lib/gcc/avr/5.4.0/../../../avr/lib/avr5/libm.a(sin.o)
                              build/HAL/MPU9250/MPU9250_Program.o (sin)
/usr/lib/gcc/avr/5.4.0/../../../avr/lib/avr5/libm.a(sqrt.o)
                              build/HAL/MPU9250/MPU9250_Program.o (sqrtf)
/usr/lib/gcc/avr/5.4.0/../../../avr/lib/avr5/libm.a(square.o)
                              /usr/lib/gcc/avr/5.4.0/../../../avr/lib/avr5/libm.a(atan.o) (square)
/usr/lib/gcc/avr/5.4.0/../../../avr/lib/avr5/libm.a(fp_mpack.o)
                              /usr/lib/gcc/avr/5.4.0/../../../avr/lib/avr5/libm.a(sqrt.o) (__fp_mpack)
/usr/lib/gcc/avr/5.4.0/../../../avr/lib/avr5/libm.a(fp_norm2.o)
                              /usr/lib/gcc/avr/5.4.0/../../../avr/lib/avr5/libm.a(sqrt.o) (__fp_norm2)
/usr/lib/gcc/avr/5.4.0/../../../avr/lib/avr5/libm.a(fp_powsodd.o)
                              /usr/lib/gcc/avr/5.4.0/../../../avr/lib/avr5/libm.a(fp_sinus.o) (__fp_powsodd)
/usr/lib/gcc/avr/5.4.0/avr5/libgcc.a(_divmodhi4.o)
                              build/MCAL/TIMER0/TIMR0_program.o (__divmodhi4)
/usr/lib/gcc/avr/5.4.0/avr5/libgcc.a(_udivmodsi4.o)
                              build/HAL/ULTRASO/ULTRASO_program.o (__udivmodsi4)
/usr/lib/gcc/avr/5.4.0/avr5/libgcc.a(_divmodsi4.o)
                              build/MCAL/String/String.o (__divmodsi4)
/usr/lib/gcc/avr/5.4.0/avr5/libgcc.a(_negsi2.o)
                              /usr/lib/gcc/avr/5.4.0/avr5/libgcc.a(_divmodsi4.o) (__negsi2)
/usr/lib/gcc/avr/5.4.0/avr5/libgcc.a(_exit.o)
                              /usr/lib/gcc/avr/5.4.0/../../../avr/lib/avr5/crtatmega32a.o (exit)
/usr/lib/gcc/avr/5.4.0/avr5/libgcc.a(_tablejump2.o)
                              build/MCAL/ADC/ADC_program.o (__tablejump2__)
/usr/lib/gcc/avr/5.4.0/avr5/libgcc.a(_copy_data.o)
                              build/MCAL/SPI/SPI.o (__do_copy_data)
/usr/lib/gcc/avr/5.4.0/avr5/libgcc.a(_clear_bss.o)
                              build/main.o (__do_clear_bss)
/usr/lib/gcc/avr/5.4.0/avr5/libgcc.a(_umulhisi3.o)
                              build/HAL/ULTRASO/ULTRASO_program.o (__umulhisi3)
/usr/lib/gcc/avr/5.4.0/avr5/libgcc.a(_udivmodhi4.o)
                              /usr/lib/gcc/avr/5.4.0/avr5/libgcc.a(_divmodhi4.o) (__udivmodhi4)

Discarded input sections

 .data          0x0000000000000000        0x0 /usr/lib/gcc/avr/5.4.0/../../../avr/lib/avr5/crtatmega32a.o
 .bss           0x0000000000000000        0x0 /usr/lib/gcc/avr/5.4.0/../../../avr/lib/avr5/crtatmega32a.o
 .text          0x0000000000000000        0x0 build/main.o
 .data          0x0000000000000000        0x0 build/main.o
 .bss           0x0000000000000000        0x0 build/main.o
 .text          0x0000000000000000        0x0 build/APP/raspberry_pi_protocol.o
 .data          0x0000000000000000        0x0 build/APP/raspberry_pi_protocol.o
 .bss           0x0000000000000000        0x0 build/APP/raspberry_pi_protocol.o
 .text.Handle_MotorStop
                0x0000000000000000        0x4 build/APP/raspberry_pi_protocol.o
 .text          0x0000000000000000        0x0 build/MCAL/DIO/DIO_program.o
 .data          0x0000000000000000        0x0 build/MCAL/DIO/DIO_program.o
 .bss           0x0000000000000000        0x0 build/MCAL/DIO/DIO_program.o
 .text.DIO_togglePinValue
                0x0000000000000000       0x64 build/MCAL/DIO/DIO_program.o
 .text.DIO_getPinValue
                0x0000000000000000       0x4a build/MCAL/DIO/DIO_program.o
 .text.DIO_activePullUp
                0x0000000000000000       0x64 build/MCAL/DIO/DIO_program.o
 .text.DIO_setPortDirection
                0x0000000000000000       0x5c build/MCAL/DIO/DIO_program.o
 .text.DIO_setPortValue
                0x0000000000000000       0x5c build/MCAL/DIO/DIO_program.o
 .text.DIO_togglePortValue
                0x0000000000000000       0x30 build/MCAL/DIO/DIO_program.o
 .text.DIO_getPortValue
                0x0000000000000000       0xae build/MCAL/DIO/DIO_program.o
 .text.DIO_activePortPullUp
                0x0000000000000000       0x30 build/MCAL/DIO/DIO_program.o
 .text          0x0000000000000000        0x0 build/MCAL/ADC/ADC_program.o
 .data          0x0000000000000000        0x0 build/MCAL/ADC/ADC_program.o
 .bss           0x0000000000000000        0x0 build/MCAL/ADC/ADC_program.o
 .text.ADC_Initi
                0x0000000000000000       0x2a build/MCAL/ADC/ADC_program.o
 .text.ADC_GetDigitalValue
                0x0000000000000000       0x66 build/MCAL/ADC/ADC_program.o
 .progmem.gcc_sw_table.ADC_GetDigitalValue
                0x0000000000000000        0xe build/MCAL/ADC/ADC_program.o
 .comment       0x0000000000000000       0x12 build/MCAL/ADC/ADC_program.o
 .text          0x0000000000000000        0x0 build/MCAL/EEPROM/EEPROM_Prg.o
 .data          0x0000000000000000        0x0 build/MCAL/EEPROM/EEPROM_Prg.o
 .bss           0x0000000000000000        0x0 build/MCAL/EEPROM/EEPROM_Prg.o
 .text.EEPROM_Write
                0x0000000000000000       0x14 build/MCAL/EEPROM/EEPROM_Prg.o
 .text.EEPROM_Read
                0x0000000000000000        0xe build/MCAL/EEPROM/EEPROM_Prg.o
 .text.EEPROM_InterruptEnable
                0x0000000000000000        0x4 build/MCAL/EEPROM/EEPROM_Prg.o
 .text.EEPROM_InterruptDisable
                0x0000000000000000        0x4 build/MCAL/EEPROM/EEPROM_Prg.o
 .text.EEPROM_SetCallback
                0x0000000000000000        0xa build/MCAL/EEPROM/EEPROM_Prg.o
 .text          0x0000000000000000        0x0 build/MCAL/GIE/GI_program.o
 .data          0x0000000000000000        0x0 build/MCAL/GIE/GI_program.o
 .bss           0x0000000000000000        0x0 build/MCAL/GIE/GI_program.o
 .text.GIE_Initi
                0x0000000000000000       0x16 build/MCAL/GIE/GI_program.o
 .comment       0x0000000000000000       0x12 build/MCAL/GIE/GI_program.o
 .text          0x0000000000000000        0x0 build/MCAL/EXIT/EXIT_program.o
 .data          0x0000000000000000        0x0 build/MCAL/EXIT/EXIT_program.o
 .bss           0x0000000000000000        0x0 build/MCAL/EXIT/EXIT_program.o
 .text.EXIT_Enable
                0x0000000000000000       0xb4 build/MCAL/EXIT/EXIT_program.o
 .text.EXIT_Disable
                0x0000000000000000       0x24 build/MCAL/EXIT/EXIT_program.o
 .text.EXIT_CallBack
                0x0000000000000000        0xe build/MCAL/EXIT/EXIT_program.o
 .text          0x0000000000000000        0x0 build/MCAL/SPI/SPI.o
 .data          0x0000000000000000        0x0 build/MCAL/SPI/SPI.o
 .bss           0x0000000000000000        0x0 build/MCAL/SPI/SPI.o
 .text.SPI_vInitMaster
                0x0000000000000000       0x10 build/MCAL/SPI/SPI.o
 .text.SPI_vInitMasterEx
                0x0000000000000000       0x46 build/MCAL/SPI/SPI.o
 .progmem.gcc_sw_table.SPI_vInitMasterEx
                0x0000000000000000        0xe build/MCAL/SPI/SPI.o
 .text.SPI_vInitMasterConfig
                0x0000000000000000       0x5a build/MCAL/SPI/SPI.o
 .progmem.gcc_sw_table.SPI_vInitMasterConfig
                0x0000000000000000        0xe build/MCAL/SPI/SPI.o
 .text.SPI_vInitSlave
                0x0000000000000000        0xe build/MCAL/SPI/SPI.o
 .text.SPI_vInitSlaveEx
                0x0000000000000000       0x16 build/MCAL/SPI/SPI.o
 .text.SPI_ui8TransmitRecive
                0x0000000000000000       0x28 build/MCAL/SPI/SPI.o
 .text.SPI_vTransmitBuffer
                0x0000000000000000       0x32 build/MCAL/SPI/SPI.o
 .text.SPI_vReceiveBuffer
                0x0000000000000000       0x34 build/MCAL/SPI/SPI.o
 .text.SPI_vTransferBuffer
                0x0000000000000000       0x48 build/MCAL/SPI/SPI.o
 .text.SPI_vSlaveSelect
                0x0000000000000000        0x4 build/MCAL/SPI/SPI.o
 .text.SPI_vSlaveDeselect
                0x0000000000000000        0x4 build/MCAL/SPI/SPI.o
 .text.SPI_vCustomSlaveSelect
                0x0000000000000000       0x1c build/MCAL/SPI/SPI.o
 .text.SPI_vCustomSlaveDeselect
                0x0000000000000000       0x1a build/MCAL/SPI/SPI.o
 .text.SPI_u8IsBusy
                0x0000000000000000        0xc build/MCAL/SPI/SPI.o
 .text.SPI_u8GetError
                0x0000000000000000        0xa build/MCAL/SPI/SPI.o
 .text.SPI_vClearError
                0x0000000000000000       0x1c build/MCAL/SPI/SPI.o
 .text.SPI_vSetClockSpeed
                0x0000000000000000       0x36 build/MCAL/SPI/SPI.o
 .progmem.gcc_sw_table.SPI_vSetClockSpeed
                0x0000000000000000        0xe build/MCAL/SPI/SPI.o
 .text.SPI_vSetMode
                0x0000000000000000       0x10 build/MCAL/SPI/SPI.o
 .text.SPI_vSetDataOrder
                0x0000000000000000        0xc build/MCAL/SPI/SPI.o
 .text.SPI_vEnable
                0x0000000000000000        0x4 build/MCAL/SPI/SPI.o
 .text.SPI_vDisable
                0x0000000000000000        0x4 build/MCAL/SPI/SPI.o
 .text.SPI_u8GetClockSpeed
                0x0000000000000000       0x32 build/MCAL/SPI/SPI.o
 .text.SPI_u8GetMode
                0x0000000000000000       0x10 build/MCAL/SPI/SPI.o
 .rodata.CSWTCH.31
                0x0000000000000000        0x3 build/MCAL/SPI/SPI.o
 .comment       0x0000000000000000       0x12 build/MCAL/SPI/SPI.o
 .text          0x0000000000000000        0x0 build/MCAL/String/String.o
 .data          0x0000000000000000        0x0 build/MCAL/String/String.o
 .bss           0x0000000000000000        0x0 build/MCAL/String/String.o
 .text.Remove_string
                0x0000000000000000       0x18 build/MCAL/String/String.o
 .text.string_length
                0x0000000000000000       0x16 build/MCAL/String/String.o
 .text.string_reverse
                0x0000000000000000       0x3e build/MCAL/String/String.o
 .text.string_compare
                0x0000000000000000       0x18 build/MCAL/String/String.o
 .text.NUM_tostring
                0x0000000000000000       0xb2 build/MCAL/String/String.o
 .comment       0x0000000000000000       0x12 build/MCAL/String/String.o
 .text          0x0000000000000000        0x0 build/MCAL/TIMER0/TIMR0_program.o
 .data          0x0000000000000000        0x0 build/MCAL/TIMER0/TIMR0_program.o
 .bss           0x0000000000000000        0x0 build/MCAL/TIMER0/TIMR0_program.o
 .text.TIMR0_Stop
                0x0000000000000000       0x14 build/MCAL/TIMER0/TIMR0_program.o
 .text.TIMR0_SetCompareMatch
                0x0000000000000000        0x4 build/MCAL/TIMER0/TIMR0_program.o
 .text.TIMR0_MS_Delay
                0x0000000000000000        0xe build/MCAL/TIMER0/TIMR0_program.o
 .text.TIMR0_CallBackOVF
                0x0000000000000000        0xe build/MCAL/TIMER0/TIMR0_program.o
 .text.TIMR0_CallBackCTC
                0x0000000000000000        0xe build/MCAL/TIMER0/TIMR0_program.o
 .text          0x0000000000000000        0x0 build/MCAL/TIMER1/VERSION_2_ULTRA_SONIC/TIMR1_program.o
 .data          0x0000000000000000        0x0 build/MCAL/TIMER1/VERSION_2_ULTRA_SONIC/TIMR1_program.o
 .bss           0x0000000000000000        0x0 build/MCAL/TIMER1/VERSION_2_ULTRA_SONIC/TIMR1_program.o
 .text          0x0000000000000000        0x0 build/MCAL/TWI/TWI_program.o
 .data          0x0000000000000000        0x0 build/MCAL/TWI/TWI_program.o
 .bss           0x0000000000000000        0x0 build/MCAL/TWI/TWI_program.o
 .text.TWI_start
                0x0000000000000000        0x4 build/MCAL/TWI/TWI_program.o
 .text.TWI_stop
                0x0000000000000000        0x4 build/MCAL/TWI/TWI_program.o
 .text.TWI_writeByte
                0x0000000000000000        0x4 build/MCAL/TWI/TWI_program.o
 .text.TWI_readByteWithACK
                0x0000000000000000       0x1c build/MCAL/TWI/TWI_program.o
 .text.TWI_readByteWithNACK
                0x0000000000000000       0x1c build/MCAL/TWI/TWI_program.o
 .text          0x0000000000000000        0x0 build/MCAL/UART/UART_program.o
 .data          0x0000000000000000        0x0 build/MCAL/UART/UART_program.o
 .bss           0x0000000000000000        0x0 build/MCAL/UART/UART_program.o
 .text.UART_RX_Char
                0x0000000000000000       0x10 build/MCAL/UART/UART_program.o
 .text.UART_TX_String
                0x0000000000000000       0x2a build/MCAL/UART/UART_program.o
 .text.UART_RX_String
                0x0000000000000000       0x48 build/MCAL/UART/UART_program.o
 .text.UART_RX_Available
                0x0000000000000000        0xa build/MCAL/UART/UART_program.o
 .text.UART_TX_Number
                0x0000000000000000      0x108 build/MCAL/UART/UART_program.o
 .text.UART_TX_Float
                0x0000000000000000       0xe2 build/MCAL/UART/UART_program.o
 .text.UART_Read
                0x0000000000000000        0x8 build/MCAL/UART/UART_program.o
 .text.UART_SendString
                0x0000000000000000       0x18 build/MCAL/UART/UART_program.o
 .text          0x0000000000000000        0x0 build/MCAL/WTD/WDT_program.o
 .data          0x0000000000000000        0x0 build/MCAL/WTD/WDT_program.o
 .bss           0x0000000000000000        0x0 build/MCAL/WTD/WDT_program.o
 .text.WDT_Stop
                0x0000000000000000        0x8 build/MCAL/WTD/WDT_program.o
 .text.WDT_Reset
                0x0000000000000000        0x4 build/MCAL/WTD/WDT_program.o
 .text.WDT_Disable
                0x0000000000000000        0x4 build/MCAL/WTD/WDT_program.o
 .text          0x0000000000000000        0x0 build/HAL/Buzzer/BUZZER_Program.o
 .data          0x0000000000000000        0x0 build/HAL/Buzzer/BUZZER_Program.o
 .bss           0x0000000000000000        0x0 build/HAL/Buzzer/BUZZER_Program.o
 .text          0x0000000000000000        0x0 build/HAL/DCM/DCM_program.o
 .data          0x0000000000000000        0x0 build/HAL/DCM/DCM_program.o
 .bss           0x0000000000000000        0x0 build/HAL/DCM/DCM_program.o
 .text.DCM_Inti_Motor_A
                0x0000000000000000        0x4 build/HAL/DCM/DCM_program.o
 .text.DCM_Inti_Motor_B
                0x0000000000000000        0x4 build/HAL/DCM/DCM_program.o
 .text.DCM_OFF  0x0000000000000000        0xa build/HAL/DCM/DCM_program.o
 .text.DCM_Group1_OFF
                0x0000000000000000        0xc build/HAL/DCM/DCM_program.o
 .text.DCM_Group2_OFF
                0x0000000000000000        0xc build/HAL/DCM/DCM_program.o
 .text.DCM_Move_Forward
                0x0000000000000000       0x14 build/HAL/DCM/DCM_program.o
 .text.DCM_Move_Backward
                0x0000000000000000       0x14 build/HAL/DCM/DCM_program.o
 .text.DCM_Turn_Right
                0x0000000000000000       0x14 build/HAL/DCM/DCM_program.o
 .text.DCM_Turn_Left
                0x0000000000000000       0x14 build/HAL/DCM/DCM_program.o
 .text          0x0000000000000000        0x0 build/HAL/LCD/LCD_program.o
 .data          0x0000000000000000        0x0 build/HAL/LCD/LCD_program.o
 .bss           0x0000000000000000        0x0 build/HAL/LCD/LCD_program.o
 .text.LCD_writeByte
                0x0000000000000000       0x28 build/HAL/LCD/LCD_program.o
 .text.LCD_pulseEnable
                0x0000000000000000       0x2a build/HAL/LCD/LCD_program.o
 .text.LCD_sendNibble
                0x0000000000000000       0x24 build/HAL/LCD/LCD_program.o
 .text.LCD_sendCommand
                0x0000000000000000       0x38 build/HAL/LCD/LCD_program.o
 .text.LCD_sendChar
                0x0000000000000000       0x28 build/HAL/LCD/LCD_program.o
 .text.LCD_writeString
                0x0000000000000000       0x2a build/HAL/LCD/LCD_program.o
 .text.LCD_clear
                0x0000000000000000       0x14 build/HAL/LCD/LCD_program.o
 .text.LCD_writeNumber
                0x0000000000000000       0x3a build/HAL/LCD/LCD_program.o
 .text.LCD_writeSignedNumber
                0x0000000000000000        0x4 build/HAL/LCD/LCD_program.o
 .text.LCD_goTo
                0x0000000000000000       0x24 build/HAL/LCD/LCD_program.o
 .text.LCD_clearPosition
                0x0000000000000000       0x1e build/HAL/LCD/LCD_program.o
 .text.LCD_clearLine
                0x0000000000000000       0x24 build/HAL/LCD/LCD_program.o
 .text.LCD_backlightOn
                0x0000000000000000        0xc build/HAL/LCD/LCD_program.o
 .text.LCD_init
                0x0000000000000000       0xbc build/HAL/LCD/LCD_program.o
 .text.LCD_backlightOff
                0x0000000000000000        0xa build/HAL/LCD/LCD_program.o
 .text.LCD_writeFloat
                0x0000000000000000       0x9c build/HAL/LCD/LCD_program.o
 .rodata.str1.1
                0x0000000000000000      0x152 build/HAL/LCD/LCD_program.o
 .text.LCD_testBasic
                0x0000000000000000       0x38 build/HAL/LCD/LCD_program.o
 .text.LCD_testNumbers
                0x0000000000000000       0x64 build/HAL/LCD/LCD_program.o
 .text.LCD_testFloat
                0x0000000000000000       0x5c build/HAL/LCD/LCD_program.o
 .text.LCD_testAllLines
                0x0000000000000000       0x50 build/HAL/LCD/LCD_program.o
 .text.LCD_testBacklight
                0x0000000000000000       0x6a build/HAL/LCD/LCD_program.o
 .text.LCD_testStringCompare
                0x0000000000000000       0xcc build/HAL/LCD/LCD_program.o
 .text.LCD_testStringLength
                0x0000000000000000       0x86 build/HAL/LCD/LCD_program.o
 .text.LCD_testClearPosition
                0x0000000000000000       0x76 build/HAL/LCD/LCD_program.o
 .text.LCD_runAllTests
                0x0000000000000000       0xd4 build/HAL/LCD/LCD_program.o
 .data.backlightState
                0x0000000000000000        0x1 build/HAL/LCD/LCD_program.o
 .comment       0x0000000000000000       0x12 build/HAL/LCD/LCD_program.o
 .text          0x0000000000000000        0x0 build/HAL/LED/LEDS_Program.o
 .data          0x0000000000000000        0x0 build/HAL/LED/LEDS_Program.o
 .bss           0x0000000000000000        0x0 build/HAL/LED/LEDS_Program.o
 .text          0x0000000000000000        0x0 build/HAL/MPU9250/MPU9250_Program.o
 .data          0x0000000000000000        0x0 build/HAL/MPU9250/MPU9250_Program.o
 .bss           0x0000000000000000        0x0 build/HAL/MPU9250/MPU9250_Program.o
 .text.MPU9250_GetDeviceID
                0x0000000000000000        0x6 build/HAL/MPU9250/MPU9250_Program.o
 .text.MPU9250_UpdateOrientation
                0x0000000000000000      0x25a build/HAL/MPU9250/MPU9250_Program.o
 .text.MPU9250_CalibrateGyro
                0x0000000000000000      0x186 build/HAL/MPU9250/MPU9250_Program.o
 .text.MPU9250_CalibrateAccel
                0x0000000000000000      0x192 build/HAL/MPU9250/MPU9250_Program.o
 .text.MPU9250_CalibrateMag
                0x0000000000000000      0x2fc build/HAL/MPU9250/MPU9250_Program.o
 .text.MPU9250_CalibrateAll
                0x0000000000000000       0x24 build/HAL/MPU9250/MPU9250_Program.o
 .text.MPU9250_ResetCalibration
                0x0000000000000000       0x8c build/HAL/MPU9250/MPU9250_Program.o
 .text.MPU9250_Sleep
                0x0000000000000000       0x10 build/HAL/MPU9250/MPU9250_Program.o
 .text.MPU9250_Wake
                0x0000000000000000       0x1e build/HAL/MPU9250/MPU9250_Program.o
 .text.MPU9250_Reset
                0x0000000000000000       0x1c build/HAL/MPU9250/MPU9250_Program.o
 .text.MPU9250_DataReady
                0x0000000000000000       0x12 build/HAL/MPU9250/MPU9250_Program.o
 .text.MPU9250_MagReady
                0x0000000000000000       0x12 build/HAL/MPU9250/MPU9250_Program.o
 .text          0x0000000000000000        0x0 build/HAL/ULTRASO/ULTRASO_program.o
 .data          0x0000000000000000        0x0 build/HAL/ULTRASO/ULTRASO_program.o
 .bss           0x0000000000000000        0x0 build/HAL/ULTRASO/ULTRASO_program.o
 .text          0x0000000000000000        0x0 /usr/lib/gcc/avr/5.4.0/../../../avr/lib/avr5/libm.a(addsf3.o)
 .data          0x0000000000000000        0x0 /usr/lib/gcc/avr/5.4.0/../../../avr/lib/avr5/libm.a(addsf3.o)
 .bss           0x0000000000000000        0x0 /usr/lib/gcc/avr/5.4.0/../../../avr/lib/avr5/libm.a(addsf3.o)
 .text          0x0000000000000000        0x0 /usr/lib/gcc/avr/5.4.0/../../../avr/lib/avr5/libm.a(addsf3x.o)
 .data          0x0000000000000000        0x0 /usr/lib/gcc/avr/5.4.0/../../../avr/lib/avr5/libm.a(addsf3x.o)
 .bss           0x0000000000000000        0x0 /usr/lib/gcc/avr/5.4.0/../../../avr/lib/avr5/libm.a(addsf3x.o)
 .text          0x0000000000000000        0x0 /usr/lib/gcc/avr/5.4.0/../../../avr/lib/avr5/libm.a(atan2.o)
 .data          0x0000000000000000        0x0 /usr/lib/gcc/avr/5.4.0/../../../avr/lib/avr5/libm.a(atan2.o)
 .bss           0x0000000000000000        0x0 /usr/lib/gcc/avr/5.4.0/../../../avr/lib/avr5/libm.a(atan2.o)
 .text          0x0000000000000000        0x0 /usr/lib/gcc/avr/5.4.0/../../../avr/lib/avr5/libm.a(atan.o)
 .data          0x0000000000000000        0x0 /usr/lib/gcc/avr/5.4.0/../../../avr/lib/avr5/libm.a(atan.o)
 .bss           0x0000000000000000        0x0 /usr/lib/gcc/avr/5.4.0/../../../avr/lib/avr5/libm.a(atan.o)
 .text          0x0000000000000000        0x0 /usr/lib/gcc/avr/5.4.0/../../../avr/lib/avr5/libm.a(cmpsf2.o)
 .data          0x0000000000000000        0x0 /usr/lib/gcc/avr/5.4.0/../../../avr/lib/avr5/libm.a(cmpsf2.o)
 .bss           0x0000000000000000        0x0 /usr/lib/gcc/avr/5.4.0/../../../avr/lib/avr5/libm.a(cmpsf2.o)
 .text          0x0000000000000000        0x0 /usr/lib/gcc/avr/5.4.0/../../../avr/lib/avr5/libm.a(cos.o)
 .data          0x0000000000000000        0x0 /usr/lib/gcc/avr/5.4.0/../../../avr/lib/avr5/libm.a(cos.o)
 .bss           0x0000000000000000        0x0 /usr/lib/gcc/avr/5.4.0/../../../avr/lib/avr5/libm.a(cos.o)
 .text          0x0000000000000000        0x0 /usr/lib/gcc/avr/5.4.0/../../../avr/lib/avr5/libm.a(divsf3.o)
 .data          0x0000000000000000        0x0 /usr/lib/gcc/avr/5.4.0/../../../avr/lib/avr5/libm.a(divsf3.o)
 .bss           0x0000000000000000        0x0 /usr/lib/gcc/avr/5.4.0/../../../avr/lib/avr5/libm.a(divsf3.o)
 .text          0x0000000000000000        0x0 /usr/lib/gcc/avr/5.4.0/../../../avr/lib/avr5/libm.a(divsf3x.o)
 .data          0x0000000000000000        0x0 /usr/lib/gcc/avr/5.4.0/../../../avr/lib/avr5/libm.a(divsf3x.o)
 .bss           0x0000000000000000        0x0 /usr/lib/gcc/avr/5.4.0/../../../avr/lib/avr5/libm.a(divsf3x.o)
 .text          0x0000000000000000        0x0 /usr/lib/gcc/avr/5.4.0/../../../avr/lib/avr5/libm.a(fixsfsi.o)
 .data          0x0000000000000000        0x0 /usr/lib/gcc/avr/5.4.0/../../../avr/lib/avr5/libm.a(fixsfsi.o)
 .bss           0x0000000000000000        0x0 /usr/lib/gcc/avr/5.4.0/../../../avr/lib/avr5/libm.a(fixsfsi.o)
 .text.avr-libc.fplib
                0x0000000000000000        0xe /usr/lib/gcc/avr/5.4.0/../../../avr/lib/avr5/libm.a(fixsfsi.o)
 .text          0x0000000000000000        0x0 /usr/lib/gcc/avr/5.4.0/../../../avr/lib/avr5/libm.a(fixunssfsi.o)
 .data          0x0000000000000000        0x0 /usr/lib/gcc/avr/5.4.0/../../../avr/lib/avr5/libm.a(fixunssfsi.o)
 .bss           0x0000000000000000        0x0 /usr/lib/gcc/avr/5.4.0/../../../avr/lib/avr5/libm.a(fixunssfsi.o)
 .text.avr-libc.fplib
                0x0000000000000000       0x5e /usr/lib/gcc/avr/5.4.0/../../../avr/lib/avr5/libm.a(fixunssfsi.o)
 .text          0x0000000000000000        0x0 /usr/lib/gcc/avr/5.4.0/../../../avr/lib/avr5/libm.a(floatsisf.o)
 .data          0x0000000000000000        0x0 /usr/lib/gcc/avr/5.4.0/../../../avr/lib/avr5/libm.a(floatsisf.o)
 .bss           0x0000000000000000        0x0 /usr/lib/gcc/avr/5.4.0/../../../avr/lib/avr5/libm.a(floatsisf.o)
 .text          0x0000000000000000        0x0 /usr/lib/gcc/avr/5.4.0/../../../avr/lib/avr5/libm.a(fp_cmp.o)
 .data          0x0000000000000000        0x0 /usr/lib/gcc/avr/5.4.0/../../../avr/lib/avr5/libm.a(fp_cmp.o)
 .bss           0x0000000000000000        0x0 /usr/lib/gcc/avr/5.4.0/../../../avr/lib/avr5/libm.a(fp_cmp.o)
 .text          0x0000000000000000        0x0 /usr/lib/gcc/avr/5.4.0/../../../avr/lib/avr5/libm.a(fp_inf.o)
 .data          0x0000000000000000        0x0 /usr/lib/gcc/avr/5.4.0/../../../avr/lib/avr5/libm.a(fp_inf.o)
 .bss           0x0000000000000000        0x0 /usr/lib/gcc/avr/5.4.0/../../../avr/lib/avr5/libm.a(fp_inf.o)
 .text          0x0000000000000000        0x0 /usr/lib/gcc/avr/5.4.0/../../../avr/lib/avr5/libm.a(fp_nan.o)
 .data          0x0000000000000000        0x0 /usr/lib/gcc/avr/5.4.0/../../../avr/lib/avr5/libm.a(fp_nan.o)
 .bss           0x0000000000000000        0x0 /usr/lib/gcc/avr/5.4.0/../../../avr/lib/avr5/libm.a(fp_nan.o)
 .text          0x0000000000000000        0x0 /usr/lib/gcc/avr/5.4.0/../../../avr/lib/avr5/libm.a(fp_powser.o)
 .data          0x0000000000000000        0x0 /usr/lib/gcc/avr/5.4.0/../../../avr/lib/avr5/libm.a(fp_powser.o)
 .bss           0x0000000000000000        0x0 /usr/lib/gcc/avr/5.4.0/../../../avr/lib/avr5/libm.a(fp_powser.o)
 .text          0x0000000000000000        0x0 /usr/lib/gcc/avr/5.4.0/../../../avr/lib/avr5/libm.a(fp_pscA.o)
 .data          0x0000000000000000        0x0 /usr/lib/gcc/avr/5.4.0/../../../avr/lib/avr5/libm.a(fp_pscA.o)
 .bss           0x0000000000000000        0x0 /usr/lib/gcc/avr/5.4.0/../../../avr/lib/avr5/libm.a(fp_pscA.o)
 .text          0x0000000000000000        0x0 /usr/lib/gcc/avr/5.4.0/../../../avr/lib/avr5/libm.a(fp_pscB.o)
 .data          0x0000000000000000        0x0 /usr/lib/gcc/avr/5.4.0/../../../avr/lib/avr5/libm.a(fp_pscB.o)
 .bss           0x0000000000000000        0x0 /usr/lib/gcc/avr/5.4.0/../../../avr/lib/avr5/libm.a(fp_pscB.o)
 .text          0x0000000000000000        0x0 /usr/lib/gcc/avr/5.4.0/../../../avr/lib/avr5/libm.a(fp_rempio2.o)
 .data          0x0000000000000000        0x0 /usr/lib/gcc/avr/5.4.0/../../../avr/lib/avr5/libm.a(fp_rempio2.o)
 .bss           0x0000000000000000        0x0 /usr/lib/gcc/avr/5.4.0/../../../avr/lib/avr5/libm.a(fp_rempio2.o)
 .text          0x0000000000000000        0x0 /usr/lib/gcc/avr/5.4.0/../../../avr/lib/avr5/libm.a(fp_round.o)
 .data          0x0000000000000000        0x0 /usr/lib/gcc/avr/5.4.0/../../../avr/lib/avr5/libm.a(fp_round.o)
 .bss           0x0000000000000000        0x0 /usr/lib/gcc/avr/5.4.0/../../../avr/lib/avr5/libm.a(fp_round.o)
 .text          0x0000000000000000        0x0 /usr/lib/gcc/avr/5.4.0/../../../avr/lib/avr5/libm.a(fp_sinus.o)
 .data          0x0000000000000000        0x0 /usr/lib/gcc/avr/5.4.0/../../../avr/lib/avr5/libm.a(fp_sinus.o)
 .bss           0x0000000000000000        0x0 /usr/lib/gcc/avr/5.4.0/../../../avr/lib/avr5/libm.a(fp_sinus.o)
 .text          0x0000000000000000        0x0 /usr/lib/gcc/avr/5.4.0/../../../avr/lib/avr5/libm.a(fp_split3.o)
 .data          0x0000000000000000        0x0 /usr/lib/gcc/avr/5.4.0/../../../avr/lib/avr5/libm.a(fp_split3.o)
 .bss           0x0000000000000000        0x0 /usr/lib/gcc/avr/5.4.0/../../../avr/lib/avr5/libm.a(fp_split3.o)
 .text          0x0000000000000000        0x0 /usr/lib/gcc/avr/5.4.0/../../../avr/lib/avr5/libm.a(fp_zero.o)
 .data          0x0000000000000000        0x0 /usr/lib/gcc/avr/5.4.0/../../../avr/lib/avr5/libm.a(fp_zero.o)
 .bss           0x0000000000000000        0x0 /usr/lib/gcc/avr/5.4.0/../../../avr/lib/avr5/libm.a(fp_zero.o)
 .text          0x0000000000000000        0x0 /usr/lib/gcc/avr/5.4.0/../../../avr/lib/avr5/libm.a(gesf2.o)
 .data          0x0000000000000000        0x0 /usr/lib/gcc/avr/5.4.0/../../../avr/lib/avr5/libm.a(gesf2.o)
 .bss           0x0000000000000000        0x0 /usr/lib/gcc/avr/5.4.0/../../../avr/lib/avr5/libm.a(gesf2.o)
 .text          0x0000000000000000        0x0 /usr/lib/gcc/avr/5.4.0/../../../avr/lib/avr5/libm.a(inverse.o)
 .data          0x0000000000000000        0x0 /usr/lib/gcc/avr/5.4.0/../../../avr/lib/avr5/libm.a(inverse.o)
 .bss           0x0000000000000000        0x0 /usr/lib/gcc/avr/5.4.0/../../../avr/lib/avr5/libm.a(inverse.o)
 .text          0x0000000000000000        0x0 /usr/lib/gcc/avr/5.4.0/../../../avr/lib/avr5/libm.a(mulsf3.o)
 .data          0x0000000000000000        0x0 /usr/lib/gcc/avr/5.4.0/../../../avr/lib/avr5/libm.a(mulsf3.o)
 .bss           0x0000000000000000        0x0 /usr/lib/gcc/avr/5.4.0/../../../avr/lib/avr5/libm.a(mulsf3.o)
 .text          0x0000000000000000        0x0 /usr/lib/gcc/avr/5.4.0/../../../avr/lib/avr5/libm.a(mulsf3x.o)
 .data          0x0000000000000000        0x0 /usr/lib/gcc/avr/5.4.0/../../../avr/lib/avr5/libm.a(mulsf3x.o)
 .bss           0x0000000000000000        0x0 /usr/lib/gcc/avr/5.4.0/../../../avr/lib/avr5/libm.a(mulsf3x.o)
 .text          0x0000000000000000        0x0 /usr/lib/gcc/avr/5.4.0/../../../avr/lib/avr5/libm.a(sin.o)
 .data          0x0000000000000000        0x0 /usr/lib/gcc/avr/5.4.0/../../../avr/lib/avr5/libm.a(sin.o)
 .bss           0x0000000000000000        0x0 /usr/lib/gcc/avr/5.4.0/../../../avr/lib/avr5/libm.a(sin.o)
 .text          0x0000000000000000        0x0 /usr/lib/gcc/avr/5.4.0/../../../avr/lib/avr5/libm.a(sqrt.o)
 .data          0x0000000000000000        0x0 /usr/lib/gcc/avr/5.4.0/../../../avr/lib/avr5/libm.a(sqrt.o)
 .bss           0x0000000000000000        0x0 /usr/lib/gcc/avr/5.4.0/../../../avr/lib/avr5/libm.a(sqrt.o)
 .text          0x0000000000000000        0x0 /usr/lib/gcc/avr/5.4.0/../../../avr/lib/avr5/libm.a(square.o)
 .data          0x0000000000000000        0x0 /usr/lib/gcc/avr/5.4.0/../../../avr/lib/avr5/libm.a(square.o)
 .bss           0x0000000000000000        0x0 /usr/lib/gcc/avr/5.4.0/../../../avr/lib/avr5/libm.a(square.o)
 .text          0x0000000000000000        0x0 /usr/lib/gcc/avr/5.4.0/../../../avr/lib/avr5/libm.a(fp_mpack.o)
 .data          0x0000000000000000        0x0 /usr/lib/gcc/avr/5.4.0/../../../avr/lib/avr5/libm.a(fp_mpack.o)
 .bss           0x0000000000000000        0x0 /usr/lib/gcc/avr/5.4.0/../../../avr/lib/avr5/libm.a(fp_mpack.o)
 .text          0x0000000000000000        0x0 /usr/lib/gcc/avr/5.4.0/../../../avr/lib/avr5/libm.a(fp_norm2.o)
 .data          0x0000000000000000        0x0 /usr/lib/gcc/avr/5.4.0/../../../avr/lib/avr5/libm.a(fp_norm2.o)
 .bss           0x0000000000000000        0x0 /usr/lib/gcc/avr/5.4.0/../../../avr/lib/avr5/libm.a(fp_norm2.o)
 .text          0x0000000000000000        0x0 /usr/lib/gcc/avr/5.4.0/../../../avr/lib/avr5/libm.a(fp_powsodd.o)
 .data          0x0000000000000000        0x0 /usr/lib/gcc/avr/5.4.0/../../../avr/lib/avr5/libm.a(fp_powsodd.o)
 .bss           0x0000000000000000        0x0 /usr/lib/gcc/avr/5.4.0/../../../avr/lib/avr5/libm.a(fp_powsodd.o)
 .text          0x0000000000000000        0x0 /usr/lib/gcc/avr/5.4.0/avr5/libgcc.a(_divmodhi4.o)
 .data          0x0000000000000000        0x0 /usr/lib/gcc/avr/5.4.0/avr5/libgcc.a(_divmodhi4.o)
 .bss           0x0000000000000000        0x0 /usr/lib/gcc/avr/5.4.0/avr5/libgcc.a(_divmodhi4.o)
 .text.libgcc.mul
                0x0000000000000000        0x0 /usr/lib/gcc/avr/5.4.0/avr5/libgcc.a(_divmodhi4.o)
 .text.libgcc   0x0000000000000000        0x0 /usr/lib/gcc/avr/5.4.0/avr5/libgcc.a(_divmodhi4.o)
 .text.libgcc.prologue
                0x0000000000000000        0x0 /usr/lib/gcc/avr/5.4.0/avr5/libgcc.a(_divmodhi4.o)
 .text.libgcc.builtins
                0x0000000000000000        0x0 /usr/lib/gcc/avr/5.4.0/avr5/libgcc.a(_divmodhi4.o)
 .text.libgcc.fmul
                0x0000000000000000        0x0 /usr/lib/gcc/avr/5.4.0/avr5/libgcc.a(_divmodhi4.o)
 .text.libgcc.fixed
                0x0000000000000000        0x0 /usr/lib/gcc/avr/5.4.0/avr5/libgcc.a(_divmodhi4.o)
 .text          0x0000000000000000        0x0 /usr/lib/gcc/avr/5.4.0/avr5/libgcc.a(_udivmodsi4.o)
 .data          0x0000000000000000        0x0 /usr/lib/gcc/avr/5.4.0/avr5/libgcc.a(_udivmodsi4.o)
 .bss           0x0000000000000000        0x0 /usr/lib/gcc/avr/5.4.0/avr5/libgcc.a(_udivmodsi4.o)
 .text.libgcc.mul
                0x0000000000000000        0x0 /usr/lib/gcc/avr/5.4.0/avr5/libgcc.a(_udivmodsi4.o)
 .text.libgcc   0x0000000000000000        0x0 /usr/lib/gcc/avr/5.4.0/avr5/libgcc.a(_udivmodsi4.o)
 .text.libgcc.prologue
                0x0000000000000000        0x0 /usr/lib/gcc/avr/5.4.0/avr5/libgcc.a(_udivmodsi4.o)
 .text.libgcc.builtins
                0x0000000000000000        0x0 /usr/lib/gcc/avr/5.4.0/avr5/libgcc.a(_udivmodsi4.o)
 .text.libgcc.fmul
                0x0000000000000000        0x0 /usr/lib/gcc/avr/5.4.0/avr5/libgcc.a(_udivmodsi4.o)
 .text.libgcc.fixed
                0x0000000000000000        0x0 /usr/lib/gcc/avr/5.4.0/avr5/libgcc.a(_udivmodsi4.o)
 .text          0x0000000000000000        0x0 /usr/lib/gcc/avr/5.4.0/avr5/libgcc.a(_divmodsi4.o)
 .data          0x0000000000000000        0x0 /usr/lib/gcc/avr/5.4.0/avr5/libgcc.a(_divmodsi4.o)
 .bss           0x0000000000000000        0x0 /usr/lib/gcc/avr/5.4.0/avr5/libgcc.a(_divmodsi4.o)
 .text.libgcc.mul
                0x0000000000000000        0x0 /usr/lib/gcc/avr/5.4.0/avr5/libgcc.a(_divmodsi4.o)
 .text.libgcc.div
                0x0000000000000000       0x2e /usr/lib/gcc/avr/5.4.0/avr5/libgcc.a(_divmodsi4.o)
 .text.libgcc   0x0000000000000000        0x0 /usr/lib/gcc/avr/5.4.0/avr5/libgcc.a(_divmodsi4.o)
 .text.libgcc.prologue
                0x0000000000000000        0x0 /usr/lib/gcc/avr/5.4.0/avr5/libgcc.a(_divmodsi4.o)
 .text.libgcc.builtins
                0x0000000000000000        0x0 /usr/lib/gcc/avr/5.4.0/avr5/libgcc.a(_divmodsi4.o)
 .text.libgcc.fmul
                0x0000000000000000        0x0 /usr/lib/gcc/avr/5.4.0/avr5/libgcc.a(_divmodsi4.o)
 .text.libgcc.fixed
                0x0000000000000000        0x0 /usr/lib/gcc/avr/5.4.0/avr5/libgcc.a(_divmodsi4.o)
 .text          0x0000000000000000        0x0 /usr/lib/gcc/avr/5.4.0/avr5/libgcc.a(_negsi2.o)
 .data          0x0000000000000000        0x0 /usr/lib/gcc/avr/5.4.0/avr5/libgcc.a(_negsi2.o)
 .bss           0x0000000000000000        0x0 /usr/lib/gcc/avr/5.4.0/avr5/libgcc.a(_negsi2.o)
 .text.libgcc.mul
                0x0000000000000000        0x0 /usr/lib/gcc/avr/5.4.0/avr5/libgcc.a(_negsi2.o)
 .text.libgcc.div
                0x0000000000000000       0x10 /usr/lib/gcc/avr/5.4.0/avr5/libgcc.a(_negsi2.o)
 .text.libgcc   0x0000000000000000        0x0 /usr/lib/gcc/avr/5.4.0/avr5/libgcc.a(_negsi2.o)
 .text.libgcc.prologue
                0x0000000000000000        0x0 /usr/lib/gcc/avr/5.4.0/avr5/libgcc.a(_negsi2.o)
 .text.libgcc.builtins
                0x0000000000000000        0x0 /usr/lib/gcc/avr/5.4.0/avr5/libgcc.a(_negsi2.o)
 .text.libgcc.fmul
                0x0000000000000000        0x0 /usr/lib/gcc/avr/5.4.0/avr5/libgcc.a(_negsi2.o)
 .text.libgcc.fixed
                0x0000000000000000        0x0 /usr/lib/gcc/avr/5.4.0/avr5/libgcc.a(_negsi2.o)
 .text          0x0000000000000000        0x0 /usr/lib/gcc/avr/5.4.0/avr5/libgcc.a(_exit.o)
 .data          0x0000000000000000        0x0 /usr/lib/gcc/avr/5.4.0/avr5/libgcc.a(_exit.o)
 .bss           0x0000000000000000        0x0 /usr/lib/gcc/avr/5.4.0/avr5/libgcc.a(_exit.o)
 .text.libgcc.mul
                0x0000000000000000        0x0 /usr/lib/gcc/avr/5.4.0/avr5/libgcc.a(_exit.o)
 .text.libgcc.div
                0x0000000000000000        0x0 /usr/lib/gcc/avr/5.4.0/avr5/libgcc.a(_exit.o)
 .text.libgcc   0x0000000000000000        0x0 /usr/lib/gcc/avr/5.4.0/avr5/libgcc.a(_exit.o)
 .text.libgcc.prologue
                0x0000000000000000        0x0 /usr/lib/gcc/avr/5.4.0/avr5/libgcc.a(_exit.o)
 .text.libgcc.builtins
                0x0000000000000000        0x0 /usr/lib/gcc/avr/5.4.0/avr5/libgcc.a(_exit.o)
 .text.libgcc.fmul
                0x0000000000000000        0x0 /usr/lib/gcc/avr/5.4.0/avr5/libgcc.a(_exit.o)
 .text.libgcc.fixed
                0x0000000000000000        0x0 /usr/lib/gcc/avr/5.4.0/avr5/libgcc.a(_exit.o)
 .text          0x0000000000000000        0x0 /usr/lib/gcc/avr/5.4.0/avr5/libgcc.a(_tablejump2.o)
 .data          0x0000000000000000        0x0 /usr/lib/gcc/avr/5.4.0/avr5/libgcc.a(_tablejump2.o)
 .bss           0x0000000000000000        0x0 /usr/lib/gcc/avr/5.4.0/avr5/libgcc.a(_tablejump2.o)
 .text.libgcc.mul
                0x0000000000000000        0x0 /usr/lib/gcc/avr/5.4.0/avr5/libgcc.a(_tablejump2.o)
 .text.libgcc.div
                0x0000000000000000        0x0 /usr/lib/gcc/avr/5.4.0/avr5/libgcc.a(_tablejump2.o)
 .text.libgcc.prologue
                0x0000000000000000        0x0 /usr/lib/gcc/avr/5.4.0/avr5/libgcc.a(_tablejump2.o)
 .text.libgcc.builtins
                0x0000000000000000        0x0 /usr/lib/gcc/avr/5.4.0/avr5/libgcc.a(_tablejump2.o)
 .text.libgcc.fmul
                0x0000000000000000        0x0 /usr/lib/gcc/avr/5.4.0/avr5/libgcc.a(_tablejump2.o)
 .text.libgcc.fixed
                0x0000000000000000        0x0 /usr/lib/gcc/avr/5.4.0/avr5/libgcc.a(_tablejump2.o)
 .text          0x0000000000000000        0x0 /usr/lib/gcc/avr/5.4.0/avr5/libgcc.a(_copy_data.o)
 .data          0x0000000000000000        0x0 /usr/lib/gcc/avr/5.4.0/avr5/libgcc.a(_copy_data.o)
 .bss           0x0000000000000000        0x0 /usr/lib/gcc/avr/5.4.0/avr5/libgcc.a(_copy_data.o)
 .text.libgcc.mul
                0x0000000000000000        0x0 /usr/lib/gcc/avr/5.4.0/avr5/libgcc.a(_copy_data.o)
 .text.libgcc.div
                0x0000000000000000        0x0 /usr/lib/gcc/avr/5.4.0/avr5/libgcc.a(_copy_data.o)
 .text.libgcc   0x0000000000000000        0x0 /usr/lib/gcc/avr/5.4.0/avr5/libgcc.a(_copy_data.o)
 .text.libgcc.prologue
                0x0000000000000000        0x0 /usr/lib/gcc/avr/5.4.0/avr5/libgcc.a(_copy_data.o)
 .text.libgcc.builtins
                0x0000000000000000        0x0 /usr/lib/gcc/avr/5.4.0/avr5/libgcc.a(_copy_data.o)
 .text.libgcc.fmul
                0x0000000000000000        0x0 /usr/lib/gcc/avr/5.4.0/avr5/libgcc.a(_copy_data.o)
 .text.libgcc.fixed
                0x0000000000000000        0x0 /usr/lib/gcc/avr/5.4.0/avr5/libgcc.a(_copy_data.o)
 .text          0x0000000000000000        0x0 /usr/lib/gcc/avr/5.4.0/avr5/libgcc.a(_clear_bss.o)
 .data          0x0000000000000000        0x0 /usr/lib/gcc/avr/5.4.0/avr5/libgcc.a(_clear_bss.o)
 .bss           0x0000000000000000        0x0 /usr/lib/gcc/avr/5.4.0/avr5/libgcc.a(_clear_bss.o)
 .text.libgcc.mul
                0x0000000000000000        0x0 /usr/lib/gcc/avr/5.4.0/avr5/libgcc.a(_clear_bss.o)
 .text.libgcc.div
                0x0000000000000000        0x0 /usr/lib/gcc/avr/5.4.0/avr5/libgcc.a(_clear_bss.o)
 .text.libgcc   0x0000000000000000        0x0 /usr/lib/gcc/avr/5.4.0/avr5/libgcc.a(_clear_bss.o)
 .text.libgcc.prologue
                0x0000000000000000        0x0 /usr/lib/gcc/avr/5.4.0/avr5/libgcc.a(_clear_bss.o)
 .text.libgcc.builtins
                0x0000000000000000        0x0 /usr/lib/gcc/avr/5.4.0/avr5/libgcc.a(_clear_bss.o)
 .text.libgcc.fmul
                0x0000000000000000        0x0 /usr/lib/gcc/avr/5.4.0/avr5/libgcc.a(_clear_bss.o)
 .text.libgcc.fixed
                0x0000000000000000        0x0 /usr/lib/gcc/avr/5.4.0/avr5/libgcc.a(_clear_bss.o)
 .text          0x0000000000000000        0x0 /usr/lib/gcc/avr/5.4.0/avr5/libgcc.a(_umulhisi3.o)
 .data          0x0000000000000000        0x0 /usr/lib/gcc/avr/5.4.0/avr5/libgcc.a(_umulhisi3.o)
 .bss           0x0000000000000000        0x0 /usr/lib/gcc/avr/5.4.0/avr5/libgcc.a(_umulhisi3.o)
 .text.libgcc.div
                0x0000000000000000        0x0 /usr/lib/gcc/avr/5.4.0/avr5/libgcc.a(_umulhisi3.o)
 .text.libgcc   0x0000000000000000        0x0 /usr/lib/gcc/avr/5.4.0/avr5/libgcc.a(_umulhisi3.o)
 .text.libgcc.prologue
                0x0000000000000000        0x0 /usr/lib/gcc/avr/5.4.0/avr5/libgcc.a(_umulhisi3.o)
 .text.libgcc.builtins
                0x0000000000000000        0x0 /usr/lib/gcc/avr/5.4.0/avr5/libgcc.a(_umulhisi3.o)
 .text.libgcc.fmul
                0x0000000000000000        0x0 /usr/lib/gcc/avr/5.4.0/avr5/libgcc.a(_umulhisi3.o)
 .text.libgcc.fixed
                0x0000000000000000        0x0 /usr/lib/gcc/avr/5.4.0/avr5/libgcc.a(_umulhisi3.o)
 .text          0x0000000000000000        0x0 /usr/lib/gcc/avr/5.4.0/avr5/libgcc.a(_udivmodhi4.o)
 .data          0x0000000000000000        0x0 /usr/lib/gcc/avr/5.4.0/avr5/libgcc.a(_udivmodhi4.o)
 .bss           0x0000000000000000        0x0 /usr/lib/gcc/avr/5.4.0/avr5/libgcc.a(_udivmodhi4.o)
 .text.libgcc.mul
                0x0000000000000000        0x0 /usr/lib/gcc/avr/5.4.0/avr5/libgcc.a(_udivmodhi4.o)
 .text.libgcc   0x0000000000000000        0x0 /usr/lib/gcc/avr/5.4.0/avr5/libgcc.a(_udivmodhi4.o)
 .text.libgcc.prologue
                0x0000000000000000        0x0 /usr/lib/gcc/avr/5.4.0/avr5/libgcc.a(_udivmodhi4.o)
 .text.libgcc.builtins
                0x0000000000000000        0x0 /usr/lib/gcc/avr/5.4.0/avr5/libgcc.a(_udivmodhi4.o)
 .text.libgcc.fmul
                0x0000000000000000        0x0 /usr/lib/gcc/avr/5.4.0/avr5/libgcc.a(_udivmodhi4.o)
 .text.libgcc.fixed
                0x0000000000000000        0x0 /usr/lib/gcc/avr/5.4.0/avr5/libgcc.a(_udivmodhi4.o)

Memory Configuration

Name             Origin             Length             Attributes
text             0x0000000000000000 0x0000000000008000 xr
data             0x0000000000800060 0x0000000000000800 rw !x
eeprom           0x0000000000810000 0x0000000000000400 rw !x
fuse             0x0000000000820000 0x0000000000000002 rw !x
lock             0x0000000000830000 0x0000000000000400 rw !x
signature        0x0000000000840000 0x0000000000000400 rw !x
user_signatures  0x0000000000850000 0x0000000000000400 rw !x
*default*        0x0000000000000000 0xffffffffffffffff

Linker script and memory map

LOAD /usr/lib/gcc/avr/5.4.0/../../../avr/lib/avr5/crtatmega32a.o
LOAD build/main.o
LOAD build/APP/raspberry_pi_protocol.o
LOAD build/MCAL/DIO/DIO_program.o
LOAD build/MCAL/ADC/ADC_program.o
LOAD build/MCAL/EEPROM/EEPROM_Prg.o
LOAD build/MCAL/GIE/GI_program.o
LOAD build/MCAL/EXIT/EXIT_program.o
LOAD build/MCAL/SPI/SPI.o
LOAD build/MCAL/String/String.o
LOAD build/MCAL/TIMER0/TIMR0_program.o
LOAD build/MCAL/TIMER1/VERSION_2_ULTRA_SONIC/TIMR1_program.o
LOAD build/MCAL/TWI/TWI_program.o
LOAD build/MCAL/UART/UART_program.o
LOAD build/MCAL/WTD/WDT_program.o
LOAD build/HAL/Buzzer/BUZZER_Program.o
LOAD build/HAL/DCM/DCM_program.o
LOAD build/HAL/LCD/LCD_program.o
LOAD build/HAL/LED/LEDS_Program.o
LOAD build/HAL/MPU9250/MPU9250_Program.o
LOAD build/HAL/ULTRASO/ULTRASO_program.o
LOAD /usr/lib/gcc/avr/5.4.0/../../../avr/lib/avr5/libm.a
START GROUP
LOAD /usr/lib/gcc/avr/5.4.0/avr5/libgcc.a
LOAD /usr/lib/gcc/avr/5.4.0/../../../avr/lib/avr5/libm.a
LOAD /usr/lib/gcc/avr/5.4.0/../../../avr/lib/avr5/libc.a
LOAD /usr/lib/gcc/avr/5.4.0/../../../avr/lib/avr5/libatmega32a.a
END GROUP
                [0x0000000000000000]                __TEXT_REGION_ORIGIN__ = DEFINED (__TEXT_REGION_ORIGIN__)?__TEXT_REGION_ORIGIN__:0x0
                [0x0000000000800060]                __DATA_REGION_ORIGIN__ = DEFINED (__DATA_REGION_ORIGIN__)?__DATA_REGION_ORIGIN__:0x800060
                [0x0000000000008000]                __TEXT_REGION_LENGTH__ = DEFINED (__TEXT_REGION_LENGTH__)?__TEXT_REGION_LENGTH__:0x20000
                [0x0000000000000800]                __DATA_REGION_LENGTH__ = DEFINED (__DATA_REGION_LENGTH__)?__DATA_REGION_LENGTH__:0xffa0
                [0x0000000000000400]                __EEPROM_REGION_LENGTH__ = DEFINED (__EEPROM_REGION_LENGTH__)?__EEPROM_REGION_LENGTH__:0x10000
                [0x0000000000000002]                __FUSE_REGION_LENGTH__ = DEFINED (__FUSE_REGION_LENGTH__)?__FUSE_REGION_LENGTH__:0x400
                0x0000000000000400                __LOCK_REGION_LENGTH__ = DEFINED (__LOCK_REGION_LENGTH__)?__LOCK_REGION_LENGTH__:0x400
                0x0000000000000400                __SIGNATURE_REGION_LENGTH__ = DEFINED (__SIGNATURE_REGION_LENGTH__)?__SIGNATURE_REGION_LENGTH__:0x400
                0x0000000000000400                __USER_SIGNATURE_REGION_LENGTH__ = DEFINED (__USER_SIGNATURE_REGION_LENGTH__)?__USER_SIGNATURE_REGION_LENGTH__:0x400

.hash
 *(.hash)

.dynsym
 *(.dynsym)

.dynstr
 *(.dynstr)

.gnu.version
 *(.gnu.version)

.gnu.version_d
 *(.gnu.version_d)

.gnu.version_r
 *(.gnu.version_r)

.rel.init
 *(.rel.init)

.rela.init
 *(.rela.init)

.rel.text
 *(.rel.text)
 *(.rel.text.*)
 *(.rel.gnu.linkonce.t*)

.rela.text
 *(.rela.text)
 *(.rela.text.*)
 *(.rela.gnu.linkonce.t*)

.rel.fini
 *(.rel.fini)

.rela.fini
 *(.rela.fini)

.rel.rodata
 *(.rel.rodata)
 *(.rel.rodata.*)
 *(.rel.gnu.linkonce.r*)

.rela.rodata
 *(.rela.rodata)
 *(.rela.rodata.*)
 *(.rela.gnu.linkonce.r*)

.rel.data
 *(.rel.data)
 *(.rel.data.*)
 *(.rel.gnu.linkonce.d*)

.rela.data
 *(.rela.data)
 *(.rela.data.*)
 *(.rela.gnu.linkonce.d*)

.rel.ctors
 *(.rel.ctors)

.rela.ctors
 *(.rela.ctors)

.rel.dtors
 *(.rel.dtors)

.rela.dtors
 *(.rela.dtors)

.rel.got
 *(.rel.got)

.rela.got
 *(.rela.got)

.rel.bss
 *(.rel.bss)

.rela.bss
 *(.rela.bss)

.rel.plt
 *(.rel.plt)

.rela.plt
 *(.rela.plt)

.text           0x0000000000000000     0x248e
 *(.vectors)
 .vectors       0x0000000000000000       0x54 /usr/lib/gcc/avr/5.4.0/../../../avr/lib/avr5/crtatmega32a.o
                0x0000000000000000                __vectors
                0x0000000000000000                __vector_default
 *(.vectors)
 *(.progmem.gcc*)
 .progmem.gcc_sw_table.WDT_Start
                0x0000000000000054        0xe build/MCAL/WTD/WDT_program.o
 .progmem.gcc_fplib
                0x0000000000000062       0x2d /usr/lib/gcc/avr/5.4.0/../../../avr/lib/avr5/libm.a(atan.o)
 .progmem.gcc_fplib
                0x000000000000008f       0x1e /usr/lib/gcc/avr/5.4.0/../../../avr/lib/avr5/libm.a(fp_sinus.o)
                0x00000000000000ae                . = ALIGN (0x2)
 *fill*         0x00000000000000ad        0x1 
                0x00000000000000ae                __trampolines_start = .
 *(.trampolines)
 .trampolines   0x00000000000000ae        0x0 linker stubs
 *(.trampolines*)
                0x00000000000000ae                __trampolines_end = .
 *libprintf_flt.a:*(.progmem.data)
 *libc.a:*(.progmem.data)
 *(.progmem*)
                0x00000000000000ae                . = ALIGN (0x2)
 *(.jumptables)
 *(.jumptables*)
 *(.lowtext)
 *(.lowtext*)
                0x00000000000000ae                __ctors_start = .
 *(.ctors)
                0x00000000000000ae                __ctors_end = .
                0x00000000000000ae                __dtors_start = .
 *(.dtors)
                0x00000000000000ae                __dtors_end = .
 SORT(*)(.ctors)
 SORT(*)(.dtors)
 *(.init0)
 .init0         0x00000000000000ae        0x0 /usr/lib/gcc/avr/5.4.0/../../../avr/lib/avr5/crtatmega32a.o
                0x00000000000000ae                __init
 *(.init0)
 *(.init1)
 *(.init1)
 *(.init2)
 .init2         0x00000000000000ae        0xc /usr/lib/gcc/avr/5.4.0/../../../avr/lib/avr5/crtatmega32a.o
 *(.init2)
 *(.init3)
 *(.init3)
 *(.init4)
 .init4         0x00000000000000ba       0x16 /usr/lib/gcc/avr/5.4.0/avr5/libgcc.a(_copy_data.o)
                0x00000000000000ba                __do_copy_data
 .init4         0x00000000000000d0       0x10 /usr/lib/gcc/avr/5.4.0/avr5/libgcc.a(_clear_bss.o)
                0x00000000000000d0                __do_clear_bss
 *(.init4)
 *(.init5)
 *(.init5)
 *(.init6)
 *(.init6)
 *(.init7)
 *(.init7)
 *(.init8)
 *(.init8)
 *(.init9)
 .init9         0x00000000000000e0        0x8 /usr/lib/gcc/avr/5.4.0/../../../avr/lib/avr5/crtatmega32a.o
 *(.init9)
 *(.text)
 .text          0x00000000000000e8        0x4 /usr/lib/gcc/avr/5.4.0/../../../avr/lib/avr5/crtatmega32a.o
                0x00000000000000e8                __vector_12
                0x00000000000000e8                __bad_interrupt
                0x00000000000000e8                __vector_6
                0x00000000000000e8                __vector_3
                0x00000000000000e8                __vector_19
                0x00000000000000e8                __vector_7
                0x00000000000000e8                __vector_5
                0x00000000000000e8                __vector_4
                0x00000000000000e8                __vector_9
                0x00000000000000e8                __vector_2
                0x00000000000000e8                __vector_15
                0x00000000000000e8                __vector_8
                0x00000000000000e8                __vector_14
                0x00000000000000e8                __vector_16
                0x00000000000000e8                __vector_18
                0x00000000000000e8                __vector_20
                0x00000000000000ec                . = ALIGN (0x2)
 *(.text.*)
 .text.__vector_13
                0x00000000000000ec       0x24 build/main.o
                0x00000000000000ec                __vector_13
 .text.System_Init
                0x0000000000000110       0x30 build/main.o
                0x0000000000000110                System_Init
 .text.Update_Sensors_Periodic
                0x0000000000000140       0x90 build/main.o
                0x0000000000000140                Update_Sensors_Periodic
 .text.startup.main
                0x00000000000001d0       0x2a build/main.o
                0x00000000000001d0                main
 .text.Protocol_Init
                0x00000000000001fa       0xbc build/APP/raspberry_pi_protocol.o
                0x00000000000001fa                Protocol_Init
 .text.Protocol_CalculateChecksum
                0x00000000000002b6       0x16 build/APP/raspberry_pi_protocol.o
                0x00000000000002b6                Protocol_CalculateChecksum
 .text.Protocol_SendPacket
                0x00000000000002cc       0x72 build/APP/raspberry_pi_protocol.o
                0x00000000000002cc                Protocol_SendPacket
 .text.Protocol_SendAck
                0x000000000000033e        0xc build/APP/raspberry_pi_protocol.o
                0x000000000000033e                Protocol_SendAck
 .text.Protocol_SendNack
                0x000000000000034a        0xc build/APP/raspberry_pi_protocol.o
                0x000000000000034a                Protocol_SendNack
 .text.Protocol_SendIMUData
                0x0000000000000356        0xa build/APP/raspberry_pi_protocol.o
                0x0000000000000356                Protocol_SendIMUData
 .text.Protocol_SendUltrasonicData
                0x0000000000000360        0xa build/APP/raspberry_pi_protocol.o
                0x0000000000000360                Protocol_SendUltrasonicData
 .text.Protocol_SendSystemStatus
                0x000000000000036a        0xa build/APP/raspberry_pi_protocol.o
                0x000000000000036a                Protocol_SendSystemStatus
 .text.Handle_MotorSetSpeed
                0x0000000000000374       0x2a build/APP/raspberry_pi_protocol.o
                0x0000000000000374                Handle_MotorSetSpeed
 .text.Handle_EmergencyStop
                0x000000000000039e        0xa build/APP/raspberry_pi_protocol.o
                0x000000000000039e                Handle_EmergencyStop
 .text.Handle_IMURequest
                0x00000000000003a8      0x110 build/APP/raspberry_pi_protocol.o
                0x00000000000003a8                Handle_IMURequest
 .text.Handle_UltrasonicRequest
                0x00000000000004b8      0x168 build/APP/raspberry_pi_protocol.o
                0x00000000000004b8                Handle_UltrasonicRequest
 .text.Handle_SystemStatusRequest
                0x0000000000000620       0x36 build/APP/raspberry_pi_protocol.o
                0x0000000000000620                Handle_SystemStatusRequest
 .text.Handle_LEDControl
                0x0000000000000656       0x10 build/APP/raspberry_pi_protocol.o
                0x0000000000000656                Handle_LEDControl
 .text.Handle_BuzzerControl
                0x0000000000000666        0xa build/APP/raspberry_pi_protocol.o
                0x0000000000000666                Handle_BuzzerControl
 .text.Handle_Reset
                0x0000000000000670       0x1e build/APP/raspberry_pi_protocol.o
                0x0000000000000670                Handle_Reset
 .text.Protocol_ProcessByte
                0x000000000000068e      0x134 build/APP/raspberry_pi_protocol.o
                0x000000000000068e                Protocol_ProcessByte
 .text.Protocol_UpdateUptime
                0x00000000000007c2       0x28 build/APP/raspberry_pi_protocol.o
                0x00000000000007c2                Protocol_UpdateUptime
 .text.DIO_setPinDirection
                0x00000000000007ea       0xc8 build/MCAL/DIO/DIO_program.o
                0x00000000000007ea                DIO_setPinDirection
 .text.DIO_setPinValue
                0x00000000000008b2       0xc8 build/MCAL/DIO/DIO_program.o
                0x00000000000008b2                DIO_setPinValue
 .text.__vector_17
                0x000000000000097a       0x52 build/MCAL/EEPROM/EEPROM_Prg.o
                0x000000000000097a                __vector_17
 .text.__vector_1
                0x00000000000009cc       0x52 build/MCAL/EXIT/EXIT_program.o
                0x00000000000009cc                __vector_1
 .text.TIMR0_INTI
                0x0000000000000a1e       0x1a build/MCAL/TIMER0/TIMR0_program.o
                0x0000000000000a1e                TIMR0_INTI
 .text.TIMR0_Start
                0x0000000000000a38       0x14 build/MCAL/TIMER0/TIMR0_program.o
                0x0000000000000a38                TIMR0_Start
 .text.TIMR0_DutyCycle
                0x0000000000000a4c       0x16 build/MCAL/TIMER0/TIMR0_program.o
                0x0000000000000a4c                TIMR0_DutyCycle
 .text.__vector_11
                0x0000000000000a62       0x76 build/MCAL/TIMER0/TIMR0_program.o
                0x0000000000000a62                __vector_11
 .text.__vector_10
                0x0000000000000ad8       0x7a build/MCAL/TIMER0/TIMR0_program.o
                0x0000000000000ad8                __vector_10
 .text.TIMR1_INITI
                0x0000000000000b52       0x32 build/MCAL/TIMER1/VERSION_2_ULTRA_SONIC/TIMR1_program.o
                0x0000000000000b52                TIMR1_INITI
 .text.TIMR1_Input_Capture
                0x0000000000000b84       0x1e build/MCAL/TIMER1/VERSION_2_ULTRA_SONIC/TIMR1_program.o
                0x0000000000000b84                TIMR1_Input_Capture
 .text.TIMR1_Start
                0x0000000000000ba2       0x14 build/MCAL/TIMER1/VERSION_2_ULTRA_SONIC/TIMR1_program.o
                0x0000000000000ba2                TIMR1_Start
 .text.TIMR1_Stop
                0x0000000000000bb6       0x14 build/MCAL/TIMER1/VERSION_2_ULTRA_SONIC/TIMR1_program.o
                0x0000000000000bb6                TIMR1_Stop
 .text.TWI_initMaster
                0x0000000000000bca       0x16 build/MCAL/TWI/TWI_program.o
                0x0000000000000bca                TWI_initMaster
 .text.TWI_sendStartCondition
                0x0000000000000be0       0x1c build/MCAL/TWI/TWI_program.o
                0x0000000000000be0                TWI_sendStartCondition
 .text.TWI_sendRepStartCondition
                0x0000000000000bfc       0x1c build/MCAL/TWI/TWI_program.o
                0x0000000000000bfc                TWI_sendRepStartCondition
 .text.TWI_sendStopCondition
                0x0000000000000c18        0xe build/MCAL/TWI/TWI_program.o
                0x0000000000000c18                TWI_sendStopCondition
 .text.TWI_sendSlaveAddWithWrite
                0x0000000000000c26       0x26 build/MCAL/TWI/TWI_program.o
                0x0000000000000c26                TWI_sendSlaveAddWithWrite
 .text.TWI_sendSlaveAddWithRead
                0x0000000000000c4c       0x26 build/MCAL/TWI/TWI_program.o
                0x0000000000000c4c                TWI_sendSlaveAddWithRead
 .text.TWI_sendMasterDataByte
                0x0000000000000c72       0x18 build/MCAL/TWI/TWI_program.o
                0x0000000000000c72                TWI_sendMasterDataByte
 .text.TWI_receiveMasterDataByteAck
                0x0000000000000c8a       0x20 build/MCAL/TWI/TWI_program.o
                0x0000000000000c8a                TWI_receiveMasterDataByteAck
 .text.TWI_receiveMasterDataByteNack
                0x0000000000000caa       0x2c build/MCAL/TWI/TWI_program.o
                0x0000000000000caa                TWI_receiveMasterDataByteNack
 .text.UART_INTI
                0x0000000000000cd6       0x12 build/MCAL/UART/UART_program.o
                0x0000000000000cd6                UART_INTI
 .text.UART_TX_Char
                0x0000000000000ce8        0x8 build/MCAL/UART/UART_program.o
                0x0000000000000ce8                UART_TX_Char
 .text.UART_Init
                0x0000000000000cf0        0x4 build/MCAL/UART/UART_program.o
                0x0000000000000cf0                UART_Init
 .text.UART_SendByte
                0x0000000000000cf4        0x4 build/MCAL/UART/UART_program.o
                0x0000000000000cf4                UART_SendByte
 .text.WDT_Start
                0x0000000000000cf8       0x68 build/MCAL/WTD/WDT_program.o
                0x0000000000000cf8                WDT_Start
 .text.WDT_Enable
                0x0000000000000d60        0x4 build/MCAL/WTD/WDT_program.o
                0x0000000000000d60                WDT_Enable
 .text.BUZZER_Init
                0x0000000000000d64        0xa build/HAL/Buzzer/BUZZER_Program.o
                0x0000000000000d64                BUZZER_Init
 .text.BUZZER_ON
                0x0000000000000d6e        0xa build/HAL/Buzzer/BUZZER_Program.o
                0x0000000000000d6e                BUZZER_ON
 .text.BUZZER_OFF
                0x0000000000000d78        0xa build/HAL/Buzzer/BUZZER_Program.o
                0x0000000000000d78                BUZZER_OFF
 .text.DCM_OFF.part.1
                0x0000000000000d82       0x46 build/HAL/DCM/DCM_program.o
 .text.DCM_Inti_Motor_C
                0x0000000000000dc8       0x3c build/HAL/DCM/DCM_program.o
                0x0000000000000dc8                DCM_Inti_Motor_C
 .text.DCM_Inti_Motor_D
                0x0000000000000e04       0x3c build/HAL/DCM/DCM_program.o
                0x0000000000000e04                DCM_Inti_Motor_D
 .text.DCM_Init_All
                0x0000000000000e40       0x22 build/HAL/DCM/DCM_program.o
                0x0000000000000e40                DCM_Init_All
 .text.DCM_Speed
                0x0000000000000e62       0x88 build/HAL/DCM/DCM_program.o
                0x0000000000000e62                DCM_Speed
 .text.DCM_Group1_Speed
                0x0000000000000eea       0x1e build/HAL/DCM/DCM_program.o
                0x0000000000000eea                DCM_Group1_Speed
 .text.DCM_Group2_Speed
                0x0000000000000f08       0x1e build/HAL/DCM/DCM_program.o
                0x0000000000000f08                DCM_Group2_Speed
 .text.DCM_All_OFF
                0x0000000000000f26       0x18 build/HAL/DCM/DCM_program.o
                0x0000000000000f26                DCM_All_OFF
 .text.DCM_Stop
                0x0000000000000f3e        0x4 build/HAL/DCM/DCM_program.o
                0x0000000000000f3e                DCM_Stop
 .text.LED_Init
                0x0000000000000f42       0x1e build/HAL/LED/LEDS_Program.o
                0x0000000000000f42                LED_Init
 .text.LED_ON   0x0000000000000f60       0x20 build/HAL/LED/LEDS_Program.o
                0x0000000000000f60                LED_ON
 .text.LED_OFF  0x0000000000000f80       0x20 build/HAL/LED/LEDS_Program.o
                0x0000000000000f80                LED_OFF
 .text.MPU9250_WriteReg
                0x0000000000000fa0       0x30 build/HAL/MPU9250/MPU9250_Program.o
 .text.AK8963_WriteReg
                0x0000000000000fd0       0x30 build/HAL/MPU9250/MPU9250_Program.o
 .text.AK8963_ReadReg
                0x0000000000001000       0x40 build/HAL/MPU9250/MPU9250_Program.o
 .text.MPU9250_ReadReg
                0x0000000000001040       0x40 build/HAL/MPU9250/MPU9250_Program.o
 .text.MPU9250_ReadBytes
                0x0000000000001080       0x5e build/HAL/MPU9250/MPU9250_Program.o
 .text.MPU9250_TestConnection
                0x00000000000010de       0x14 build/HAL/MPU9250/MPU9250_Program.o
                0x00000000000010de                MPU9250_TestConnection
 .text.MPU9250_SetAccelRange
                0x00000000000010f2       0x5a build/HAL/MPU9250/MPU9250_Program.o
                0x00000000000010f2                MPU9250_SetAccelRange
 .text.MPU9250_SetGyroRange
                0x000000000000114c       0x5a build/HAL/MPU9250/MPU9250_Program.o
                0x000000000000114c                MPU9250_SetGyroRange
 .text.MPU9250_SetDLPF
                0x00000000000011a6        0xe build/HAL/MPU9250/MPU9250_Program.o
                0x00000000000011a6                MPU9250_SetDLPF
 .text.MPU9250_SetSampleRate
                0x00000000000011b4        0x8 build/HAL/MPU9250/MPU9250_Program.o
                0x00000000000011b4                MPU9250_SetSampleRate
 .text.MPU9250_Init
                0x00000000000011bc      0x118 build/HAL/MPU9250/MPU9250_Program.o
                0x00000000000011bc                MPU9250_Init
 .text.MPU9250_InitData
                0x00000000000012d4      0x150 build/HAL/MPU9250/MPU9250_Program.o
                0x00000000000012d4                MPU9250_InitData
 .text.MPU9250_ReadAccel
                0x0000000000001424      0x148 build/HAL/MPU9250/MPU9250_Program.o
                0x0000000000001424                MPU9250_ReadAccel
 .text.MPU9250_ReadGyro
                0x000000000000156c      0x124 build/HAL/MPU9250/MPU9250_Program.o
                0x000000000000156c                MPU9250_ReadGyro
 .text.MPU9250_ReadMag
                0x0000000000001690      0x180 build/HAL/MPU9250/MPU9250_Program.o
                0x0000000000001690                MPU9250_ReadMag
 .text.MPU9250_ReadTemperature
                0x0000000000001810       0x50 build/HAL/MPU9250/MPU9250_Program.o
                0x0000000000001810                MPU9250_ReadTemperature
 .text.MPU9250_GetRoll
                0x0000000000001860       0x24 build/HAL/MPU9250/MPU9250_Program.o
                0x0000000000001860                MPU9250_GetRoll
 .text.MPU9250_GetPitch
                0x0000000000001884       0x86 build/HAL/MPU9250/MPU9250_Program.o
                0x0000000000001884                MPU9250_GetPitch
 .text.MPU9250_GetYaw
                0x000000000000190a      0x1da build/HAL/MPU9250/MPU9250_Program.o
                0x000000000000190a                MPU9250_GetYaw
 .text.MPU9250_CalculateOrientation
                0x0000000000001ae4       0x46 build/HAL/MPU9250/MPU9250_Program.o
                0x0000000000001ae4                MPU9250_CalculateOrientation
 .text.MPU9250_ReadAll
                0x0000000000001b2a       0x2c build/HAL/MPU9250/MPU9250_Program.o
                0x0000000000001b2a                MPU9250_ReadAll
 .text.ULTRAS_INITI
                0x0000000000001b56       0x32 build/HAL/ULTRASO/ULTRASO_program.o
                0x0000000000001b56                ULTRAS_INITI
 .text.ULTRAS_TRIG
                0x0000000000001b88       0x6e build/HAL/ULTRASO/ULTRASO_program.o
                0x0000000000001b88                ULTRAS_TRIG
 .text.ULTRAS_Read
                0x0000000000001bf6      0x106 build/HAL/ULTRASO/ULTRASO_program.o
                0x0000000000001bf6                ULTRAS_Read
 .text.avr-libc.fplib
                0x0000000000001cfc        0xe /usr/lib/gcc/avr/5.4.0/../../../avr/lib/avr5/libm.a(addsf3.o)
                0x0000000000001cfc                __subsf3
                0x0000000000001cfe                __addsf3
 .text.avr-libc.fplib
                0x0000000000001d0a       0xcc /usr/lib/gcc/avr/5.4.0/../../../avr/lib/avr5/libm.a(addsf3x.o)
                0x0000000000001d2c                __addsf3x
 .text.avr-libc.fplib
                0x0000000000001dd6       0x86 /usr/lib/gcc/avr/5.4.0/../../../avr/lib/avr5/libm.a(atan2.o)
                0x0000000000001dfc                atan2
 .text.avr-libc.fplib
                0x0000000000001e5c       0x5e /usr/lib/gcc/avr/5.4.0/../../../avr/lib/avr5/libm.a(atan.o)
                0x0000000000001e5c                atan
 .text.avr-libc.fplib
                0x0000000000001eba        0xa /usr/lib/gcc/avr/5.4.0/../../../avr/lib/avr5/libm.a(cmpsf2.o)
                0x0000000000001eba                __lesf2
                0x0000000000001eba                __nesf2
                0x0000000000001eba                __eqsf2
                0x0000000000001eba                __cmpsf2
                0x0000000000001eba                __ltsf2
 .text.avr-libc.fplib
                0x0000000000001ec4        0xa /usr/lib/gcc/avr/5.4.0/../../../avr/lib/avr5/libm.a(cos.o)
                0x0000000000001ec4                cos
 .text.avr-libc.fplib
                0x0000000000001ece        0x8 /usr/lib/gcc/avr/5.4.0/../../../avr/lib/avr5/libm.a(divsf3.o)
                0x0000000000001ece                __divsf3
 .text.avr-libc.fplib
                0x0000000000001ed6       0xdc /usr/lib/gcc/avr/5.4.0/../../../avr/lib/avr5/libm.a(divsf3x.o)
                0x0000000000001ef6                __divsf3x
                0x0000000000001efc                __divsf3_pse
 .text.avr-libc.fplib
                0x0000000000001fb2       0x7a /usr/lib/gcc/avr/5.4.0/../../../avr/lib/avr5/libm.a(floatsisf.o)
                0x0000000000001fb2                __floatunsisf
                0x0000000000001fb6                __floatsisf
 .text.avr-libc.fplib
                0x000000000000202c       0x48 /usr/lib/gcc/avr/5.4.0/../../../avr/lib/avr5/libm.a(fp_cmp.o)
                0x000000000000202c                __fp_cmp
 .text.avr-libc.fplib
                0x0000000000002074        0xc /usr/lib/gcc/avr/5.4.0/../../../avr/lib/avr5/libm.a(fp_inf.o)
                0x0000000000002074                __fp_inf
 .text.avr-libc.fplib
                0x0000000000002080        0x6 /usr/lib/gcc/avr/5.4.0/../../../avr/lib/avr5/libm.a(fp_nan.o)
                0x0000000000002080                __fp_nan
 .text.avr-libc.fplib
                0x0000000000002086       0x4e /usr/lib/gcc/avr/5.4.0/../../../avr/lib/avr5/libm.a(fp_powser.o)
                0x0000000000002086                __fp_powser
 .text.avr-libc.fplib
                0x00000000000020d4        0xe /usr/lib/gcc/avr/5.4.0/../../../avr/lib/avr5/libm.a(fp_pscA.o)
                0x00000000000020d4                __fp_pscA
 .text.avr-libc.fplib
                0x00000000000020e2        0xe /usr/lib/gcc/avr/5.4.0/../../../avr/lib/avr5/libm.a(fp_pscB.o)
                0x00000000000020e2                __fp_pscB
 .text.avr-libc.fplib
                0x00000000000020f0       0x56 /usr/lib/gcc/avr/5.4.0/../../../avr/lib/avr5/libm.a(fp_rempio2.o)
                0x00000000000020f4                __fp_rempio2
 .text.avr-libc.fplib
                0x0000000000002146       0x22 /usr/lib/gcc/avr/5.4.0/../../../avr/lib/avr5/libm.a(fp_round.o)
                0x0000000000002146                __fp_round
 .text.avr-libc.fplib
                0x0000000000002168       0x28 /usr/lib/gcc/avr/5.4.0/../../../avr/lib/avr5/libm.a(fp_sinus.o)
                0x0000000000002168                __fp_sinus
 .text.avr-libc.fplib
                0x0000000000002190       0x44 /usr/lib/gcc/avr/5.4.0/../../../avr/lib/avr5/libm.a(fp_split3.o)
                0x0000000000002190                __fp_split3
                0x00000000000021a0                __fp_splitA
 .text.avr-libc.fplib
                0x00000000000021d4        0xe /usr/lib/gcc/avr/5.4.0/../../../avr/lib/avr5/libm.a(fp_zero.o)
                0x00000000000021d4                __fp_zero
                0x00000000000021d6                __fp_szero
 .text.avr-libc.fplib
                0x00000000000021e2        0xa /usr/lib/gcc/avr/5.4.0/../../../avr/lib/avr5/libm.a(gesf2.o)
                0x00000000000021e2                __gtsf2
                0x00000000000021e2                __gesf2
 .text.avr-libc.fplib
                0x00000000000021ec       0x10 /usr/lib/gcc/avr/5.4.0/../../../avr/lib/avr5/libm.a(inverse.o)
                0x00000000000021ec                inverse
 .text.avr-libc.fplib
                0x00000000000021fc        0x8 /usr/lib/gcc/avr/5.4.0/../../../avr/lib/avr5/libm.a(mulsf3.o)
                0x00000000000021fc                __mulsf3
 .text.avr-libc.fplib
                0x0000000000002204       0xd2 /usr/lib/gcc/avr/5.4.0/../../../avr/lib/avr5/libm.a(mulsf3x.o)
                0x0000000000002222                __mulsf3x
                0x0000000000002228                __mulsf3_pse
 .text.avr-libc.fplib
                0x00000000000022d6       0x10 /usr/lib/gcc/avr/5.4.0/../../../avr/lib/avr5/libm.a(sin.o)
                0x00000000000022d6                sin
 .text.avr-libc.fplib
                0x00000000000022e6       0x8c /usr/lib/gcc/avr/5.4.0/../../../avr/lib/avr5/libm.a(sqrt.o)
                0x00000000000022f2                sqrt
                0x00000000000022f2                sqrtf
 .text.avr-libc.fplib
                0x0000000000002372        0x8 /usr/lib/gcc/avr/5.4.0/../../../avr/lib/avr5/libm.a(square.o)
                0x0000000000002372                square
 .text.avr-libc.fplib
                0x000000000000237a       0x1c /usr/lib/gcc/avr/5.4.0/../../../avr/lib/avr5/libm.a(fp_mpack.o)
                0x000000000000237a                __fp_mpack
                0x000000000000237e                __fp_mpack_finite
 .text.avr-libc.fplib
                0x0000000000002396        0xe /usr/lib/gcc/avr/5.4.0/../../../avr/lib/avr5/libm.a(fp_norm2.o)
                0x0000000000002396                __fp_norm2
 .text.avr-libc.fplib
                0x00000000000023a4       0x28 /usr/lib/gcc/avr/5.4.0/../../../avr/lib/avr5/libm.a(fp_powsodd.o)
                0x00000000000023a4                __fp_powsodd
 .text.libgcc.div
                0x00000000000023cc       0x28 /usr/lib/gcc/avr/5.4.0/avr5/libgcc.a(_divmodhi4.o)
                0x00000000000023cc                __divmodhi4
                0x00000000000023cc                _div
 .text.libgcc.div
                0x00000000000023f4       0x44 /usr/lib/gcc/avr/5.4.0/avr5/libgcc.a(_udivmodsi4.o)
                0x00000000000023f4                __udivmodsi4
 .text.libgcc   0x0000000000002438        0xc /usr/lib/gcc/avr/5.4.0/avr5/libgcc.a(_tablejump2.o)
                0x0000000000002438                __tablejump2__
 .text.libgcc.mul
                0x0000000000002444       0x1e /usr/lib/gcc/avr/5.4.0/avr5/libgcc.a(_umulhisi3.o)
                0x0000000000002444                __umulhisi3
 .text.libgcc.div
                0x0000000000002462       0x28 /usr/lib/gcc/avr/5.4.0/avr5/libgcc.a(_udivmodhi4.o)
                0x0000000000002462                __udivmodhi4
                0x000000000000248a                . = ALIGN (0x2)
 *(.fini9)
 .fini9         0x000000000000248a        0x0 /usr/lib/gcc/avr/5.4.0/avr5/libgcc.a(_exit.o)
                0x000000000000248a                exit
                0x000000000000248a                _exit
 *(.fini9)
 *(.fini8)
 *(.fini8)
 *(.fini7)
 *(.fini7)
 *(.fini6)
 *(.fini6)
 *(.fini5)
 *(.fini5)
 *(.fini4)
 *(.fini4)
 *(.fini3)
 *(.fini3)
 *(.fini2)
 *(.fini2)
 *(.fini1)
 *(.fini1)
 *(.fini0)
 .fini0         0x000000000000248a        0x4 /usr/lib/gcc/avr/5.4.0/avr5/libgcc.a(_exit.o)
 *(.fini0)
                0x000000000000248e                _etext = .

.data           0x0000000000800060        0x8 load address 0x000000000000248e
                0x0000000000800060                PROVIDE (__data_start, .)
 *(.data)
 *(.data*)
 .data.gyro_scale
                0x0000000000800060        0x4 build/HAL/MPU9250/MPU9250_Program.o
 .data.accel_scale
                0x0000000000800064        0x4 build/HAL/MPU9250/MPU9250_Program.o
 *(.gnu.linkonce.d*)
 *(.rodata)
 *(.rodata*)
 *(.gnu.linkonce.r*)
                0x0000000000800068                . = ALIGN (0x2)
                0x0000000000800068                _edata = .
                0x0000000000800068                PROVIDE (__data_end, .)

.bss            0x0000000000800068       0xaa
                0x0000000000800068                PROVIDE (__bss_start, .)
 *(.bss)
 *(.bss*)
 .bss.last_sensor_update.2278
                0x0000000000800068        0x4 build/main.o
 .bss.tick_counter.2279
                0x000000000080006c        0x4 build/main.o
 .bss.uart_byte
                0x0000000000800070        0x1 build/main.o
                0x0000000000800070                uart_byte
 .bss.uart_data_received
                0x0000000000800071        0x1 build/main.o
                0x0000000000800071                uart_data_received
 .bss.system_uptime
                0x0000000000800072        0x4 build/APP/raspberry_pi_protocol.o
 .bss.system_status
                0x0000000000800076        0xa build/APP/raspberry_pi_protocol.o
 .bss.current_ultrasonic
                0x0000000000800080       0x10 build/APP/raspberry_pi_protocol.o
 .bss.current_imu
                0x0000000000800090       0x30 build/APP/raspberry_pi_protocol.o
 .bss.rx_index  0x00000000008000c0        0x1 build/APP/raspberry_pi_protocol.o
 .bss.rx_data   0x00000000008000c1       0x40 build/APP/raspberry_pi_protocol.o
 .bss.rx_length
                0x0000000000800101        0x1 build/APP/raspberry_pi_protocol.o
 .bss.rx_cmd    0x0000000000800102        0x1 build/APP/raspberry_pi_protocol.o
 .bss.rx_state  0x0000000000800103        0x1 build/APP/raspberry_pi_protocol.o
 .bss.eeprom_ready
                0x0000000000800104        0x2 build/MCAL/EEPROM/EEPROM_Prg.o
 .bss.Private_PCallBack
                0x0000000000800106        0x2 build/MCAL/EXIT/EXIT_program.o
 .bss.CTCCounter.1644
                0x0000000000800108        0x2 build/MCAL/TIMER0/TIMR0_program.o
 .bss.OVFCounter.1638
                0x000000000080010a        0x2 build/MCAL/TIMER0/TIMR0_program.o
 .bss.TIMR0_CTC_COUNTER
                0x000000000080010c        0x2 build/MCAL/TIMER0/TIMR0_program.o
 .bss.Private_PCallBackCTC
                0x000000000080010e        0x2 build/MCAL/TIMER0/TIMR0_program.o
 .bss.Private_PCallBackOVF
                0x0000000000800110        0x2 build/MCAL/TIMER0/TIMR0_program.o
 *(COMMON)
                0x0000000000800112                PROVIDE (__bss_end, .)
                0x000000000000248e                __data_load_start = LOADADDR (.data)
                0x0000000000002496                __data_load_end = (__data_load_start + SIZEOF (.data))

.noinit         0x0000000000800112        0x0
                [!provide]                        PROVIDE (__noinit_start, .)
 *(.noinit*)
                [!provide]                        PROVIDE (__noinit_end, .)
                0x0000000000800112                _end = .
                [!provide]                        PROVIDE (__heap_start, .)

.eeprom         0x0000000000810000        0x0
 *(.eeprom*)
                0x0000000000810000                __eeprom_end = .

.fuse
 *(.fuse)
 *(.lfuse)
 *(.hfuse)
 *(.efuse)

.lock
 *(.lock*)

.signature
 *(.signature*)

.user_signatures
 *(.user_signatures*)

.stab
 *(.stab)

.stabstr
 *(.stabstr)

.stab.excl
 *(.stab.excl)

.stab.exclstr
 *(.stab.exclstr)

.stab.index
 *(.stab.index)

.stab.indexstr
 *(.stab.indexstr)

.comment        0x0000000000000000       0x11
 *(.comment)
 .comment       0x0000000000000000       0x11 build/main.o
                                         0x12 (size before relaxing)
 .comment       0x0000000000000011       0x12 build/APP/raspberry_pi_protocol.o
 .comment       0x0000000000000011       0x12 build/MCAL/DIO/DIO_program.o
 .comment       0x0000000000000011       0x12 build/MCAL/EEPROM/EEPROM_Prg.o
 .comment       0x0000000000000011       0x12 build/MCAL/EXIT/EXIT_program.o
 .comment       0x0000000000000011       0x12 build/MCAL/TIMER0/TIMR0_program.o
 .comment       0x0000000000000011       0x12 build/MCAL/TIMER1/VERSION_2_ULTRA_SONIC/TIMR1_program.o
 .comment       0x0000000000000011       0x12 build/MCAL/TWI/TWI_program.o
 .comment       0x0000000000000011       0x12 build/MCAL/UART/UART_program.o
 .comment       0x0000000000000011       0x12 build/MCAL/WTD/WDT_program.o
 .comment       0x0000000000000011       0x12 build/HAL/Buzzer/BUZZER_Program.o
 .comment       0x0000000000000011       0x12 build/HAL/DCM/DCM_program.o
 .comment       0x0000000000000011       0x12 build/HAL/LED/LEDS_Program.o
 .comment       0x0000000000000011       0x12 build/HAL/MPU9250/MPU9250_Program.o
 .comment       0x0000000000000011       0x12 build/HAL/ULTRASO/ULTRASO_program.o

.note.gnu.avr.deviceinfo
                0x0000000000000000       0x3c
 .note.gnu.avr.deviceinfo
                0x0000000000000000       0x3c /usr/lib/gcc/avr/5.4.0/../../../avr/lib/avr5/crtatmega32a.o

.note.gnu.build-id
 *(.note.gnu.build-id)

.debug
 *(.debug)

.line
 *(.line)

.debug_srcinfo
 *(.debug_srcinfo)

.debug_sfnames
 *(.debug_sfnames)

.debug_aranges
 *(.debug_aranges)

.debug_pubnames
 *(.debug_pubnames)

.debug_info     0x0000000000000000      0x4e6
 *(.debug_info .gnu.linkonce.wi.*)
 .debug_info    0x0000000000000000      0x4e6 /usr/lib/gcc/avr/5.4.0/../../../avr/lib/avr5/crtatmega32a.o

.debug_abbrev   0x0000000000000000      0x4a3
 *(.debug_abbrev)
 .debug_abbrev  0x0000000000000000      0x4a3 /usr/lib/gcc/avr/5.4.0/../../../avr/lib/avr5/crtatmega32a.o

.debug_line     0x0000000000000000       0x1a
 *(.debug_line .debug_line.* .debug_line_end)
 .debug_line    0x0000000000000000       0x1a /usr/lib/gcc/avr/5.4.0/../../../avr/lib/avr5/crtatmega32a.o

.debug_frame
 *(.debug_frame)

.debug_str      0x0000000000000000      0x196
 *(.debug_str)
 .debug_str     0x0000000000000000      0x196 /usr/lib/gcc/avr/5.4.0/../../../avr/lib/avr5/crtatmega32a.o

.debug_loc
 *(.debug_loc)

.debug_macinfo
 *(.debug_macinfo)

.debug_weaknames
 *(.debug_weaknames)

.debug_funcnames
 *(.debug_funcnames)

.debug_typenames
 *(.debug_typenames)

.debug_varnames
 *(.debug_varnames)

.debug_pubtypes
 *(.debug_pubtypes)

.debug_ranges
 *(.debug_ranges)

.debug_macro
 *(.debug_macro)
OUTPUT(build/sdv_atmega32a.elf elf32-avr)
LOAD linker stubs
