Archive member included to satisfy reference by file (symbol)

/usr/lib/gcc/avr/5.4.0/../../../avr/lib/avr5/libm.a(addsf3.o)
                              build/MCAL/UART/UART_program.o (__subsf3)
/usr/lib/gcc/avr/5.4.0/../../../avr/lib/avr5/libm.a(addsf3x.o)
                              /usr/lib/gcc/avr/5.4.0/../../../avr/lib/avr5/libm.a(addsf3.o) (__addsf3x)
/usr/lib/gcc/avr/5.4.0/../../../avr/lib/avr5/libm.a(atan2.o)
                              build/APP/raspberry_pi_protocol.o (atan2)
/usr/lib/gcc/avr/5.4.0/../../../avr/lib/avr5/libm.a(atan.o)
                              /usr/lib/gcc/avr/5.4.0/../../../avr/lib/avr5/libm.a(atan2.o) (atan)
/usr/lib/gcc/avr/5.4.0/../../../avr/lib/avr5/libm.a(cmpsf2.o)
                              build/MCAL/UART/UART_program.o (__ltsf2)
/usr/lib/gcc/avr/5.4.0/../../../avr/lib/avr5/libm.a(cos.o)
                              build/HAL/GPS/GPS_Prg.o (cos)
/usr/lib/gcc/avr/5.4.0/../../../avr/lib/avr5/libm.a(divsf3.o)
                              build/APP/raspberry_pi_protocol.o (__divsf3)
/usr/lib/gcc/avr/5.4.0/../../../avr/lib/avr5/libm.a(divsf3x.o)
                              /usr/lib/gcc/avr/5.4.0/../../../avr/lib/avr5/libm.a(divsf3.o) (__divsf3x)
/usr/lib/gcc/avr/5.4.0/../../../avr/lib/avr5/libm.a(fixsfsi.o)
                              build/MCAL/UART/UART_program.o (__fixsfsi)
/usr/lib/gcc/avr/5.4.0/../../../avr/lib/avr5/libm.a(fixunssfsi.o)
                              build/MCAL/UART/UART_program.o (__fixunssfsi)
/usr/lib/gcc/avr/5.4.0/../../../avr/lib/avr5/libm.a(floatsisf.o)
                              build/HAL/GPS/GPS_Prg.o (__floatunsisf)
/usr/lib/gcc/avr/5.4.0/../../../avr/lib/avr5/libm.a(fp_cmp.o)
                              /usr/lib/gcc/avr/5.4.0/../../../avr/lib/avr5/libm.a(cmpsf2.o) (__fp_cmp)
/usr/lib/gcc/avr/5.4.0/../../../avr/lib/avr5/libm.a(fp_inf.o)
                              /usr/lib/gcc/avr/5.4.0/../../../avr/lib/avr5/libm.a(addsf3x.o) (__fp_inf)
/usr/lib/gcc/avr/5.4.0/../../../avr/lib/avr5/libm.a(fp_nan.o)
                              /usr/lib/gcc/avr/5.4.0/../../../avr/lib/avr5/libm.a(addsf3x.o) (__fp_nan)
/usr/lib/gcc/avr/5.4.0/../../../avr/lib/avr5/libm.a(fp_powser.o)
                              /usr/lib/gcc/avr/5.4.0/../../../avr/lib/avr5/libm.a(atan.o) (__fp_powser)
/usr/lib/gcc/avr/5.4.0/../../../avr/lib/avr5/libm.a(fp_pscA.o)
                              /usr/lib/gcc/avr/5.4.0/../../../avr/lib/avr5/libm.a(addsf3x.o) (__fp_pscA)
/usr/lib/gcc/avr/5.4.0/../../../avr/lib/avr5/libm.a(fp_pscB.o)
                              /usr/lib/gcc/avr/5.4.0/../../../avr/lib/avr5/libm.a(addsf3x.o) (__fp_pscB)
/usr/lib/gcc/avr/5.4.0/../../../avr/lib/avr5/libm.a(fp_rempio2.o)
                              /usr/lib/gcc/avr/5.4.0/../../../avr/lib/avr5/libm.a(cos.o) (__fp_rempio2)
/usr/lib/gcc/avr/5.4.0/../../../avr/lib/avr5/libm.a(fp_round.o)
                              /usr/lib/gcc/avr/5.4.0/../../../avr/lib/avr5/libm.a(addsf3.o) (__fp_round)
/usr/lib/gcc/avr/5.4.0/../../../avr/lib/avr5/libm.a(fp_sinus.o)
                              /usr/lib/gcc/avr/5.4.0/../../../avr/lib/avr5/libm.a(cos.o) (__fp_sinus)
/usr/lib/gcc/avr/5.4.0/../../../avr/lib/avr5/libm.a(fp_split3.o)
                              /usr/lib/gcc/avr/5.4.0/../../../avr/lib/avr5/libm.a(addsf3x.o) (__fp_split3)
/usr/lib/gcc/avr/5.4.0/../../../avr/lib/avr5/libm.a(fp_zero.o)
                              /usr/lib/gcc/avr/5.4.0/../../../avr/lib/avr5/libm.a(addsf3x.o) (__fp_zero)
/usr/lib/gcc/avr/5.4.0/../../../avr/lib/avr5/libm.a(gesf2.o)
                              build/APP/raspberry_pi_protocol.o (__gesf2)
/usr/lib/gcc/avr/5.4.0/../../../avr/lib/avr5/libm.a(inverse.o)
                              /usr/lib/gcc/avr/5.4.0/../../../avr/lib/avr5/libm.a(atan.o) (inverse)
/usr/lib/gcc/avr/5.4.0/../../../avr/lib/avr5/libm.a(mulsf3.o)
                              build/APP/raspberry_pi_protocol.o (__mulsf3)
/usr/lib/gcc/avr/5.4.0/../../../avr/lib/avr5/libm.a(mulsf3x.o)
                              /usr/lib/gcc/avr/5.4.0/../../../avr/lib/avr5/libm.a(atan.o) (__mulsf3x)
/usr/lib/gcc/avr/5.4.0/../../../avr/lib/avr5/libm.a(sin.o)
                              build/HAL/GPS/GPS_Prg.o (sin)
/usr/lib/gcc/avr/5.4.0/../../../avr/lib/avr5/libm.a(sqrt.o)
                              build/APP/raspberry_pi_protocol.o (sqrt)
/usr/lib/gcc/avr/5.4.0/../../../avr/lib/avr5/libm.a(square.o)
                              /usr/lib/gcc/avr/5.4.0/../../../avr/lib/avr5/libm.a(atan.o) (square)
/usr/lib/gcc/avr/5.4.0/../../../avr/lib/avr5/libm.a(fp_mpack.o)
                              /usr/lib/gcc/avr/5.4.0/../../../avr/lib/avr5/libm.a(sqrt.o) (__fp_mpack)
/usr/lib/gcc/avr/5.4.0/../../../avr/lib/avr5/libm.a(fp_norm2.o)
                              /usr/lib/gcc/avr/5.4.0/../../../avr/lib/avr5/libm.a(sqrt.o) (__fp_norm2)
/usr/lib/gcc/avr/5.4.0/../../../avr/lib/avr5/libm.a(fp_powsodd.o)
                              /usr/lib/gcc/avr/5.4.0/../../../avr/lib/avr5/libm.a(fp_sinus.o) (__fp_powsodd)
/usr/lib/gcc/avr/5.4.0/avr5/libgcc.a(_divmodhi4.o)
                              build/MCAL/TIMER0/TIMR0_program.o (__divmodhi4)
/usr/lib/gcc/avr/5.4.0/avr5/libgcc.a(_udivmodsi4.o)
                              build/HAL/ULTRASO/ULTRASO_program.o (__udivmodsi4)
/usr/lib/gcc/avr/5.4.0/avr5/libgcc.a(_divmodsi4.o)
                              build/MCAL/String/String.o (__divmodsi4)
/usr/lib/gcc/avr/5.4.0/avr5/libgcc.a(_negsi2.o)
                              /usr/lib/gcc/avr/5.4.0/avr5/libgcc.a(_divmodsi4.o) (__negsi2)
/usr/lib/gcc/avr/5.4.0/avr5/libgcc.a(_exit.o)
                              /usr/lib/gcc/avr/5.4.0/../../../avr/lib/avr5/crtatmega32a.o (exit)
/usr/lib/gcc/avr/5.4.0/avr5/libgcc.a(_tablejump2.o)
                              build/MCAL/ADC/ADC_program.o (__tablejump2__)
/usr/lib/gcc/avr/5.4.0/avr5/libgcc.a(_copy_data.o)
                              build/MCAL/SPI/SPI.o (__do_copy_data)
/usr/lib/gcc/avr/5.4.0/avr5/libgcc.a(_clear_bss.o)
                              build/main.o (__do_clear_bss)
/usr/lib/gcc/avr/5.4.0/avr5/libgcc.a(_umulhisi3.o)
                              build/HAL/ULTRASO/ULTRASO_program.o (__umulhisi3)
/usr/lib/gcc/avr/5.4.0/avr5/libgcc.a(_muluhisi3.o)
                              build/HAL/GPS/GPS_Prg.o (__muluhisi3)
/usr/lib/gcc/avr/5.4.0/avr5/libgcc.a(_udivmodhi4.o)
                              /usr/lib/gcc/avr/5.4.0/avr5/libgcc.a(_divmodhi4.o) (__udivmodhi4)

Allocating common symbols
Common symbol       size              file

arr                 0xe               build/HAL/MPU6050/MPU_Prg.o
GYZ                 0x2               build/HAL/MPU6050/MPU_Prg.o
ACCY                0x2               build/HAL/MPU6050/MPU_Prg.o
GY                  0x4               build/HAL/MPU6050/MPU_Prg.o
degrees_buffer      0x14              build/HAL/GPS/GPS_Prg.o
AY                  0x4               build/HAL/MPU6050/MPU_Prg.o
T                   0x2               build/HAL/MPU6050/MPU_Prg.o
GYX                 0x2               build/HAL/MPU6050/MPU_Prg.o
GZ                  0x4               build/HAL/MPU6050/MPU_Prg.o
ACCX                0x2               build/HAL/MPU6050/MPU_Prg.o
GYY                 0x2               build/HAL/MPU6050/MPU_Prg.o
AZ                  0x4               build/HAL/MPU6050/MPU_Prg.o
ACCZ                0x2               build/HAL/MPU6050/MPU_Prg.o
GX                  0x4               build/HAL/MPU6050/MPU_Prg.o
TEM                 0x4               build/HAL/MPU6050/MPU_Prg.o
AX                  0x4               build/HAL/MPU6050/MPU_Prg.o

Discarded input sections

 .data          0x0000000000000000        0x0 /usr/lib/gcc/avr/5.4.0/../../../avr/lib/avr5/crtatmega32a.o
 .bss           0x0000000000000000        0x0 /usr/lib/gcc/avr/5.4.0/../../../avr/lib/avr5/crtatmega32a.o
 .text          0x0000000000000000        0x0 build/main.o
 .data          0x0000000000000000        0x0 build/main.o
 .bss           0x0000000000000000        0x0 build/main.o
 .text          0x0000000000000000        0x0 build/APP/raspberry_pi_protocol.o
 .data          0x0000000000000000        0x0 build/APP/raspberry_pi_protocol.o
 .bss           0x0000000000000000        0x0 build/APP/raspberry_pi_protocol.o
 .text.Handle_MotorStop
                0x0000000000000000        0x4 build/APP/raspberry_pi_protocol.o
 .text          0x0000000000000000        0x0 build/MCAL/DIO/DIO_program.o
 .data          0x0000000000000000        0x0 build/MCAL/DIO/DIO_program.o
 .bss           0x0000000000000000        0x0 build/MCAL/DIO/DIO_program.o
 .text.DIO_togglePinValue
                0x0000000000000000       0x64 build/MCAL/DIO/DIO_program.o
 .text.DIO_getPinValue
                0x0000000000000000       0x4a build/MCAL/DIO/DIO_program.o
 .text.DIO_activePullUp
                0x0000000000000000       0x64 build/MCAL/DIO/DIO_program.o
 .text.DIO_setPortDirection
                0x0000000000000000       0x5c build/MCAL/DIO/DIO_program.o
 .text.DIO_setPortValue
                0x0000000000000000       0x5c build/MCAL/DIO/DIO_program.o
 .text.DIO_togglePortValue
                0x0000000000000000       0x30 build/MCAL/DIO/DIO_program.o
 .text.DIO_getPortValue
                0x0000000000000000       0xae build/MCAL/DIO/DIO_program.o
 .text.DIO_activePortPullUp
                0x0000000000000000       0x30 build/MCAL/DIO/DIO_program.o
 .text          0x0000000000000000        0x0 build/MCAL/ADC/ADC_program.o
 .data          0x0000000000000000        0x0 build/MCAL/ADC/ADC_program.o
 .bss           0x0000000000000000        0x0 build/MCAL/ADC/ADC_program.o
 .text.ADC_Initi
                0x0000000000000000       0x2a build/MCAL/ADC/ADC_program.o
 .text.ADC_GetDigitalValue
                0x0000000000000000       0x66 build/MCAL/ADC/ADC_program.o
 .progmem.gcc_sw_table.ADC_GetDigitalValue
                0x0000000000000000        0xe build/MCAL/ADC/ADC_program.o
 .comment       0x0000000000000000       0x12 build/MCAL/ADC/ADC_program.o
 .text          0x0000000000000000        0x0 build/MCAL/EEPROM/EEPROM_Prg.o
 .data          0x0000000000000000        0x0 build/MCAL/EEPROM/EEPROM_Prg.o
 .bss           0x0000000000000000        0x0 build/MCAL/EEPROM/EEPROM_Prg.o
 .text.EEPROM_Write
                0x0000000000000000       0x14 build/MCAL/EEPROM/EEPROM_Prg.o
 .text.EEPROM_Read
                0x0000000000000000        0xe build/MCAL/EEPROM/EEPROM_Prg.o
 .text.EEPROM_InterruptEnable
                0x0000000000000000        0x4 build/MCAL/EEPROM/EEPROM_Prg.o
 .text.EEPROM_InterruptDisable
                0x0000000000000000        0x4 build/MCAL/EEPROM/EEPROM_Prg.o
 .text.EEPROM_SetCallback
                0x0000000000000000        0xa build/MCAL/EEPROM/EEPROM_Prg.o
 .text          0x0000000000000000        0x0 build/MCAL/GIE/GI_program.o
 .data          0x0000000000000000        0x0 build/MCAL/GIE/GI_program.o
 .bss           0x0000000000000000        0x0 build/MCAL/GIE/GI_program.o
 .text.GIE_Initi
                0x0000000000000000       0x16 build/MCAL/GIE/GI_program.o
 .comment       0x0000000000000000       0x12 build/MCAL/GIE/GI_program.o
 .text          0x0000000000000000        0x0 build/MCAL/EXIT/EXIT_program.o
 .data          0x0000000000000000        0x0 build/MCAL/EXIT/EXIT_program.o
 .bss           0x0000000000000000        0x0 build/MCAL/EXIT/EXIT_program.o
 .text.EXIT_Enable
                0x0000000000000000       0xb4 build/MCAL/EXIT/EXIT_program.o
 .text.EXIT_Disable
                0x0000000000000000       0x24 build/MCAL/EXIT/EXIT_program.o
 .text.EXIT_CallBack
                0x0000000000000000        0xe build/MCAL/EXIT/EXIT_program.o
 .text          0x0000000000000000        0x0 build/MCAL/SPI/SPI.o
 .data          0x0000000000000000        0x0 build/MCAL/SPI/SPI.o
 .bss           0x0000000000000000        0x0 build/MCAL/SPI/SPI.o
 .text.SPI_vInitMaster
                0x0000000000000000       0x10 build/MCAL/SPI/SPI.o
 .text.SPI_vInitMasterEx
                0x0000000000000000       0x46 build/MCAL/SPI/SPI.o
 .progmem.gcc_sw_table.SPI_vInitMasterEx
                0x0000000000000000        0xe build/MCAL/SPI/SPI.o
 .text.SPI_vInitMasterConfig
                0x0000000000000000       0x5a build/MCAL/SPI/SPI.o
 .progmem.gcc_sw_table.SPI_vInitMasterConfig
                0x0000000000000000        0xe build/MCAL/SPI/SPI.o
 .text.SPI_vInitSlave
                0x0000000000000000        0xe build/MCAL/SPI/SPI.o
 .text.SPI_vInitSlaveEx
                0x0000000000000000       0x16 build/MCAL/SPI/SPI.o
 .text.SPI_ui8TransmitRecive
                0x0000000000000000       0x28 build/MCAL/SPI/SPI.o
 .text.SPI_vTransmitBuffer
                0x0000000000000000       0x32 build/MCAL/SPI/SPI.o
 .text.SPI_vReceiveBuffer
                0x0000000000000000       0x34 build/MCAL/SPI/SPI.o
 .text.SPI_vTransferBuffer
                0x0000000000000000       0x48 build/MCAL/SPI/SPI.o
 .text.SPI_vSlaveSelect
                0x0000000000000000        0x4 build/MCAL/SPI/SPI.o
 .text.SPI_vSlaveDeselect
                0x0000000000000000        0x4 build/MCAL/SPI/SPI.o
 .text.SPI_vCustomSlaveSelect
                0x0000000000000000       0x1c build/MCAL/SPI/SPI.o
 .text.SPI_vCustomSlaveDeselect
                0x0000000000000000       0x1a build/MCAL/SPI/SPI.o
 .text.SPI_u8IsBusy
                0x0000000000000000        0xc build/MCAL/SPI/SPI.o
 .text.SPI_u8GetError
                0x0000000000000000        0xa build/MCAL/SPI/SPI.o
 .text.SPI_vClearError
                0x0000000000000000       0x1c build/MCAL/SPI/SPI.o
 .text.SPI_vSetClockSpeed
                0x0000000000000000       0x36 build/MCAL/SPI/SPI.o
 .progmem.gcc_sw_table.SPI_vSetClockSpeed
                0x0000000000000000        0xe build/MCAL/SPI/SPI.o
 .text.SPI_vSetMode
                0x0000000000000000       0x10 build/MCAL/SPI/SPI.o
 .text.SPI_vSetDataOrder
                0x0000000000000000        0xc build/MCAL/SPI/SPI.o
 .text.SPI_vEnable
                0x0000000000000000        0x4 build/MCAL/SPI/SPI.o
 .text.SPI_vDisable
                0x0000000000000000        0x4 build/MCAL/SPI/SPI.o
 .text.SPI_u8GetClockSpeed
                0x0000000000000000       0x32 build/MCAL/SPI/SPI.o
 .text.SPI_u8GetMode
                0x0000000000000000       0x10 build/MCAL/SPI/SPI.o
 .rodata.CSWTCH.31
                0x0000000000000000        0x3 build/MCAL/SPI/SPI.o
 .comment       0x0000000000000000       0x12 build/MCAL/SPI/SPI.o
 .text          0x0000000000000000        0x0 build/MCAL/String/String.o
 .data          0x0000000000000000        0x0 build/MCAL/String/String.o
 .bss           0x0000000000000000        0x0 build/MCAL/String/String.o
 .text.Remove_string
                0x0000000000000000       0x18 build/MCAL/String/String.o
 .text.string_reverse
                0x0000000000000000       0x3e build/MCAL/String/String.o
 .text.NUM_tostring
                0x0000000000000000       0xb2 build/MCAL/String/String.o
 .text          0x0000000000000000        0x0 build/MCAL/TIMER0/TIMR0_program.o
 .data          0x0000000000000000        0x0 build/MCAL/TIMER0/TIMR0_program.o
 .bss           0x0000000000000000        0x0 build/MCAL/TIMER0/TIMR0_program.o
 .text.TIMR0_Stop
                0x0000000000000000       0x14 build/MCAL/TIMER0/TIMR0_program.o
 .text.TIMR0_SetCompareMatch
                0x0000000000000000        0x4 build/MCAL/TIMER0/TIMR0_program.o
 .text.TIMR0_MS_Delay
                0x0000000000000000        0xe build/MCAL/TIMER0/TIMR0_program.o
 .text.TIMR0_CallBackOVF
                0x0000000000000000        0xe build/MCAL/TIMER0/TIMR0_program.o
 .text.TIMR0_CallBackCTC
                0x0000000000000000        0xe build/MCAL/TIMER0/TIMR0_program.o
 .text          0x0000000000000000        0x0 build/MCAL/TIMER1/VERSION_2_ULTRA_SONIC/TIMR1_program.o
 .data          0x0000000000000000        0x0 build/MCAL/TIMER1/VERSION_2_ULTRA_SONIC/TIMR1_program.o
 .bss           0x0000000000000000        0x0 build/MCAL/TIMER1/VERSION_2_ULTRA_SONIC/TIMR1_program.o
 .text          0x0000000000000000        0x0 build/MCAL/TWI/TWI_program.o
 .data          0x0000000000000000        0x0 build/MCAL/TWI/TWI_program.o
 .bss           0x0000000000000000        0x0 build/MCAL/TWI/TWI_program.o
 .text.TWI_sendRepStartCondition
                0x0000000000000000       0x1c build/MCAL/TWI/TWI_program.o
 .text.TWI_sendSlaveAddWithWrite
                0x0000000000000000       0x26 build/MCAL/TWI/TWI_program.o
 .text.TWI_sendSlaveAddWithRead
                0x0000000000000000       0x26 build/MCAL/TWI/TWI_program.o
 .text          0x0000000000000000        0x0 build/MCAL/UART/UART_program.o
 .data          0x0000000000000000        0x0 build/MCAL/UART/UART_program.o
 .bss           0x0000000000000000        0x0 build/MCAL/UART/UART_program.o
 .text.UART_RX_Char
                0x0000000000000000       0x10 build/MCAL/UART/UART_program.o
 .text.UART_TX_String
                0x0000000000000000       0x2a build/MCAL/UART/UART_program.o
 .text.UART_RX_String
                0x0000000000000000       0x48 build/MCAL/UART/UART_program.o
 .text.UART_RX_Available
                0x0000000000000000        0xa build/MCAL/UART/UART_program.o
 .text.UART_TX_Number
                0x0000000000000000      0x108 build/MCAL/UART/UART_program.o
 .text.UART_TX_Float
                0x0000000000000000       0xe2 build/MCAL/UART/UART_program.o
 .text          0x0000000000000000        0x0 build/MCAL/WTD/WDT_program.o
 .data          0x0000000000000000        0x0 build/MCAL/WTD/WDT_program.o
 .bss           0x0000000000000000        0x0 build/MCAL/WTD/WDT_program.o
 .text.WDT_Stop
                0x0000000000000000        0x8 build/MCAL/WTD/WDT_program.o
 .text.WDT_Reset
                0x0000000000000000        0x4 build/MCAL/WTD/WDT_program.o
 .text.WDT_Disable
                0x0000000000000000        0x4 build/MCAL/WTD/WDT_program.o
 .text          0x0000000000000000        0x0 build/HAL/Buzzer/BUZZER_Program.o
 .data          0x0000000000000000        0x0 build/HAL/Buzzer/BUZZER_Program.o
 .bss           0x0000000000000000        0x0 build/HAL/Buzzer/BUZZER_Program.o
 .text          0x0000000000000000        0x0 build/HAL/DCM/DCM_program.o
 .data          0x0000000000000000        0x0 build/HAL/DCM/DCM_program.o
 .bss           0x0000000000000000        0x0 build/HAL/DCM/DCM_program.o
 .text.DCM_Inti_Motor_A
                0x0000000000000000        0x4 build/HAL/DCM/DCM_program.o
 .text.DCM_Inti_Motor_B
                0x0000000000000000        0x4 build/HAL/DCM/DCM_program.o
 .text.DCM_OFF  0x0000000000000000        0xa build/HAL/DCM/DCM_program.o
 .text.DCM_Group1_OFF
                0x0000000000000000        0xc build/HAL/DCM/DCM_program.o
 .text.DCM_Group2_OFF
                0x0000000000000000        0xc build/HAL/DCM/DCM_program.o
 .text.DCM_Move_Forward
                0x0000000000000000       0x14 build/HAL/DCM/DCM_program.o
 .text.DCM_Move_Backward
                0x0000000000000000       0x14 build/HAL/DCM/DCM_program.o
 .text.DCM_Turn_Right
                0x0000000000000000       0x14 build/HAL/DCM/DCM_program.o
 .text.DCM_Turn_Left
                0x0000000000000000       0x14 build/HAL/DCM/DCM_program.o
 .text          0x0000000000000000        0x0 build/HAL/GPS/GPS_Prg.o
 .data          0x0000000000000000        0x0 build/HAL/GPS/GPS_Prg.o
 .bss           0x0000000000000000        0x0 build/HAL/GPS/GPS_Prg.o
 .text.GPS_Distance
                0x0000000000000000      0x212 build/HAL/GPS/GPS_Prg.o
 .text.GPS_ConvertLatLongToXY
                0x0000000000000000      0x18e build/HAL/GPS/GPS_Prg.o
 COMMON         0x0000000000000000       0x14 build/HAL/GPS/GPS_Prg.o
 .text          0x0000000000000000        0x0 build/HAL/LCD/LCD_program.o
 .data          0x0000000000000000        0x0 build/HAL/LCD/LCD_program.o
 .bss           0x0000000000000000        0x0 build/HAL/LCD/LCD_program.o
 .text.LCD_writeByte
                0x0000000000000000       0x28 build/HAL/LCD/LCD_program.o
 .text.LCD_pulseEnable
                0x0000000000000000       0x2a build/HAL/LCD/LCD_program.o
 .text.LCD_sendNibble
                0x0000000000000000       0x24 build/HAL/LCD/LCD_program.o
 .text.LCD_sendCommand
                0x0000000000000000       0x38 build/HAL/LCD/LCD_program.o
 .text.LCD_sendChar
                0x0000000000000000       0x28 build/HAL/LCD/LCD_program.o
 .text.LCD_writeString
                0x0000000000000000       0x2a build/HAL/LCD/LCD_program.o
 .text.LCD_clear
                0x0000000000000000       0x14 build/HAL/LCD/LCD_program.o
 .text.LCD_writeNumber
                0x0000000000000000       0x3a build/HAL/LCD/LCD_program.o
 .text.LCD_writeSignedNumber
                0x0000000000000000        0x4 build/HAL/LCD/LCD_program.o
 .text.LCD_goTo
                0x0000000000000000       0x24 build/HAL/LCD/LCD_program.o
 .text.LCD_clearPosition
                0x0000000000000000       0x1e build/HAL/LCD/LCD_program.o
 .text.LCD_clearLine
                0x0000000000000000       0x24 build/HAL/LCD/LCD_program.o
 .text.LCD_backlightOn
                0x0000000000000000        0xc build/HAL/LCD/LCD_program.o
 .text.LCD_init
                0x0000000000000000       0xbc build/HAL/LCD/LCD_program.o
 .text.LCD_backlightOff
                0x0000000000000000        0xa build/HAL/LCD/LCD_program.o
 .text.LCD_writeFloat
                0x0000000000000000       0x9c build/HAL/LCD/LCD_program.o
 .rodata.str1.1
                0x0000000000000000      0x152 build/HAL/LCD/LCD_program.o
 .text.LCD_testBasic
                0x0000000000000000       0x38 build/HAL/LCD/LCD_program.o
 .text.LCD_testNumbers
                0x0000000000000000       0x64 build/HAL/LCD/LCD_program.o
 .text.LCD_testFloat
                0x0000000000000000       0x5c build/HAL/LCD/LCD_program.o
 .text.LCD_testAllLines
                0x0000000000000000       0x50 build/HAL/LCD/LCD_program.o
 .text.LCD_testBacklight
                0x0000000000000000       0x6a build/HAL/LCD/LCD_program.o
 .text.LCD_testStringCompare
                0x0000000000000000       0xcc build/HAL/LCD/LCD_program.o
 .text.LCD_testStringLength
                0x0000000000000000       0x86 build/HAL/LCD/LCD_program.o
 .text.LCD_testClearPosition
                0x0000000000000000       0x76 build/HAL/LCD/LCD_program.o
 .text.LCD_runAllTests
                0x0000000000000000       0xd4 build/HAL/LCD/LCD_program.o
 .data.backlightState
                0x0000000000000000        0x1 build/HAL/LCD/LCD_program.o
 .comment       0x0000000000000000       0x12 build/HAL/LCD/LCD_program.o
 .text          0x0000000000000000        0x0 build/HAL/LED/LEDS_Program.o
 .data          0x0000000000000000        0x0 build/HAL/LED/LEDS_Program.o
 .bss           0x0000000000000000        0x0 build/HAL/LED/LEDS_Program.o
 .text          0x0000000000000000        0x0 build/HAL/MPU6050/MPU_Prg.o
 .data          0x0000000000000000        0x0 build/HAL/MPU6050/MPU_Prg.o
 .bss           0x0000000000000000        0x0 build/HAL/MPU6050/MPU_Prg.o
 .text.MPU6050_TestConnection
                0x0000000000000000       0x22 build/HAL/MPU6050/MPU_Prg.o
 .text          0x0000000000000000        0x0 build/HAL/QMC5883L/QMC_Prg.o
 .data          0x0000000000000000        0x0 build/HAL/QMC5883L/QMC_Prg.o
 .bss           0x0000000000000000        0x0 build/HAL/QMC5883L/QMC_Prg.o
 .text.QMC5883L_TestConnection
                0x0000000000000000       0x22 build/HAL/QMC5883L/QMC_Prg.o
 .text          0x0000000000000000        0x0 build/HAL/ULTRASO/ULTRASO_program.o
 .data          0x0000000000000000        0x0 build/HAL/ULTRASO/ULTRASO_program.o
 .bss           0x0000000000000000        0x0 build/HAL/ULTRASO/ULTRASO_program.o
 .text          0x0000000000000000        0x0 /usr/lib/gcc/avr/5.4.0/../../../avr/lib/avr5/libm.a(addsf3.o)
 .data          0x0000000000000000        0x0 /usr/lib/gcc/avr/5.4.0/../../../avr/lib/avr5/libm.a(addsf3.o)
 .bss           0x0000000000000000        0x0 /usr/lib/gcc/avr/5.4.0/../../../avr/lib/avr5/libm.a(addsf3.o)
 .text          0x0000000000000000        0x0 /usr/lib/gcc/avr/5.4.0/../../../avr/lib/avr5/libm.a(addsf3x.o)
 .data          0x0000000000000000        0x0 /usr/lib/gcc/avr/5.4.0/../../../avr/lib/avr5/libm.a(addsf3x.o)
 .bss           0x0000000000000000        0x0 /usr/lib/gcc/avr/5.4.0/../../../avr/lib/avr5/libm.a(addsf3x.o)
 .text          0x0000000000000000        0x0 /usr/lib/gcc/avr/5.4.0/../../../avr/lib/avr5/libm.a(atan2.o)
 .data          0x0000000000000000        0x0 /usr/lib/gcc/avr/5.4.0/../../../avr/lib/avr5/libm.a(atan2.o)
 .bss           0x0000000000000000        0x0 /usr/lib/gcc/avr/5.4.0/../../../avr/lib/avr5/libm.a(atan2.o)
 .text          0x0000000000000000        0x0 /usr/lib/gcc/avr/5.4.0/../../../avr/lib/avr5/libm.a(atan.o)
 .data          0x0000000000000000        0x0 /usr/lib/gcc/avr/5.4.0/../../../avr/lib/avr5/libm.a(atan.o)
 .bss           0x0000000000000000        0x0 /usr/lib/gcc/avr/5.4.0/../../../avr/lib/avr5/libm.a(atan.o)
 .text          0x0000000000000000        0x0 /usr/lib/gcc/avr/5.4.0/../../../avr/lib/avr5/libm.a(cmpsf2.o)
 .data          0x0000000000000000        0x0 /usr/lib/gcc/avr/5.4.0/../../../avr/lib/avr5/libm.a(cmpsf2.o)
 .bss           0x0000000000000000        0x0 /usr/lib/gcc/avr/5.4.0/../../../avr/lib/avr5/libm.a(cmpsf2.o)
 .text          0x0000000000000000        0x0 /usr/lib/gcc/avr/5.4.0/../../../avr/lib/avr5/libm.a(cos.o)
 .data          0x0000000000000000        0x0 /usr/lib/gcc/avr/5.4.0/../../../avr/lib/avr5/libm.a(cos.o)
 .bss           0x0000000000000000        0x0 /usr/lib/gcc/avr/5.4.0/../../../avr/lib/avr5/libm.a(cos.o)
 .text.avr-libc.fplib
                0x0000000000000000        0xa /usr/lib/gcc/avr/5.4.0/../../../avr/lib/avr5/libm.a(cos.o)
 .text          0x0000000000000000        0x0 /usr/lib/gcc/avr/5.4.0/../../../avr/lib/avr5/libm.a(divsf3.o)
 .data          0x0000000000000000        0x0 /usr/lib/gcc/avr/5.4.0/../../../avr/lib/avr5/libm.a(divsf3.o)
 .bss           0x0000000000000000        0x0 /usr/lib/gcc/avr/5.4.0/../../../avr/lib/avr5/libm.a(divsf3.o)
 .text          0x0000000000000000        0x0 /usr/lib/gcc/avr/5.4.0/../../../avr/lib/avr5/libm.a(divsf3x.o)
 .data          0x0000000000000000        0x0 /usr/lib/gcc/avr/5.4.0/../../../avr/lib/avr5/libm.a(divsf3x.o)
 .bss           0x0000000000000000        0x0 /usr/lib/gcc/avr/5.4.0/../../../avr/lib/avr5/libm.a(divsf3x.o)
 .text          0x0000000000000000        0x0 /usr/lib/gcc/avr/5.4.0/../../../avr/lib/avr5/libm.a(fixsfsi.o)
 .data          0x0000000000000000        0x0 /usr/lib/gcc/avr/5.4.0/../../../avr/lib/avr5/libm.a(fixsfsi.o)
 .bss           0x0000000000000000        0x0 /usr/lib/gcc/avr/5.4.0/../../../avr/lib/avr5/libm.a(fixsfsi.o)
 .text.avr-libc.fplib
                0x0000000000000000        0xe /usr/lib/gcc/avr/5.4.0/../../../avr/lib/avr5/libm.a(fixsfsi.o)
 .text          0x0000000000000000        0x0 /usr/lib/gcc/avr/5.4.0/../../../avr/lib/avr5/libm.a(fixunssfsi.o)
 .data          0x0000000000000000        0x0 /usr/lib/gcc/avr/5.4.0/../../../avr/lib/avr5/libm.a(fixunssfsi.o)
 .bss           0x0000000000000000        0x0 /usr/lib/gcc/avr/5.4.0/../../../avr/lib/avr5/libm.a(fixunssfsi.o)
 .text          0x0000000000000000        0x0 /usr/lib/gcc/avr/5.4.0/../../../avr/lib/avr5/libm.a(floatsisf.o)
 .data          0x0000000000000000        0x0 /usr/lib/gcc/avr/5.4.0/../../../avr/lib/avr5/libm.a(floatsisf.o)
 .bss           0x0000000000000000        0x0 /usr/lib/gcc/avr/5.4.0/../../../avr/lib/avr5/libm.a(floatsisf.o)
 .text          0x0000000000000000        0x0 /usr/lib/gcc/avr/5.4.0/../../../avr/lib/avr5/libm.a(fp_cmp.o)
 .data          0x0000000000000000        0x0 /usr/lib/gcc/avr/5.4.0/../../../avr/lib/avr5/libm.a(fp_cmp.o)
 .bss           0x0000000000000000        0x0 /usr/lib/gcc/avr/5.4.0/../../../avr/lib/avr5/libm.a(fp_cmp.o)
 .text          0x0000000000000000        0x0 /usr/lib/gcc/avr/5.4.0/../../../avr/lib/avr5/libm.a(fp_inf.o)
 .data          0x0000000000000000        0x0 /usr/lib/gcc/avr/5.4.0/../../../avr/lib/avr5/libm.a(fp_inf.o)
 .bss           0x0000000000000000        0x0 /usr/lib/gcc/avr/5.4.0/../../../avr/lib/avr5/libm.a(fp_inf.o)
 .text          0x0000000000000000        0x0 /usr/lib/gcc/avr/5.4.0/../../../avr/lib/avr5/libm.a(fp_nan.o)
 .data          0x0000000000000000        0x0 /usr/lib/gcc/avr/5.4.0/../../../avr/lib/avr5/libm.a(fp_nan.o)
 .bss           0x0000000000000000        0x0 /usr/lib/gcc/avr/5.4.0/../../../avr/lib/avr5/libm.a(fp_nan.o)
 .text          0x0000000000000000        0x0 /usr/lib/gcc/avr/5.4.0/../../../avr/lib/avr5/libm.a(fp_powser.o)
 .data          0x0000000000000000        0x0 /usr/lib/gcc/avr/5.4.0/../../../avr/lib/avr5/libm.a(fp_powser.o)
 .bss           0x0000000000000000        0x0 /usr/lib/gcc/avr/5.4.0/../../../avr/lib/avr5/libm.a(fp_powser.o)
 .text          0x0000000000000000        0x0 /usr/lib/gcc/avr/5.4.0/../../../avr/lib/avr5/libm.a(fp_pscA.o)
 .data          0x0000000000000000        0x0 /usr/lib/gcc/avr/5.4.0/../../../avr/lib/avr5/libm.a(fp_pscA.o)
 .bss           0x0000000000000000        0x0 /usr/lib/gcc/avr/5.4.0/../../../avr/lib/avr5/libm.a(fp_pscA.o)
 .text          0x0000000000000000        0x0 /usr/lib/gcc/avr/5.4.0/../../../avr/lib/avr5/libm.a(fp_pscB.o)
 .data          0x0000000000000000        0x0 /usr/lib/gcc/avr/5.4.0/../../../avr/lib/avr5/libm.a(fp_pscB.o)
 .bss           0x0000000000000000        0x0 /usr/lib/gcc/avr/5.4.0/../../../avr/lib/avr5/libm.a(fp_pscB.o)
 .text          0x0000000000000000        0x0 /usr/lib/gcc/avr/5.4.0/../../../avr/lib/avr5/libm.a(fp_rempio2.o)
 .data          0x0000000000000000        0x0 /usr/lib/gcc/avr/5.4.0/../../../avr/lib/avr5/libm.a(fp_rempio2.o)
 .bss           0x0000000000000000        0x0 /usr/lib/gcc/avr/5.4.0/../../../avr/lib/avr5/libm.a(fp_rempio2.o)
 .text.avr-libc.fplib
                0x0000000000000000       0x56 /usr/lib/gcc/avr/5.4.0/../../../avr/lib/avr5/libm.a(fp_rempio2.o)
 .text          0x0000000000000000        0x0 /usr/lib/gcc/avr/5.4.0/../../../avr/lib/avr5/libm.a(fp_round.o)
 .data          0x0000000000000000        0x0 /usr/lib/gcc/avr/5.4.0/../../../avr/lib/avr5/libm.a(fp_round.o)
 .bss           0x0000000000000000        0x0 /usr/lib/gcc/avr/5.4.0/../../../avr/lib/avr5/libm.a(fp_round.o)
 .text          0x0000000000000000        0x0 /usr/lib/gcc/avr/5.4.0/../../../avr/lib/avr5/libm.a(fp_sinus.o)
 .data          0x0000000000000000        0x0 /usr/lib/gcc/avr/5.4.0/../../../avr/lib/avr5/libm.a(fp_sinus.o)
 .bss           0x0000000000000000        0x0 /usr/lib/gcc/avr/5.4.0/../../../avr/lib/avr5/libm.a(fp_sinus.o)
 .text.avr-libc.fplib
                0x0000000000000000       0x28 /usr/lib/gcc/avr/5.4.0/../../../avr/lib/avr5/libm.a(fp_sinus.o)
 .progmem.gcc_fplib
                0x0000000000000000       0x1e /usr/lib/gcc/avr/5.4.0/../../../avr/lib/avr5/libm.a(fp_sinus.o)
 .text          0x0000000000000000        0x0 /usr/lib/gcc/avr/5.4.0/../../../avr/lib/avr5/libm.a(fp_split3.o)
 .data          0x0000000000000000        0x0 /usr/lib/gcc/avr/5.4.0/../../../avr/lib/avr5/libm.a(fp_split3.o)
 .bss           0x0000000000000000        0x0 /usr/lib/gcc/avr/5.4.0/../../../avr/lib/avr5/libm.a(fp_split3.o)
 .text          0x0000000000000000        0x0 /usr/lib/gcc/avr/5.4.0/../../../avr/lib/avr5/libm.a(fp_zero.o)
 .data          0x0000000000000000        0x0 /usr/lib/gcc/avr/5.4.0/../../../avr/lib/avr5/libm.a(fp_zero.o)
 .bss           0x0000000000000000        0x0 /usr/lib/gcc/avr/5.4.0/../../../avr/lib/avr5/libm.a(fp_zero.o)
 .text          0x0000000000000000        0x0 /usr/lib/gcc/avr/5.4.0/../../../avr/lib/avr5/libm.a(gesf2.o)
 .data          0x0000000000000000        0x0 /usr/lib/gcc/avr/5.4.0/../../../avr/lib/avr5/libm.a(gesf2.o)
 .bss           0x0000000000000000        0x0 /usr/lib/gcc/avr/5.4.0/../../../avr/lib/avr5/libm.a(gesf2.o)
 .text          0x0000000000000000        0x0 /usr/lib/gcc/avr/5.4.0/../../../avr/lib/avr5/libm.a(inverse.o)
 .data          0x0000000000000000        0x0 /usr/lib/gcc/avr/5.4.0/../../../avr/lib/avr5/libm.a(inverse.o)
 .bss           0x0000000000000000        0x0 /usr/lib/gcc/avr/5.4.0/../../../avr/lib/avr5/libm.a(inverse.o)
 .text          0x0000000000000000        0x0 /usr/lib/gcc/avr/5.4.0/../../../avr/lib/avr5/libm.a(mulsf3.o)
 .data          0x0000000000000000        0x0 /usr/lib/gcc/avr/5.4.0/../../../avr/lib/avr5/libm.a(mulsf3.o)
 .bss           0x0000000000000000        0x0 /usr/lib/gcc/avr/5.4.0/../../../avr/lib/avr5/libm.a(mulsf3.o)
 .text          0x0000000000000000        0x0 /usr/lib/gcc/avr/5.4.0/../../../avr/lib/avr5/libm.a(mulsf3x.o)
 .data          0x0000000000000000        0x0 /usr/lib/gcc/avr/5.4.0/../../../avr/lib/avr5/libm.a(mulsf3x.o)
 .bss           0x0000000000000000        0x0 /usr/lib/gcc/avr/5.4.0/../../../avr/lib/avr5/libm.a(mulsf3x.o)
 .text          0x0000000000000000        0x0 /usr/lib/gcc/avr/5.4.0/../../../avr/lib/avr5/libm.a(sin.o)
 .data          0x0000000000000000        0x0 /usr/lib/gcc/avr/5.4.0/../../../avr/lib/avr5/libm.a(sin.o)
 .bss           0x0000000000000000        0x0 /usr/lib/gcc/avr/5.4.0/../../../avr/lib/avr5/libm.a(sin.o)
 .text.avr-libc.fplib
                0x0000000000000000       0x10 /usr/lib/gcc/avr/5.4.0/../../../avr/lib/avr5/libm.a(sin.o)
 .text          0x0000000000000000        0x0 /usr/lib/gcc/avr/5.4.0/../../../avr/lib/avr5/libm.a(sqrt.o)
 .data          0x0000000000000000        0x0 /usr/lib/gcc/avr/5.4.0/../../../avr/lib/avr5/libm.a(sqrt.o)
 .bss           0x0000000000000000        0x0 /usr/lib/gcc/avr/5.4.0/../../../avr/lib/avr5/libm.a(sqrt.o)
 .text          0x0000000000000000        0x0 /usr/lib/gcc/avr/5.4.0/../../../avr/lib/avr5/libm.a(square.o)
 .data          0x0000000000000000        0x0 /usr/lib/gcc/avr/5.4.0/../../../avr/lib/avr5/libm.a(square.o)
 .bss           0x0000000000000000        0x0 /usr/lib/gcc/avr/5.4.0/../../../avr/lib/avr5/libm.a(square.o)
 .text          0x0000000000000000        0x0 /usr/lib/gcc/avr/5.4.0/../../../avr/lib/avr5/libm.a(fp_mpack.o)
 .data          0x0000000000000000        0x0 /usr/lib/gcc/avr/5.4.0/../../../avr/lib/avr5/libm.a(fp_mpack.o)
 .bss           0x0000000000000000        0x0 /usr/lib/gcc/avr/5.4.0/../../../avr/lib/avr5/libm.a(fp_mpack.o)
 .text          0x0000000000000000        0x0 /usr/lib/gcc/avr/5.4.0/../../../avr/lib/avr5/libm.a(fp_norm2.o)
 .data          0x0000000000000000        0x0 /usr/lib/gcc/avr/5.4.0/../../../avr/lib/avr5/libm.a(fp_norm2.o)
 .bss           0x0000000000000000        0x0 /usr/lib/gcc/avr/5.4.0/../../../avr/lib/avr5/libm.a(fp_norm2.o)
 .text          0x0000000000000000        0x0 /usr/lib/gcc/avr/5.4.0/../../../avr/lib/avr5/libm.a(fp_powsodd.o)
 .data          0x0000000000000000        0x0 /usr/lib/gcc/avr/5.4.0/../../../avr/lib/avr5/libm.a(fp_powsodd.o)
 .bss           0x0000000000000000        0x0 /usr/lib/gcc/avr/5.4.0/../../../avr/lib/avr5/libm.a(fp_powsodd.o)
 .text.avr-libc.fplib
                0x0000000000000000       0x28 /usr/lib/gcc/avr/5.4.0/../../../avr/lib/avr5/libm.a(fp_powsodd.o)
 .text          0x0000000000000000        0x0 /usr/lib/gcc/avr/5.4.0/avr5/libgcc.a(_divmodhi4.o)
 .data          0x0000000000000000        0x0 /usr/lib/gcc/avr/5.4.0/avr5/libgcc.a(_divmodhi4.o)
 .bss           0x0000000000000000        0x0 /usr/lib/gcc/avr/5.4.0/avr5/libgcc.a(_divmodhi4.o)
 .text.libgcc.mul
                0x0000000000000000        0x0 /usr/lib/gcc/avr/5.4.0/avr5/libgcc.a(_divmodhi4.o)
 .text.libgcc   0x0000000000000000        0x0 /usr/lib/gcc/avr/5.4.0/avr5/libgcc.a(_divmodhi4.o)
 .text.libgcc.prologue
                0x0000000000000000        0x0 /usr/lib/gcc/avr/5.4.0/avr5/libgcc.a(_divmodhi4.o)
 .text.libgcc.builtins
                0x0000000000000000        0x0 /usr/lib/gcc/avr/5.4.0/avr5/libgcc.a(_divmodhi4.o)
 .text.libgcc.fmul
                0x0000000000000000        0x0 /usr/lib/gcc/avr/5.4.0/avr5/libgcc.a(_divmodhi4.o)
 .text.libgcc.fixed
                0x0000000000000000        0x0 /usr/lib/gcc/avr/5.4.0/avr5/libgcc.a(_divmodhi4.o)
 .text          0x0000000000000000        0x0 /usr/lib/gcc/avr/5.4.0/avr5/libgcc.a(_udivmodsi4.o)
 .data          0x0000000000000000        0x0 /usr/lib/gcc/avr/5.4.0/avr5/libgcc.a(_udivmodsi4.o)
 .bss           0x0000000000000000        0x0 /usr/lib/gcc/avr/5.4.0/avr5/libgcc.a(_udivmodsi4.o)
 .text.libgcc.mul
                0x0000000000000000        0x0 /usr/lib/gcc/avr/5.4.0/avr5/libgcc.a(_udivmodsi4.o)
 .text.libgcc   0x0000000000000000        0x0 /usr/lib/gcc/avr/5.4.0/avr5/libgcc.a(_udivmodsi4.o)
 .text.libgcc.prologue
                0x0000000000000000        0x0 /usr/lib/gcc/avr/5.4.0/avr5/libgcc.a(_udivmodsi4.o)
 .text.libgcc.builtins
                0x0000000000000000        0x0 /usr/lib/gcc/avr/5.4.0/avr5/libgcc.a(_udivmodsi4.o)
 .text.libgcc.fmul
                0x0000000000000000        0x0 /usr/lib/gcc/avr/5.4.0/avr5/libgcc.a(_udivmodsi4.o)
 .text.libgcc.fixed
                0x0000000000000000        0x0 /usr/lib/gcc/avr/5.4.0/avr5/libgcc.a(_udivmodsi4.o)
 .text          0x0000000000000000        0x0 /usr/lib/gcc/avr/5.4.0/avr5/libgcc.a(_divmodsi4.o)
 .data          0x0000000000000000        0x0 /usr/lib/gcc/avr/5.4.0/avr5/libgcc.a(_divmodsi4.o)
 .bss           0x0000000000000000        0x0 /usr/lib/gcc/avr/5.4.0/avr5/libgcc.a(_divmodsi4.o)
 .text.libgcc.mul
                0x0000000000000000        0x0 /usr/lib/gcc/avr/5.4.0/avr5/libgcc.a(_divmodsi4.o)
 .text.libgcc.div
                0x0000000000000000       0x2e /usr/lib/gcc/avr/5.4.0/avr5/libgcc.a(_divmodsi4.o)
 .text.libgcc   0x0000000000000000        0x0 /usr/lib/gcc/avr/5.4.0/avr5/libgcc.a(_divmodsi4.o)
 .text.libgcc.prologue
                0x0000000000000000        0x0 /usr/lib/gcc/avr/5.4.0/avr5/libgcc.a(_divmodsi4.o)
 .text.libgcc.builtins
                0x0000000000000000        0x0 /usr/lib/gcc/avr/5.4.0/avr5/libgcc.a(_divmodsi4.o)
 .text.libgcc.fmul
                0x0000000000000000        0x0 /usr/lib/gcc/avr/5.4.0/avr5/libgcc.a(_divmodsi4.o)
 .text.libgcc.fixed
                0x0000000000000000        0x0 /usr/lib/gcc/avr/5.4.0/avr5/libgcc.a(_divmodsi4.o)
 .text          0x0000000000000000        0x0 /usr/lib/gcc/avr/5.4.0/avr5/libgcc.a(_negsi2.o)
 .data          0x0000000000000000        0x0 /usr/lib/gcc/avr/5.4.0/avr5/libgcc.a(_negsi2.o)
 .bss           0x0000000000000000        0x0 /usr/lib/gcc/avr/5.4.0/avr5/libgcc.a(_negsi2.o)
 .text.libgcc.mul
                0x0000000000000000        0x0 /usr/lib/gcc/avr/5.4.0/avr5/libgcc.a(_negsi2.o)
 .text.libgcc.div
                0x0000000000000000       0x10 /usr/lib/gcc/avr/5.4.0/avr5/libgcc.a(_negsi2.o)
 .text.libgcc   0x0000000000000000        0x0 /usr/lib/gcc/avr/5.4.0/avr5/libgcc.a(_negsi2.o)
 .text.libgcc.prologue
                0x0000000000000000        0x0 /usr/lib/gcc/avr/5.4.0/avr5/libgcc.a(_negsi2.o)
 .text.libgcc.builtins
                0x0000000000000000        0x0 /usr/lib/gcc/avr/5.4.0/avr5/libgcc.a(_negsi2.o)
 .text.libgcc.fmul
                0x0000000000000000        0x0 /usr/lib/gcc/avr/5.4.0/avr5/libgcc.a(_negsi2.o)
 .text.libgcc.fixed
                0x0000000000000000        0x0 /usr/lib/gcc/avr/5.4.0/avr5/libgcc.a(_negsi2.o)
 .text          0x0000000000000000        0x0 /usr/lib/gcc/avr/5.4.0/avr5/libgcc.a(_exit.o)
 .data          0x0000000000000000        0x0 /usr/lib/gcc/avr/5.4.0/avr5/libgcc.a(_exit.o)
 .bss           0x0000000000000000        0x0 /usr/lib/gcc/avr/5.4.0/avr5/libgcc.a(_exit.o)
 .text.libgcc.mul
                0x0000000000000000        0x0 /usr/lib/gcc/avr/5.4.0/avr5/libgcc.a(_exit.o)
 .text.libgcc.div
                0x0000000000000000        0x0 /usr/lib/gcc/avr/5.4.0/avr5/libgcc.a(_exit.o)
 .text.libgcc   0x0000000000000000        0x0 /usr/lib/gcc/avr/5.4.0/avr5/libgcc.a(_exit.o)
 .text.libgcc.prologue
                0x0000000000000000        0x0 /usr/lib/gcc/avr/5.4.0/avr5/libgcc.a(_exit.o)
 .text.libgcc.builtins
                0x0000000000000000        0x0 /usr/lib/gcc/avr/5.4.0/avr5/libgcc.a(_exit.o)
 .text.libgcc.fmul
                0x0000000000000000        0x0 /usr/lib/gcc/avr/5.4.0/avr5/libgcc.a(_exit.o)
 .text.libgcc.fixed
                0x0000000000000000        0x0 /usr/lib/gcc/avr/5.4.0/avr5/libgcc.a(_exit.o)
 .text          0x0000000000000000        0x0 /usr/lib/gcc/avr/5.4.0/avr5/libgcc.a(_tablejump2.o)
 .data          0x0000000000000000        0x0 /usr/lib/gcc/avr/5.4.0/avr5/libgcc.a(_tablejump2.o)
 .bss           0x0000000000000000        0x0 /usr/lib/gcc/avr/5.4.0/avr5/libgcc.a(_tablejump2.o)
 .text.libgcc.mul
                0x0000000000000000        0x0 /usr/lib/gcc/avr/5.4.0/avr5/libgcc.a(_tablejump2.o)
 .text.libgcc.div
                0x0000000000000000        0x0 /usr/lib/gcc/avr/5.4.0/avr5/libgcc.a(_tablejump2.o)
 .text.libgcc.prologue
                0x0000000000000000        0x0 /usr/lib/gcc/avr/5.4.0/avr5/libgcc.a(_tablejump2.o)
 .text.libgcc.builtins
                0x0000000000000000        0x0 /usr/lib/gcc/avr/5.4.0/avr5/libgcc.a(_tablejump2.o)
 .text.libgcc.fmul
                0x0000000000000000        0x0 /usr/lib/gcc/avr/5.4.0/avr5/libgcc.a(_tablejump2.o)
 .text.libgcc.fixed
                0x0000000000000000        0x0 /usr/lib/gcc/avr/5.4.0/avr5/libgcc.a(_tablejump2.o)
 .text          0x0000000000000000        0x0 /usr/lib/gcc/avr/5.4.0/avr5/libgcc.a(_copy_data.o)
 .data          0x0000000000000000        0x0 /usr/lib/gcc/avr/5.4.0/avr5/libgcc.a(_copy_data.o)
 .bss           0x0000000000000000        0x0 /usr/lib/gcc/avr/5.4.0/avr5/libgcc.a(_copy_data.o)
 .text.libgcc.mul
                0x0000000000000000        0x0 /usr/lib/gcc/avr/5.4.0/avr5/libgcc.a(_copy_data.o)
 .text.libgcc.div
                0x0000000000000000        0x0 /usr/lib/gcc/avr/5.4.0/avr5/libgcc.a(_copy_data.o)
 .text.libgcc   0x0000000000000000        0x0 /usr/lib/gcc/avr/5.4.0/avr5/libgcc.a(_copy_data.o)
 .text.libgcc.prologue
                0x0000000000000000        0x0 /usr/lib/gcc/avr/5.4.0/avr5/libgcc.a(_copy_data.o)
 .text.libgcc.builtins
                0x0000000000000000        0x0 /usr/lib/gcc/avr/5.4.0/avr5/libgcc.a(_copy_data.o)
 .text.libgcc.fmul
                0x0000000000000000        0x0 /usr/lib/gcc/avr/5.4.0/avr5/libgcc.a(_copy_data.o)
 .text.libgcc.fixed
                0x0000000000000000        0x0 /usr/lib/gcc/avr/5.4.0/avr5/libgcc.a(_copy_data.o)
 .text          0x0000000000000000        0x0 /usr/lib/gcc/avr/5.4.0/avr5/libgcc.a(_clear_bss.o)
 .data          0x0000000000000000        0x0 /usr/lib/gcc/avr/5.4.0/avr5/libgcc.a(_clear_bss.o)
 .bss           0x0000000000000000        0x0 /usr/lib/gcc/avr/5.4.0/avr5/libgcc.a(_clear_bss.o)
 .text.libgcc.mul
                0x0000000000000000        0x0 /usr/lib/gcc/avr/5.4.0/avr5/libgcc.a(_clear_bss.o)
 .text.libgcc.div
                0x0000000000000000        0x0 /usr/lib/gcc/avr/5.4.0/avr5/libgcc.a(_clear_bss.o)
 .text.libgcc   0x0000000000000000        0x0 /usr/lib/gcc/avr/5.4.0/avr5/libgcc.a(_clear_bss.o)
 .text.libgcc.prologue
                0x0000000000000000        0x0 /usr/lib/gcc/avr/5.4.0/avr5/libgcc.a(_clear_bss.o)
 .text.libgcc.builtins
                0x0000000000000000        0x0 /usr/lib/gcc/avr/5.4.0/avr5/libgcc.a(_clear_bss.o)
 .text.libgcc.fmul
                0x0000000000000000        0x0 /usr/lib/gcc/avr/5.4.0/avr5/libgcc.a(_clear_bss.o)
 .text.libgcc.fixed
                0x0000000000000000        0x0 /usr/lib/gcc/avr/5.4.0/avr5/libgcc.a(_clear_bss.o)
 .text          0x0000000000000000        0x0 /usr/lib/gcc/avr/5.4.0/avr5/libgcc.a(_umulhisi3.o)
 .data          0x0000000000000000        0x0 /usr/lib/gcc/avr/5.4.0/avr5/libgcc.a(_umulhisi3.o)
 .bss           0x0000000000000000        0x0 /usr/lib/gcc/avr/5.4.0/avr5/libgcc.a(_umulhisi3.o)
 .text.libgcc.div
                0x0000000000000000        0x0 /usr/lib/gcc/avr/5.4.0/avr5/libgcc.a(_umulhisi3.o)
 .text.libgcc   0x0000000000000000        0x0 /usr/lib/gcc/avr/5.4.0/avr5/libgcc.a(_umulhisi3.o)
 .text.libgcc.prologue
                0x0000000000000000        0x0 /usr/lib/gcc/avr/5.4.0/avr5/libgcc.a(_umulhisi3.o)
 .text.libgcc.builtins
                0x0000000000000000        0x0 /usr/lib/gcc/avr/5.4.0/avr5/libgcc.a(_umulhisi3.o)
 .text.libgcc.fmul
                0x0000000000000000        0x0 /usr/lib/gcc/avr/5.4.0/avr5/libgcc.a(_umulhisi3.o)
 .text.libgcc.fixed
                0x0000000000000000        0x0 /usr/lib/gcc/avr/5.4.0/avr5/libgcc.a(_umulhisi3.o)
 .text          0x0000000000000000        0x0 /usr/lib/gcc/avr/5.4.0/avr5/libgcc.a(_muluhisi3.o)
 .data          0x0000000000000000        0x0 /usr/lib/gcc/avr/5.4.0/avr5/libgcc.a(_muluhisi3.o)
 .bss           0x0000000000000000        0x0 /usr/lib/gcc/avr/5.4.0/avr5/libgcc.a(_muluhisi3.o)
 .text.libgcc.div
                0x0000000000000000        0x0 /usr/lib/gcc/avr/5.4.0/avr5/libgcc.a(_muluhisi3.o)
 .text.libgcc   0x0000000000000000        0x0 /usr/lib/gcc/avr/5.4.0/avr5/libgcc.a(_muluhisi3.o)
 .text.libgcc.prologue
                0x0000000000000000        0x0 /usr/lib/gcc/avr/5.4.0/avr5/libgcc.a(_muluhisi3.o)
 .text.libgcc.builtins
                0x0000000000000000        0x0 /usr/lib/gcc/avr/5.4.0/avr5/libgcc.a(_muluhisi3.o)
 .text.libgcc.fmul
                0x0000000000000000        0x0 /usr/lib/gcc/avr/5.4.0/avr5/libgcc.a(_muluhisi3.o)
 .text.libgcc.fixed
                0x0000000000000000        0x0 /usr/lib/gcc/avr/5.4.0/avr5/libgcc.a(_muluhisi3.o)
 .text          0x0000000000000000        0x0 /usr/lib/gcc/avr/5.4.0/avr5/libgcc.a(_udivmodhi4.o)
 .data          0x0000000000000000        0x0 /usr/lib/gcc/avr/5.4.0/avr5/libgcc.a(_udivmodhi4.o)
 .bss           0x0000000000000000        0x0 /usr/lib/gcc/avr/5.4.0/avr5/libgcc.a(_udivmodhi4.o)
 .text.libgcc.mul
                0x0000000000000000        0x0 /usr/lib/gcc/avr/5.4.0/avr5/libgcc.a(_udivmodhi4.o)
 .text.libgcc   0x0000000000000000        0x0 /usr/lib/gcc/avr/5.4.0/avr5/libgcc.a(_udivmodhi4.o)
 .text.libgcc.prologue
                0x0000000000000000        0x0 /usr/lib/gcc/avr/5.4.0/avr5/libgcc.a(_udivmodhi4.o)
 .text.libgcc.builtins
                0x0000000000000000        0x0 /usr/lib/gcc/avr/5.4.0/avr5/libgcc.a(_udivmodhi4.o)
 .text.libgcc.fmul
                0x0000000000000000        0x0 /usr/lib/gcc/avr/5.4.0/avr5/libgcc.a(_udivmodhi4.o)
 .text.libgcc.fixed
                0x0000000000000000        0x0 /usr/lib/gcc/avr/5.4.0/avr5/libgcc.a(_udivmodhi4.o)

Memory Configuration

Name             Origin             Length             Attributes
text             0x0000000000000000 0x0000000000008000 xr
data             0x0000000000800060 0x0000000000000800 rw !x
eeprom           0x0000000000810000 0x0000000000000400 rw !x
fuse             0x0000000000820000 0x0000000000000002 rw !x
lock             0x0000000000830000 0x0000000000000400 rw !x
signature        0x0000000000840000 0x0000000000000400 rw !x
user_signatures  0x0000000000850000 0x0000000000000400 rw !x
*default*        0x0000000000000000 0xffffffffffffffff

Linker script and memory map

LOAD /usr/lib/gcc/avr/5.4.0/../../../avr/lib/avr5/crtatmega32a.o
LOAD build/main.o
LOAD build/APP/raspberry_pi_protocol.o
LOAD build/MCAL/DIO/DIO_program.o
LOAD build/MCAL/ADC/ADC_program.o
LOAD build/MCAL/EEPROM/EEPROM_Prg.o
LOAD build/MCAL/GIE/GI_program.o
LOAD build/MCAL/EXIT/EXIT_program.o
LOAD build/MCAL/SPI/SPI.o
LOAD build/MCAL/String/String.o
LOAD build/MCAL/TIMER0/TIMR0_program.o
LOAD build/MCAL/TIMER1/VERSION_2_ULTRA_SONIC/TIMR1_program.o
LOAD build/MCAL/TWI/TWI_program.o
LOAD build/MCAL/UART/UART_program.o
LOAD build/MCAL/WTD/WDT_program.o
LOAD build/HAL/Buzzer/BUZZER_Program.o
LOAD build/HAL/DCM/DCM_program.o
LOAD build/HAL/GPS/GPS_Prg.o
LOAD build/HAL/LCD/LCD_program.o
LOAD build/HAL/LED/LEDS_Program.o
LOAD build/HAL/MPU6050/MPU_Prg.o
LOAD build/HAL/QMC5883L/QMC_Prg.o
LOAD build/HAL/ULTRASO/ULTRASO_program.o
LOAD /usr/lib/gcc/avr/5.4.0/../../../avr/lib/avr5/libm.a
START GROUP
LOAD /usr/lib/gcc/avr/5.4.0/avr5/libgcc.a
LOAD /usr/lib/gcc/avr/5.4.0/../../../avr/lib/avr5/libm.a
LOAD /usr/lib/gcc/avr/5.4.0/../../../avr/lib/avr5/libc.a
LOAD /usr/lib/gcc/avr/5.4.0/../../../avr/lib/avr5/libatmega32a.a
END GROUP
                [0x0000000000000000]                __TEXT_REGION_ORIGIN__ = DEFINED (__TEXT_REGION_ORIGIN__)?__TEXT_REGION_ORIGIN__:0x0
                [0x0000000000800060]                __DATA_REGION_ORIGIN__ = DEFINED (__DATA_REGION_ORIGIN__)?__DATA_REGION_ORIGIN__:0x800060
                [0x0000000000008000]                __TEXT_REGION_LENGTH__ = DEFINED (__TEXT_REGION_LENGTH__)?__TEXT_REGION_LENGTH__:0x20000
                [0x0000000000000800]                __DATA_REGION_LENGTH__ = DEFINED (__DATA_REGION_LENGTH__)?__DATA_REGION_LENGTH__:0xffa0
                [0x0000000000000400]                __EEPROM_REGION_LENGTH__ = DEFINED (__EEPROM_REGION_LENGTH__)?__EEPROM_REGION_LENGTH__:0x10000
                [0x0000000000000002]                __FUSE_REGION_LENGTH__ = DEFINED (__FUSE_REGION_LENGTH__)?__FUSE_REGION_LENGTH__:0x400
                0x0000000000000400                __LOCK_REGION_LENGTH__ = DEFINED (__LOCK_REGION_LENGTH__)?__LOCK_REGION_LENGTH__:0x400
                0x0000000000000400                __SIGNATURE_REGION_LENGTH__ = DEFINED (__SIGNATURE_REGION_LENGTH__)?__SIGNATURE_REGION_LENGTH__:0x400
                0x0000000000000400                __USER_SIGNATURE_REGION_LENGTH__ = DEFINED (__USER_SIGNATURE_REGION_LENGTH__)?__USER_SIGNATURE_REGION_LENGTH__:0x400

.hash
 *(.hash)

.dynsym
 *(.dynsym)

.dynstr
 *(.dynstr)

.gnu.version
 *(.gnu.version)

.gnu.version_d
 *(.gnu.version_d)

.gnu.version_r
 *(.gnu.version_r)

.rel.init
 *(.rel.init)

.rela.init
 *(.rela.init)

.rel.text
 *(.rel.text)
 *(.rel.text.*)
 *(.rel.gnu.linkonce.t*)

.rela.text
 *(.rela.text)
 *(.rela.text.*)
 *(.rela.gnu.linkonce.t*)

.rel.fini
 *(.rel.fini)

.rela.fini
 *(.rela.fini)

.rel.rodata
 *(.rel.rodata)
 *(.rel.rodata.*)
 *(.rel.gnu.linkonce.r*)

.rela.rodata
 *(.rela.rodata)
 *(.rela.rodata.*)
 *(.rela.gnu.linkonce.r*)

.rel.data
 *(.rel.data)
 *(.rel.data.*)
 *(.rel.gnu.linkonce.d*)

.rela.data
 *(.rela.data)
 *(.rela.data.*)
 *(.rela.gnu.linkonce.d*)

.rel.ctors
 *(.rel.ctors)

.rela.ctors
 *(.rela.ctors)

.rel.dtors
 *(.rel.dtors)

.rela.dtors
 *(.rela.dtors)

.rel.got
 *(.rel.got)

.rela.got
 *(.rela.got)

.rel.bss
 *(.rel.bss)

.rela.bss
 *(.rela.bss)

.rel.plt
 *(.rel.plt)

.rela.plt
 *(.rela.plt)

.text           0x0000000000000000     0x2260
 *(.vectors)
 .vectors       0x0000000000000000       0x54 /usr/lib/gcc/avr/5.4.0/../../../avr/lib/avr5/crtatmega32a.o
                0x0000000000000000                __vectors
                0x0000000000000000                __vector_default
 *(.vectors)
 *(.progmem.gcc*)
 .progmem.gcc_sw_table.WDT_Start
                0x0000000000000054        0xe build/MCAL/WTD/WDT_program.o
 .progmem.gcc_sw_table.Process_Data
                0x0000000000000062       0x10 build/HAL/GPS/GPS_Prg.o
 .progmem.gcc_fplib
                0x0000000000000072       0x2d /usr/lib/gcc/avr/5.4.0/../../../avr/lib/avr5/libm.a(atan.o)
                0x00000000000000a0                . = ALIGN (0x2)
 *fill*         0x000000000000009f        0x1 
                0x00000000000000a0                __trampolines_start = .
 *(.trampolines)
 .trampolines   0x00000000000000a0        0x0 linker stubs
 *(.trampolines*)
                0x00000000000000a0                __trampolines_end = .
 *libprintf_flt.a:*(.progmem.data)
 *libc.a:*(.progmem.data)
 *(.progmem*)
                0x00000000000000a0                . = ALIGN (0x2)
 *(.jumptables)
 *(.jumptables*)
 *(.lowtext)
 *(.lowtext*)
                0x00000000000000a0                __ctors_start = .
 *(.ctors)
                0x00000000000000a0                __ctors_end = .
                0x00000000000000a0                __dtors_start = .
 *(.dtors)
                0x00000000000000a0                __dtors_end = .
 SORT(*)(.ctors)
 SORT(*)(.dtors)
 *(.init0)
 .init0         0x00000000000000a0        0x0 /usr/lib/gcc/avr/5.4.0/../../../avr/lib/avr5/crtatmega32a.o
                0x00000000000000a0                __init
 *(.init0)
 *(.init1)
 *(.init1)
 *(.init2)
 .init2         0x00000000000000a0        0xc /usr/lib/gcc/avr/5.4.0/../../../avr/lib/avr5/crtatmega32a.o
 *(.init2)
 *(.init3)
 *(.init3)
 *(.init4)
 .init4         0x00000000000000ac       0x16 /usr/lib/gcc/avr/5.4.0/avr5/libgcc.a(_copy_data.o)
                0x00000000000000ac                __do_copy_data
 .init4         0x00000000000000c2       0x10 /usr/lib/gcc/avr/5.4.0/avr5/libgcc.a(_clear_bss.o)
                0x00000000000000c2                __do_clear_bss
 *(.init4)
 *(.init5)
 *(.init5)
 *(.init6)
 *(.init6)
 *(.init7)
 *(.init7)
 *(.init8)
 *(.init8)
 *(.init9)
 .init9         0x00000000000000d2        0x8 /usr/lib/gcc/avr/5.4.0/../../../avr/lib/avr5/crtatmega32a.o
 *(.init9)
 *(.text)
 .text          0x00000000000000da        0x4 /usr/lib/gcc/avr/5.4.0/../../../avr/lib/avr5/crtatmega32a.o
                0x00000000000000da                __vector_12
                0x00000000000000da                __bad_interrupt
                0x00000000000000da                __vector_6
                0x00000000000000da                __vector_3
                0x00000000000000da                __vector_19
                0x00000000000000da                __vector_7
                0x00000000000000da                __vector_5
                0x00000000000000da                __vector_4
                0x00000000000000da                __vector_9
                0x00000000000000da                __vector_2
                0x00000000000000da                __vector_15
                0x00000000000000da                __vector_8
                0x00000000000000da                __vector_14
                0x00000000000000da                __vector_16
                0x00000000000000da                __vector_18
                0x00000000000000da                __vector_20
                0x00000000000000de                . = ALIGN (0x2)
 *(.text.*)
 .text.__vector_13
                0x00000000000000de       0x24 build/main.o
                0x00000000000000de                __vector_13
 .text.System_Init
                0x0000000000000102       0x30 build/main.o
                0x0000000000000102                System_Init
 .text.Update_Sensors_Periodic
                0x0000000000000132       0x90 build/main.o
                0x0000000000000132                Update_Sensors_Periodic
 .text.startup.main
                0x00000000000001c2       0x2a build/main.o
                0x00000000000001c2                main
 .text.Protocol_Init
                0x00000000000001ec       0x9c build/APP/raspberry_pi_protocol.o
                0x00000000000001ec                Protocol_Init
 .text.Protocol_CalculateChecksum
                0x0000000000000288       0x16 build/APP/raspberry_pi_protocol.o
                0x0000000000000288                Protocol_CalculateChecksum
 .text.Protocol_SendPacket
                0x000000000000029e       0x72 build/APP/raspberry_pi_protocol.o
                0x000000000000029e                Protocol_SendPacket
 .text.Protocol_SendAck
                0x0000000000000310        0xc build/APP/raspberry_pi_protocol.o
                0x0000000000000310                Protocol_SendAck
 .text.Protocol_SendNack
                0x000000000000031c        0xc build/APP/raspberry_pi_protocol.o
                0x000000000000031c                Protocol_SendNack
 .text.Protocol_SendGPSData
                0x0000000000000328        0xa build/APP/raspberry_pi_protocol.o
                0x0000000000000328                Protocol_SendGPSData
 .text.Protocol_SendIMUData
                0x0000000000000332        0xa build/APP/raspberry_pi_protocol.o
                0x0000000000000332                Protocol_SendIMUData
 .text.Protocol_SendUltrasonicData
                0x000000000000033c        0xa build/APP/raspberry_pi_protocol.o
                0x000000000000033c                Protocol_SendUltrasonicData
 .text.Protocol_SendSystemStatus
                0x0000000000000346        0xa build/APP/raspberry_pi_protocol.o
                0x0000000000000346                Protocol_SendSystemStatus
 .text.Handle_MotorSetSpeed
                0x0000000000000350       0x2a build/APP/raspberry_pi_protocol.o
                0x0000000000000350                Handle_MotorSetSpeed
 .text.Handle_EmergencyStop
                0x000000000000037a        0xa build/APP/raspberry_pi_protocol.o
                0x000000000000037a                Handle_EmergencyStop
 .text.Handle_GPSRequest
                0x0000000000000384       0x76 build/APP/raspberry_pi_protocol.o
                0x0000000000000384                Handle_GPSRequest
 .text.Handle_IMURequest
                0x00000000000003fa      0x214 build/APP/raspberry_pi_protocol.o
                0x00000000000003fa                Handle_IMURequest
 .text.Handle_UltrasonicRequest
                0x000000000000060e      0x168 build/APP/raspberry_pi_protocol.o
                0x000000000000060e                Handle_UltrasonicRequest
 .text.Handle_SystemStatusRequest
                0x0000000000000776       0x38 build/APP/raspberry_pi_protocol.o
                0x0000000000000776                Handle_SystemStatusRequest
 .text.Handle_LEDControl
                0x00000000000007ae       0x10 build/APP/raspberry_pi_protocol.o
                0x00000000000007ae                Handle_LEDControl
 .text.Handle_BuzzerControl
                0x00000000000007be        0xa build/APP/raspberry_pi_protocol.o
                0x00000000000007be                Handle_BuzzerControl
 .text.Handle_Reset
                0x00000000000007c8       0x1e build/APP/raspberry_pi_protocol.o
                0x00000000000007c8                Handle_Reset
 .text.Protocol_ProcessByte
                0x00000000000007e6      0x152 build/APP/raspberry_pi_protocol.o
                0x00000000000007e6                Protocol_ProcessByte
 .text.Protocol_UpdateUptime
                0x0000000000000938       0x28 build/APP/raspberry_pi_protocol.o
                0x0000000000000938                Protocol_UpdateUptime
 .text.DIO_setPinDirection
                0x0000000000000960       0xc8 build/MCAL/DIO/DIO_program.o
                0x0000000000000960                DIO_setPinDirection
 .text.DIO_setPinValue
                0x0000000000000a28       0xc8 build/MCAL/DIO/DIO_program.o
                0x0000000000000a28                DIO_setPinValue
 .text.__vector_17
                0x0000000000000af0       0x52 build/MCAL/EEPROM/EEPROM_Prg.o
                0x0000000000000af0                __vector_17
 .text.__vector_1
                0x0000000000000b42       0x52 build/MCAL/EXIT/EXIT_program.o
                0x0000000000000b42                __vector_1
 .text.string_length
                0x0000000000000b94       0x16 build/MCAL/String/String.o
                0x0000000000000b94                string_length
 .text.string_compare
                0x0000000000000baa       0x18 build/MCAL/String/String.o
                0x0000000000000baa                string_compare
 .text.TIMR0_INTI
                0x0000000000000bc2       0x1a build/MCAL/TIMER0/TIMR0_program.o
                0x0000000000000bc2                TIMR0_INTI
 .text.TIMR0_Start
                0x0000000000000bdc       0x14 build/MCAL/TIMER0/TIMR0_program.o
                0x0000000000000bdc                TIMR0_Start
 .text.TIMR0_DutyCycle
                0x0000000000000bf0       0x16 build/MCAL/TIMER0/TIMR0_program.o
                0x0000000000000bf0                TIMR0_DutyCycle
 .text.__vector_11
                0x0000000000000c06       0x76 build/MCAL/TIMER0/TIMR0_program.o
                0x0000000000000c06                __vector_11
 .text.__vector_10
                0x0000000000000c7c       0x7a build/MCAL/TIMER0/TIMR0_program.o
                0x0000000000000c7c                __vector_10
 .text.TIMR1_INITI
                0x0000000000000cf6       0x32 build/MCAL/TIMER1/VERSION_2_ULTRA_SONIC/TIMR1_program.o
                0x0000000000000cf6                TIMR1_INITI
 .text.TIMR1_Input_Capture
                0x0000000000000d28       0x1e build/MCAL/TIMER1/VERSION_2_ULTRA_SONIC/TIMR1_program.o
                0x0000000000000d28                TIMR1_Input_Capture
 .text.TIMR1_Start
                0x0000000000000d46       0x14 build/MCAL/TIMER1/VERSION_2_ULTRA_SONIC/TIMR1_program.o
                0x0000000000000d46                TIMR1_Start
 .text.TIMR1_Stop
                0x0000000000000d5a       0x14 build/MCAL/TIMER1/VERSION_2_ULTRA_SONIC/TIMR1_program.o
                0x0000000000000d5a                TIMR1_Stop
 .text.TWI_initMaster
                0x0000000000000d6e       0x16 build/MCAL/TWI/TWI_program.o
                0x0000000000000d6e                TWI_initMaster
 .text.TWI_sendStartCondition
                0x0000000000000d84       0x1c build/MCAL/TWI/TWI_program.o
                0x0000000000000d84                TWI_sendStartCondition
 .text.TWI_sendStopCondition
                0x0000000000000da0        0xe build/MCAL/TWI/TWI_program.o
                0x0000000000000da0                TWI_sendStopCondition
 .text.TWI_sendMasterDataByte
                0x0000000000000dae       0x18 build/MCAL/TWI/TWI_program.o
                0x0000000000000dae                TWI_sendMasterDataByte
 .text.TWI_receiveMasterDataByteAck
                0x0000000000000dc6       0x20 build/MCAL/TWI/TWI_program.o
                0x0000000000000dc6                TWI_receiveMasterDataByteAck
 .text.TWI_receiveMasterDataByteNack
                0x0000000000000de6       0x2c build/MCAL/TWI/TWI_program.o
                0x0000000000000de6                TWI_receiveMasterDataByteNack
 .text.TWI_start
                0x0000000000000e12        0x4 build/MCAL/TWI/TWI_program.o
                0x0000000000000e12                TWI_start
 .text.TWI_stop
                0x0000000000000e16        0x4 build/MCAL/TWI/TWI_program.o
                0x0000000000000e16                TWI_stop
 .text.TWI_writeByte
                0x0000000000000e1a        0x4 build/MCAL/TWI/TWI_program.o
                0x0000000000000e1a                TWI_writeByte
 .text.TWI_readByteWithACK
                0x0000000000000e1e       0x1c build/MCAL/TWI/TWI_program.o
                0x0000000000000e1e                TWI_readByteWithACK
 .text.TWI_readByteWithNACK
                0x0000000000000e3a       0x1c build/MCAL/TWI/TWI_program.o
                0x0000000000000e3a                TWI_readByteWithNACK
 .text.UART_INTI
                0x0000000000000e56       0x12 build/MCAL/UART/UART_program.o
                0x0000000000000e56                UART_INTI
 .text.UART_TX_Char
                0x0000000000000e68        0x8 build/MCAL/UART/UART_program.o
                0x0000000000000e68                UART_TX_Char
 .text.UART_Init
                0x0000000000000e70        0x4 build/MCAL/UART/UART_program.o
                0x0000000000000e70                UART_Init
 .text.UART_SendByte
                0x0000000000000e74        0x4 build/MCAL/UART/UART_program.o
                0x0000000000000e74                UART_SendByte
 .text.UART_Read
                0x0000000000000e78        0x8 build/MCAL/UART/UART_program.o
                0x0000000000000e78                UART_Read
 .text.WDT_Start
                0x0000000000000e80       0x68 build/MCAL/WTD/WDT_program.o
                0x0000000000000e80                WDT_Start
 .text.WDT_Enable
                0x0000000000000ee8        0x4 build/MCAL/WTD/WDT_program.o
                0x0000000000000ee8                WDT_Enable
 .text.BUZZER_Init
                0x0000000000000eec        0xa build/HAL/Buzzer/BUZZER_Program.o
                0x0000000000000eec                BUZZER_Init
 .text.BUZZER_ON
                0x0000000000000ef6        0xa build/HAL/Buzzer/BUZZER_Program.o
                0x0000000000000ef6                BUZZER_ON
 .text.BUZZER_OFF
                0x0000000000000f00        0xa build/HAL/Buzzer/BUZZER_Program.o
                0x0000000000000f00                BUZZER_OFF
 .text.DCM_OFF.part.1
                0x0000000000000f0a       0x46 build/HAL/DCM/DCM_program.o
 .text.DCM_Inti_Motor_C
                0x0000000000000f50       0x3c build/HAL/DCM/DCM_program.o
                0x0000000000000f50                DCM_Inti_Motor_C
 .text.DCM_Inti_Motor_D
                0x0000000000000f8c       0x3c build/HAL/DCM/DCM_program.o
                0x0000000000000f8c                DCM_Inti_Motor_D
 .text.DCM_Init_All
                0x0000000000000fc8       0x22 build/HAL/DCM/DCM_program.o
                0x0000000000000fc8                DCM_Init_All
 .text.DCM_Speed
                0x0000000000000fea       0x88 build/HAL/DCM/DCM_program.o
                0x0000000000000fea                DCM_Speed
 .text.DCM_Group1_Speed
                0x0000000000001072       0x1e build/HAL/DCM/DCM_program.o
                0x0000000000001072                DCM_Group1_Speed
 .text.DCM_Group2_Speed
                0x0000000000001090       0x1e build/HAL/DCM/DCM_program.o
                0x0000000000001090                DCM_Group2_Speed
 .text.DCM_All_OFF
                0x00000000000010ae       0x18 build/HAL/DCM/DCM_program.o
                0x00000000000010ae                DCM_All_OFF
 .text.DCM_Stop
                0x00000000000010c6        0x4 build/HAL/DCM/DCM_program.o
                0x00000000000010c6                DCM_Stop
 .text.GPS_Init
                0x00000000000010ca        0x4 build/HAL/GPS/GPS_Prg.o
                0x00000000000010ca                GPS_Init
 .text.Read_UART
                0x00000000000010ce       0x40 build/HAL/GPS/GPS_Prg.o
                0x00000000000010ce                Read_UART
 .text.check_GPRMC
                0x000000000000110e       0x48 build/HAL/GPS/GPS_Prg.o
                0x000000000000110e                check_GPRMC
 .text.GPS_parseCoordinate
                0x0000000000001156      0x10c build/HAL/GPS/GPS_Prg.o
                0x0000000000001156                GPS_parseCoordinate
 .text.convertToDegree
                0x0000000000001262       0x7e build/HAL/GPS/GPS_Prg.o
                0x0000000000001262                convertToDegree
 .text.Process_Data
                0x00000000000012e0       0xcc build/HAL/GPS/GPS_Prg.o
                0x00000000000012e0                Process_Data
 .text.Extract_Comma
                0x00000000000013ac       0xaa build/HAL/GPS/GPS_Prg.o
                0x00000000000013ac                Extract_Comma
 .text.GPS_ReadData
                0x0000000000001456       0x52 build/HAL/GPS/GPS_Prg.o
                0x0000000000001456                GPS_ReadData
 .text.LED_Init
                0x00000000000014a8       0x1e build/HAL/LED/LEDS_Program.o
                0x00000000000014a8                LED_Init
 .text.LED_ON   0x00000000000014c6       0x20 build/HAL/LED/LEDS_Program.o
                0x00000000000014c6                LED_ON
 .text.LED_OFF  0x00000000000014e6       0x20 build/HAL/LED/LEDS_Program.o
                0x00000000000014e6                LED_OFF
 .text.MPU_Write
                0x0000000000001506       0x2c build/HAL/MPU6050/MPU_Prg.o
                0x0000000000001506                MPU_Write
 .text.MPU_Init
                0x0000000000001532       0x40 build/HAL/MPU6050/MPU_Prg.o
                0x0000000000001532                MPU_Init
 .text.MPU_Readall
                0x0000000000001572       0xf0 build/HAL/MPU6050/MPU_Prg.o
                0x0000000000001572                MPU_Readall
 .text.MPU_Conv
                0x0000000000001662      0x186 build/HAL/MPU6050/MPU_Prg.o
                0x0000000000001662                MPU_Conv
 .text.MPU6050_EnableBypassMode
                0x00000000000017e8       0x68 build/HAL/MPU6050/MPU_Prg.o
                0x00000000000017e8                MPU6050_EnableBypassMode
 .text.QMC5883L_Init
                0x0000000000001850       0x28 build/HAL/QMC5883L/QMC_Prg.o
                0x0000000000001850                QMC5883L_Init
 .text.QMC5883L_Read
                0x0000000000001878       0x72 build/HAL/QMC5883L/QMC_Prg.o
                0x0000000000001878                QMC5883L_Read
 .text.QMC5883L_CalculateHeading
                0x00000000000018ea       0x8a build/HAL/QMC5883L/QMC_Prg.o
                0x00000000000018ea                QMC5883L_CalculateHeading
 .text.ULTRAS_INITI
                0x0000000000001974       0x32 build/HAL/ULTRASO/ULTRASO_program.o
                0x0000000000001974                ULTRAS_INITI
 .text.ULTRAS_TRIG
                0x00000000000019a6       0x6e build/HAL/ULTRASO/ULTRASO_program.o
                0x00000000000019a6                ULTRAS_TRIG
 .text.ULTRAS_Read
                0x0000000000001a14      0x106 build/HAL/ULTRASO/ULTRASO_program.o
                0x0000000000001a14                ULTRAS_Read
 .text.avr-libc.fplib
                0x0000000000001b1a        0xe /usr/lib/gcc/avr/5.4.0/../../../avr/lib/avr5/libm.a(addsf3.o)
                0x0000000000001b1a                __subsf3
                0x0000000000001b1c                __addsf3
 .text.avr-libc.fplib
                0x0000000000001b28       0xcc /usr/lib/gcc/avr/5.4.0/../../../avr/lib/avr5/libm.a(addsf3x.o)
                0x0000000000001b4a                __addsf3x
 .text.avr-libc.fplib
                0x0000000000001bf4       0x86 /usr/lib/gcc/avr/5.4.0/../../../avr/lib/avr5/libm.a(atan2.o)
                0x0000000000001c1a                atan2
 .text.avr-libc.fplib
                0x0000000000001c7a       0x5e /usr/lib/gcc/avr/5.4.0/../../../avr/lib/avr5/libm.a(atan.o)
                0x0000000000001c7a                atan
 .text.avr-libc.fplib
                0x0000000000001cd8        0xa /usr/lib/gcc/avr/5.4.0/../../../avr/lib/avr5/libm.a(cmpsf2.o)
                0x0000000000001cd8                __lesf2
                0x0000000000001cd8                __nesf2
                0x0000000000001cd8                __eqsf2
                0x0000000000001cd8                __cmpsf2
                0x0000000000001cd8                __ltsf2
 .text.avr-libc.fplib
                0x0000000000001ce2        0x8 /usr/lib/gcc/avr/5.4.0/../../../avr/lib/avr5/libm.a(divsf3.o)
                0x0000000000001ce2                __divsf3
 .text.avr-libc.fplib
                0x0000000000001cea       0xdc /usr/lib/gcc/avr/5.4.0/../../../avr/lib/avr5/libm.a(divsf3x.o)
                0x0000000000001d0a                __divsf3x
                0x0000000000001d10                __divsf3_pse
 .text.avr-libc.fplib
                0x0000000000001dc6       0x5e /usr/lib/gcc/avr/5.4.0/../../../avr/lib/avr5/libm.a(fixunssfsi.o)
                0x0000000000001dc6                __fixunssfsi
 .text.avr-libc.fplib
                0x0000000000001e24       0x7a /usr/lib/gcc/avr/5.4.0/../../../avr/lib/avr5/libm.a(floatsisf.o)
                0x0000000000001e24                __floatunsisf
                0x0000000000001e28                __floatsisf
 .text.avr-libc.fplib
                0x0000000000001e9e       0x48 /usr/lib/gcc/avr/5.4.0/../../../avr/lib/avr5/libm.a(fp_cmp.o)
                0x0000000000001e9e                __fp_cmp
 .text.avr-libc.fplib
                0x0000000000001ee6        0xc /usr/lib/gcc/avr/5.4.0/../../../avr/lib/avr5/libm.a(fp_inf.o)
                0x0000000000001ee6                __fp_inf
 .text.avr-libc.fplib
                0x0000000000001ef2        0x6 /usr/lib/gcc/avr/5.4.0/../../../avr/lib/avr5/libm.a(fp_nan.o)
                0x0000000000001ef2                __fp_nan
 .text.avr-libc.fplib
                0x0000000000001ef8       0x4e /usr/lib/gcc/avr/5.4.0/../../../avr/lib/avr5/libm.a(fp_powser.o)
                0x0000000000001ef8                __fp_powser
 .text.avr-libc.fplib
                0x0000000000001f46        0xe /usr/lib/gcc/avr/5.4.0/../../../avr/lib/avr5/libm.a(fp_pscA.o)
                0x0000000000001f46                __fp_pscA
 .text.avr-libc.fplib
                0x0000000000001f54        0xe /usr/lib/gcc/avr/5.4.0/../../../avr/lib/avr5/libm.a(fp_pscB.o)
                0x0000000000001f54                __fp_pscB
 .text.avr-libc.fplib
                0x0000000000001f62       0x22 /usr/lib/gcc/avr/5.4.0/../../../avr/lib/avr5/libm.a(fp_round.o)
                0x0000000000001f62                __fp_round
 .text.avr-libc.fplib
                0x0000000000001f84       0x44 /usr/lib/gcc/avr/5.4.0/../../../avr/lib/avr5/libm.a(fp_split3.o)
                0x0000000000001f84                __fp_split3
                0x0000000000001f94                __fp_splitA
 .text.avr-libc.fplib
                0x0000000000001fc8        0xe /usr/lib/gcc/avr/5.4.0/../../../avr/lib/avr5/libm.a(fp_zero.o)
                0x0000000000001fc8                __fp_zero
                0x0000000000001fca                __fp_szero
 .text.avr-libc.fplib
                0x0000000000001fd6        0xa /usr/lib/gcc/avr/5.4.0/../../../avr/lib/avr5/libm.a(gesf2.o)
                0x0000000000001fd6                __gtsf2
                0x0000000000001fd6                __gesf2
 .text.avr-libc.fplib
                0x0000000000001fe0       0x10 /usr/lib/gcc/avr/5.4.0/../../../avr/lib/avr5/libm.a(inverse.o)
                0x0000000000001fe0                inverse
 .text.avr-libc.fplib
                0x0000000000001ff0        0x8 /usr/lib/gcc/avr/5.4.0/../../../avr/lib/avr5/libm.a(mulsf3.o)
                0x0000000000001ff0                __mulsf3
 .text.avr-libc.fplib
                0x0000000000001ff8       0xd2 /usr/lib/gcc/avr/5.4.0/../../../avr/lib/avr5/libm.a(mulsf3x.o)
                0x0000000000002016                __mulsf3x
                0x000000000000201c                __mulsf3_pse
 .text.avr-libc.fplib
                0x00000000000020ca       0x8c /usr/lib/gcc/avr/5.4.0/../../../avr/lib/avr5/libm.a(sqrt.o)
                0x00000000000020d6                sqrt
                0x00000000000020d6                sqrtf
 .text.avr-libc.fplib
                0x0000000000002156        0x8 /usr/lib/gcc/avr/5.4.0/../../../avr/lib/avr5/libm.a(square.o)
                0x0000000000002156                square
 .text.avr-libc.fplib
                0x000000000000215e       0x1c /usr/lib/gcc/avr/5.4.0/../../../avr/lib/avr5/libm.a(fp_mpack.o)
                0x000000000000215e                __fp_mpack
                0x0000000000002162                __fp_mpack_finite
 .text.avr-libc.fplib
                0x000000000000217a        0xe /usr/lib/gcc/avr/5.4.0/../../../avr/lib/avr5/libm.a(fp_norm2.o)
                0x000000000000217a                __fp_norm2
 .text.libgcc.div
                0x0000000000002188       0x28 /usr/lib/gcc/avr/5.4.0/avr5/libgcc.a(_divmodhi4.o)
                0x0000000000002188                __divmodhi4
                0x0000000000002188                _div
 .text.libgcc.div
                0x00000000000021b0       0x44 /usr/lib/gcc/avr/5.4.0/avr5/libgcc.a(_udivmodsi4.o)
                0x00000000000021b0                __udivmodsi4
 .text.libgcc   0x00000000000021f4        0xc /usr/lib/gcc/avr/5.4.0/avr5/libgcc.a(_tablejump2.o)
                0x00000000000021f4                __tablejump2__
 .text.libgcc.mul
                0x0000000000002200       0x1e /usr/lib/gcc/avr/5.4.0/avr5/libgcc.a(_umulhisi3.o)
                0x0000000000002200                __umulhisi3
 .text.libgcc.mul
                0x000000000000221e       0x16 /usr/lib/gcc/avr/5.4.0/avr5/libgcc.a(_muluhisi3.o)
                0x000000000000221e                __muluhisi3
 .text.libgcc.div
                0x0000000000002234       0x28 /usr/lib/gcc/avr/5.4.0/avr5/libgcc.a(_udivmodhi4.o)
                0x0000000000002234                __udivmodhi4
                0x000000000000225c                . = ALIGN (0x2)
 *(.fini9)
 .fini9         0x000000000000225c        0x0 /usr/lib/gcc/avr/5.4.0/avr5/libgcc.a(_exit.o)
                0x000000000000225c                exit
                0x000000000000225c                _exit
 *(.fini9)
 *(.fini8)
 *(.fini8)
 *(.fini7)
 *(.fini7)
 *(.fini6)
 *(.fini6)
 *(.fini5)
 *(.fini5)
 *(.fini4)
 *(.fini4)
 *(.fini3)
 *(.fini3)
 *(.fini2)
 *(.fini2)
 *(.fini1)
 *(.fini1)
 *(.fini0)
 .fini0         0x000000000000225c        0x4 /usr/lib/gcc/avr/5.4.0/avr5/libgcc.a(_exit.o)
 *(.fini0)
                0x0000000000002260                _etext = .

.data           0x0000000000800060        0x8 load address 0x0000000000002260
                0x0000000000800060                PROVIDE (__data_start, .)
 *(.data)
 *(.data*)
 *(.gnu.linkonce.d*)
 *(.rodata)
 *(.rodata*)
 .rodata.str1.1
                0x0000000000800060        0x7 build/HAL/GPS/GPS_Prg.o
 *(.gnu.linkonce.r*)
                0x0000000000800068                . = ALIGN (0x2)
 *fill*         0x0000000000800067        0x1 
                0x0000000000800068                _edata = .
                0x0000000000800068                PROVIDE (__data_end, .)

.bss            0x0000000000800068       0xf5
                0x0000000000800068                PROVIDE (__bss_start, .)
 *(.bss)
 *(.bss*)
 .bss.last_sensor_update.2247
                0x0000000000800068        0x4 build/main.o
 .bss.tick_counter.2248
                0x000000000080006c        0x4 build/main.o
 .bss.uart_byte
                0x0000000000800070        0x1 build/main.o
                0x0000000000800070                uart_byte
 .bss.uart_data_received
                0x0000000000800071        0x1 build/main.o
                0x0000000000800071                uart_data_received
 .bss.system_uptime
                0x0000000000800072        0x4 build/APP/raspberry_pi_protocol.o
 .bss.system_status
                0x0000000000800076        0xa build/APP/raspberry_pi_protocol.o
 .bss.current_ultrasonic
                0x0000000000800080       0x10 build/APP/raspberry_pi_protocol.o
 .bss.current_imu
                0x0000000000800090       0x30 build/APP/raspberry_pi_protocol.o
 .bss.current_gps
                0x00000000008000c0       0x13 build/APP/raspberry_pi_protocol.o
 .bss.rx_index  0x00000000008000d3        0x1 build/APP/raspberry_pi_protocol.o
 .bss.rx_data   0x00000000008000d4       0x40 build/APP/raspberry_pi_protocol.o
 .bss.rx_length
                0x0000000000800114        0x1 build/APP/raspberry_pi_protocol.o
 .bss.rx_cmd    0x0000000000800115        0x1 build/APP/raspberry_pi_protocol.o
 .bss.rx_state  0x0000000000800116        0x1 build/APP/raspberry_pi_protocol.o
 .bss.eeprom_ready
                0x0000000000800117        0x2 build/MCAL/EEPROM/EEPROM_Prg.o
 .bss.Private_PCallBack
                0x0000000000800119        0x2 build/MCAL/EXIT/EXIT_program.o
 .bss.CTCCounter.1644
                0x000000000080011b        0x2 build/MCAL/TIMER0/TIMR0_program.o
 .bss.OVFCounter.1638
                0x000000000080011d        0x2 build/MCAL/TIMER0/TIMR0_program.o
 .bss.TIMR0_CTC_COUNTER
                0x000000000080011f        0x2 build/MCAL/TIMER0/TIMR0_program.o
 .bss.Private_PCallBackCTC
                0x0000000000800121        0x2 build/MCAL/TIMER0/TIMR0_program.o
 .bss.Private_PCallBackOVF
                0x0000000000800123        0x2 build/MCAL/TIMER0/TIMR0_program.o
 *(COMMON)
 COMMON         0x0000000000800125       0x38 build/HAL/MPU6050/MPU_Prg.o
                0x0000000000800125                arr
                0x0000000000800133                GYZ
                0x0000000000800135                ACCY
                0x0000000000800137                GY
                0x000000000080013b                AY
                0x000000000080013f                T
                0x0000000000800141                GYX
                0x0000000000800143                GZ
                0x0000000000800147                ACCX
                0x0000000000800149                GYY
                0x000000000080014b                AZ
                0x000000000080014f                ACCZ
                0x0000000000800151                GX
                0x0000000000800155                TEM
                0x0000000000800159                AX
                0x000000000080015d                PROVIDE (__bss_end, .)
                0x0000000000002260                __data_load_start = LOADADDR (.data)
                0x0000000000002268                __data_load_end = (__data_load_start + SIZEOF (.data))

.noinit         0x000000000080015d        0x0
                [!provide]                        PROVIDE (__noinit_start, .)
 *(.noinit*)
                [!provide]                        PROVIDE (__noinit_end, .)
                0x000000000080015d                _end = .
                [!provide]                        PROVIDE (__heap_start, .)

.eeprom         0x0000000000810000        0x0
 *(.eeprom*)
                0x0000000000810000                __eeprom_end = .

.fuse
 *(.fuse)
 *(.lfuse)
 *(.hfuse)
 *(.efuse)

.lock
 *(.lock*)

.signature
 *(.signature*)

.user_signatures
 *(.user_signatures*)

.stab
 *(.stab)

.stabstr
 *(.stabstr)

.stab.excl
 *(.stab.excl)

.stab.exclstr
 *(.stab.exclstr)

.stab.index
 *(.stab.index)

.stab.indexstr
 *(.stab.indexstr)

.comment        0x0000000000000000       0x11
 *(.comment)
 .comment       0x0000000000000000       0x11 build/main.o
                                         0x12 (size before relaxing)
 .comment       0x0000000000000011       0x12 build/APP/raspberry_pi_protocol.o
 .comment       0x0000000000000011       0x12 build/MCAL/DIO/DIO_program.o
 .comment       0x0000000000000011       0x12 build/MCAL/EEPROM/EEPROM_Prg.o
 .comment       0x0000000000000011       0x12 build/MCAL/EXIT/EXIT_program.o
 .comment       0x0000000000000011       0x12 build/MCAL/String/String.o
 .comment       0x0000000000000011       0x12 build/MCAL/TIMER0/TIMR0_program.o
 .comment       0x0000000000000011       0x12 build/MCAL/TIMER1/VERSION_2_ULTRA_SONIC/TIMR1_program.o
 .comment       0x0000000000000011       0x12 build/MCAL/TWI/TWI_program.o
 .comment       0x0000000000000011       0x12 build/MCAL/UART/UART_program.o
 .comment       0x0000000000000011       0x12 build/MCAL/WTD/WDT_program.o
 .comment       0x0000000000000011       0x12 build/HAL/Buzzer/BUZZER_Program.o
 .comment       0x0000000000000011       0x12 build/HAL/DCM/DCM_program.o
 .comment       0x0000000000000011       0x12 build/HAL/GPS/GPS_Prg.o
 .comment       0x0000000000000011       0x12 build/HAL/LED/LEDS_Program.o
 .comment       0x0000000000000011       0x12 build/HAL/MPU6050/MPU_Prg.o
 .comment       0x0000000000000011       0x12 build/HAL/QMC5883L/QMC_Prg.o
 .comment       0x0000000000000011       0x12 build/HAL/ULTRASO/ULTRASO_program.o

.note.gnu.avr.deviceinfo
                0x0000000000000000       0x3c
 .note.gnu.avr.deviceinfo
                0x0000000000000000       0x3c /usr/lib/gcc/avr/5.4.0/../../../avr/lib/avr5/crtatmega32a.o

.note.gnu.build-id
 *(.note.gnu.build-id)

.debug
 *(.debug)

.line
 *(.line)

.debug_srcinfo
 *(.debug_srcinfo)

.debug_sfnames
 *(.debug_sfnames)

.debug_aranges
 *(.debug_aranges)

.debug_pubnames
 *(.debug_pubnames)

.debug_info     0x0000000000000000      0x4e6
 *(.debug_info .gnu.linkonce.wi.*)
 .debug_info    0x0000000000000000      0x4e6 /usr/lib/gcc/avr/5.4.0/../../../avr/lib/avr5/crtatmega32a.o

.debug_abbrev   0x0000000000000000      0x4a3
 *(.debug_abbrev)
 .debug_abbrev  0x0000000000000000      0x4a3 /usr/lib/gcc/avr/5.4.0/../../../avr/lib/avr5/crtatmega32a.o

.debug_line     0x0000000000000000       0x1a
 *(.debug_line .debug_line.* .debug_line_end)
 .debug_line    0x0000000000000000       0x1a /usr/lib/gcc/avr/5.4.0/../../../avr/lib/avr5/crtatmega32a.o

.debug_frame
 *(.debug_frame)

.debug_str      0x0000000000000000      0x196
 *(.debug_str)
 .debug_str     0x0000000000000000      0x196 /usr/lib/gcc/avr/5.4.0/../../../avr/lib/avr5/crtatmega32a.o

.debug_loc
 *(.debug_loc)

.debug_macinfo
 *(.debug_macinfo)

.debug_weaknames
 *(.debug_weaknames)

.debug_funcnames
 *(.debug_funcnames)

.debug_typenames
 *(.debug_typenames)

.debug_varnames
 *(.debug_varnames)

.debug_pubtypes
 *(.debug_pubtypes)

.debug_ranges
 *(.debug_ranges)

.debug_macro
 *(.debug_macro)
OUTPUT(build/sdv_atmega32a.elf elf32-avr)
LOAD linker stubs
